

================================================================
== Vivado HLS Report for 'accel_in_circle'
================================================================
* Date:           Thu Jun 11 16:57:16 2020

* Version:        2019.2 (Build 2704478 on Wed Nov 06 22:10:23 MST 2019)
* Project:        fidelta_float8
* Solution:       solution1
* Product family: virtexuplus
* Target device:  xcu200-fsgd2104-2-e


================================================================
== Performance Estimates
================================================================
+ Timing: 
    * Summary: 
    +--------+----------+----------+------------+
    |  Clock |  Target  | Estimated| Uncertainty|
    +--------+----------+----------+------------+
    |ap_clk  | 10.00 ns | 7.300 ns |   2.70 ns  |
    +--------+----------+----------+------------+

+ Latency: 
    * Summary: 
    +---------+---------+----------+----------+-----+-----+---------+
    |  Latency (cycles) |  Latency (absolute) |  Interval | Pipeline|
    |   min   |   max   |    min   |    max   | min | max |   Type  |
    +---------+---------+----------+----------+-----+-----+---------+
    |      291|      291| 2.910 us | 2.910 us |  291|  291|   none  |
    +---------+---------+----------+----------+-----+-----+---------+

    + Detail: 
        * Instance: 
        N/A

        * Loop: 
        +------------+---------+---------+----------+-----------+-----------+------+----------+
        |            |  Latency (cycles) | Iteration|  Initiation Interval  | Trip |          |
        |  Loop Name |   min   |   max   |  Latency |  achieved |   target  | Count| Pipelined|
        +------------+---------+---------+----------+-----------+-----------+------+----------+
        |- mainloop  |      278|      278|        47|          8|          1|    30|    yes   |
        +------------+---------+---------+----------+-----------+-----------+------+----------+



================================================================
== Utilization Estimates
================================================================
* Summary: 
+---------------------+---------+-------+---------+---------+-----+
|         Name        | BRAM_18K| DSP48E|    FF   |   LUT   | URAM|
+---------------------+---------+-------+---------+---------+-----+
|DSP                  |        -|      -|        -|        -|    -|
|Expression           |        -|      -|        0|      630|    -|
|FIFO                 |        -|      -|        -|        -|    -|
|Instance             |        4|     10|     2300|     4309|    -|
|Memory               |        -|      -|        -|        -|    -|
|Multiplexer          |        -|      -|        -|     2477|    -|
|Register             |        0|      -|    22022|      128|    -|
+---------------------+---------+-------+---------+---------+-----+
|Total                |        4|     10|    24322|     7544|    0|
+---------------------+---------+-------+---------+---------+-----+
|Available SLR        |     1440|   2280|   788160|   394080|  320|
+---------------------+---------+-------+---------+---------+-----+
|Utilization SLR (%)  |    ~0   |   ~0  |        3|        1|    0|
+---------------------+---------+-------+---------+---------+-----+
|Available            |     4320|   6840|  2364480|  1182240|  960|
+---------------------+---------+-------+---------+---------+-----+
|Utilization (%)      |    ~0   |   ~0  |        1|    ~0   |    0|
+---------------------+---------+-------+---------+---------+-----+

+ Detail: 
    * Instance: 
    +-------------------------------------------------------+----------------------------------------------------+---------+-------+-----+------+-----+
    |                        Instance                       |                       Module                       | BRAM_18K| DSP48E|  FF |  LUT | URAM|
    +-------------------------------------------------------+----------------------------------------------------+---------+-------+-----+------+-----+
    |accel_in_circle_control_s_axi_U                        |accel_in_circle_control_s_axi                       |        0|      0|  666|  1192|    0|
    |accel_in_circle_faddfsub_32ns_32ns_32_3_full_dsp_1_U1  |accel_in_circle_faddfsub_32ns_32ns_32_3_full_dsp_1  |        0|      2|  177|   226|    0|
    |accel_in_circle_faddfsub_32ns_32ns_32_3_full_dsp_1_U2  |accel_in_circle_faddfsub_32ns_32ns_32_3_full_dsp_1  |        0|      2|  177|   226|    0|
    |accel_in_circle_fcmp_32ns_32ns_1_1_1_U5                |accel_in_circle_fcmp_32ns_32ns_1_1_1                |        0|      0|    0|    46|    0|
    |accel_in_circle_fmul_32ns_32ns_32_2_max_dsp_1_U3       |accel_in_circle_fmul_32ns_32ns_32_2_max_dsp_1       |        0|      3|  128|    77|    0|
    |accel_in_circle_fmul_32ns_32ns_32_2_max_dsp_1_U4       |accel_in_circle_fmul_32ns_32ns_32_2_max_dsp_1       |        0|      3|  128|    77|    0|
    |accel_in_circle_gmem0_m_axi_U                          |accel_in_circle_gmem0_m_axi                         |        2|      0|  512|   580|    0|
    |accel_in_circle_gmem1_m_axi_U                          |accel_in_circle_gmem1_m_axi                         |        2|      0|  512|   580|    0|
    |accel_in_circle_mux_305_32_1_1_U6                      |accel_in_circle_mux_305_32_1_1                      |        0|      0|    0|   145|    0|
    |accel_in_circle_mux_305_32_1_1_U7                      |accel_in_circle_mux_305_32_1_1                      |        0|      0|    0|   145|    0|
    |accel_in_circle_mux_305_32_1_1_U8                      |accel_in_circle_mux_305_32_1_1                      |        0|      0|    0|   145|    0|
    |accel_in_circle_mux_305_32_1_1_U9                      |accel_in_circle_mux_305_32_1_1                      |        0|      0|    0|   145|    0|
    |accel_in_circle_mux_305_32_1_1_U10                     |accel_in_circle_mux_305_32_1_1                      |        0|      0|    0|   145|    0|
    |accel_in_circle_mux_305_32_1_1_U11                     |accel_in_circle_mux_305_32_1_1                      |        0|      0|    0|   145|    0|
    |accel_in_circle_mux_305_32_1_1_U12                     |accel_in_circle_mux_305_32_1_1                      |        0|      0|    0|   145|    0|
    |accel_in_circle_mux_305_32_1_1_U13                     |accel_in_circle_mux_305_32_1_1                      |        0|      0|    0|   145|    0|
    |accel_in_circle_mux_305_32_1_1_U14                     |accel_in_circle_mux_305_32_1_1                      |        0|      0|    0|   145|    0|
    +-------------------------------------------------------+----------------------------------------------------+---------+-------+-----+------+-----+
    |Total                                                  |                                                    |        4|     10| 2300|  4309|    0|
    +-------------------------------------------------------+----------------------------------------------------+---------+-------+-----+------+-----+

    * DSP48E: 
    N/A

    * Memory: 
    N/A

    * FIFO: 
    N/A

    * Expression: 
    +-----------------------------------+----------+-------+---+----+------------+------------+
    |           Variable Name           | Operation| DSP48E| FF| LUT| Bitwidth P0| Bitwidth P1|
    +-----------------------------------+----------+-------+---+----+------------+------------+
    |add_ln63_1_fu_7904_p2              |     +    |      0|  0|  63|          63|          63|
    |add_ln63_2_fu_7918_p2              |     +    |      0|  0|  63|          63|          63|
    |add_ln63_3_fu_7932_p2              |     +    |      0|  0|  63|          63|          63|
    |add_ln63_4_fu_7946_p2              |     +    |      0|  0|  63|          63|          63|
    |add_ln63_5_fu_7960_p2              |     +    |      0|  0|  63|          63|          63|
    |add_ln63_6_fu_7974_p2              |     +    |      0|  0|  63|          63|          63|
    |add_ln63_7_fu_7988_p2              |     +    |      0|  0|  63|          63|          63|
    |add_ln63_fu_7889_p2                |     +    |      0|  0|  63|          63|          63|
    |i_fu_8002_p2                       |     +    |      0|  0|   6|           5|           1|
    |and_ln35_fu_10504_p2               |    and   |      0|  0|   2|           1|           1|
    |ap_block_pp0_stage0_00001          |    and   |      0|  0|   2|           1|           1|
    |ap_block_pp0_stage0_11001          |    and   |      0|  0|   2|           1|           1|
    |ap_block_pp0_stage1_00001          |    and   |      0|  0|   2|           1|           1|
    |ap_block_pp0_stage3_00001          |    and   |      0|  0|   2|           1|           1|
    |ap_block_state10_io                |    and   |      0|  0|   2|           1|           1|
    |ap_block_state17_pp0_stage0_iter1  |    and   |      0|  0|   2|           1|           1|
    |ap_block_state19_pp0_stage2_iter1  |    and   |      0|  0|   2|           1|           1|
    |ap_block_state55_io                |    and   |      0|  0|   2|           1|           1|
    |ap_condition_1067                  |    and   |      0|  0|   2|           1|           1|
    |ap_condition_1901                  |    and   |      0|  0|   2|           1|           1|
    |ap_condition_2079                  |    and   |      0|  0|   2|           1|           1|
    |ap_condition_2754                  |    and   |      0|  0|   2|           1|           1|
    |ap_condition_2756                  |    and   |      0|  0|   2|           1|           1|
    |ap_condition_2759                  |    and   |      0|  0|   2|           1|           1|
    |ap_condition_2762                  |    and   |      0|  0|   2|           1|           1|
    |ap_condition_2765                  |    and   |      0|  0|   2|           1|           1|
    |ap_condition_2768                  |    and   |      0|  0|   2|           1|           1|
    |ap_condition_935                   |    and   |      0|  0|   2|           1|           1|
    |icmp_ln35_1_fu_10492_p2            |   icmp   |      0|  0|  20|          23|           1|
    |icmp_ln35_fu_10486_p2              |   icmp   |      0|  0|  11|           8|           2|
    |icmp_ln58_fu_7879_p2               |   icmp   |      0|  0|  11|           5|           3|
    |icmp_ln75_fu_8608_p2               |   icmp   |      0|  0|  20|          32|           2|
    |ap_block_pp0_stage1_11001          |    or    |      0|  0|   2|           1|           1|
    |ap_block_pp0_stage2_11001          |    or    |      0|  0|   2|           1|           1|
    |ap_block_pp0_stage3_11001          |    or    |      0|  0|   2|           1|           1|
    |ap_block_pp0_stage4_11001          |    or    |      0|  0|   2|           1|           1|
    |ap_block_pp0_stage5_11001          |    or    |      0|  0|   2|           1|           1|
    |ap_block_pp0_stage6_11001          |    or    |      0|  0|   2|           1|           1|
    |ap_block_pp0_stage7_11001          |    or    |      0|  0|   2|           1|           1|
    |ap_block_state18_pp0_stage1_iter1  |    or    |      0|  0|   2|           1|           1|
    |or_ln35_fu_10498_p2                |    or    |      0|  0|   2|           1|           1|
    |ap_enable_pp0                      |    xor   |      0|  0|   2|           1|           2|
    +-----------------------------------+----------+-------+---+----+------------+------------+
    |Total                              |          |      0|  0| 630|         606|         543|
    +-----------------------------------+----------+-------+---+----+------------+------------+

    * Multiplexer: 
    +------------------------------------------+-----+-----------+-----+-----------+
    |                   Name                   | LUT | Input Size| Bits| Total Bits|
    +------------------------------------------+-----+-----------+-----+-----------+
    |ap_NS_fsm                                 |  105|         22|    1|         22|
    |ap_enable_reg_pp0_iter4                   |    9|          2|    1|          2|
    |ap_enable_reg_pp0_iter5                   |   15|          3|    1|          3|
    |ap_phi_mux_i_0_phi_fu_1304_p4             |    9|          2|    5|         10|
    |ap_phi_mux_state_0_0_phi_fu_1664_p4       |    9|          2|   32|         64|
    |ap_phi_mux_state_0_3_phi_fu_7543_p64      |    9|          2|   32|         64|
    |ap_phi_mux_state_10_0_phi_fu_1544_p4      |    9|          2|   32|         64|
    |ap_phi_mux_state_10_3_phi_fu_6503_p64     |    9|          2|   32|         64|
    |ap_phi_mux_state_11_0_phi_fu_1532_p4      |    9|          2|   32|         64|
    |ap_phi_mux_state_11_3_phi_fu_6399_p64     |    9|          2|   32|         64|
    |ap_phi_mux_state_12_0_phi_fu_1520_p4      |    9|          2|   32|         64|
    |ap_phi_mux_state_12_3_phi_fu_6295_p64     |    9|          2|   32|         64|
    |ap_phi_mux_state_13_0_phi_fu_1508_p4      |    9|          2|   32|         64|
    |ap_phi_mux_state_13_3_phi_fu_6191_p64     |    9|          2|   32|         64|
    |ap_phi_mux_state_14_0_phi_fu_1496_p4      |    9|          2|   32|         64|
    |ap_phi_mux_state_14_3_phi_fu_6087_p64     |    9|          2|   32|         64|
    |ap_phi_mux_state_15_0_phi_fu_1484_p4      |    9|          2|   32|         64|
    |ap_phi_mux_state_15_3_phi_fu_5983_p64     |    9|          2|   32|         64|
    |ap_phi_mux_state_16_0_phi_fu_1472_p4      |    9|          2|   32|         64|
    |ap_phi_mux_state_16_3_phi_fu_5879_p64     |    9|          2|   32|         64|
    |ap_phi_mux_state_17_0_phi_fu_1460_p4      |    9|          2|   32|         64|
    |ap_phi_mux_state_17_3_phi_fu_5775_p64     |    9|          2|   32|         64|
    |ap_phi_mux_state_18_0_phi_fu_1448_p4      |    9|          2|   32|         64|
    |ap_phi_mux_state_18_3_phi_fu_5671_p64     |    9|          2|   32|         64|
    |ap_phi_mux_state_19_0_phi_fu_1436_p4      |    9|          2|   32|         64|
    |ap_phi_mux_state_19_3_phi_fu_5567_p64     |    9|          2|   32|         64|
    |ap_phi_mux_state_1_0_phi_fu_1652_p4       |    9|          2|   32|         64|
    |ap_phi_mux_state_1_3_phi_fu_7439_p64      |    9|          2|   32|         64|
    |ap_phi_mux_state_20_0_phi_fu_1424_p4      |    9|          2|   32|         64|
    |ap_phi_mux_state_20_3_phi_fu_5463_p64     |    9|          2|   32|         64|
    |ap_phi_mux_state_21_0_phi_fu_1412_p4      |    9|          2|   32|         64|
    |ap_phi_mux_state_21_3_phi_fu_5359_p64     |    9|          2|   32|         64|
    |ap_phi_mux_state_22_0_phi_fu_1400_p4      |    9|          2|   32|         64|
    |ap_phi_mux_state_22_3_phi_fu_5255_p64     |    9|          2|   32|         64|
    |ap_phi_mux_state_23_0_phi_fu_1388_p4      |    9|          2|   32|         64|
    |ap_phi_mux_state_23_3_phi_fu_5151_p64     |    9|          2|   32|         64|
    |ap_phi_mux_state_24_0_phi_fu_1376_p4      |    9|          2|   32|         64|
    |ap_phi_mux_state_24_3_phi_fu_5047_p64     |    9|          2|   32|         64|
    |ap_phi_mux_state_25_0_phi_fu_1364_p4      |    9|          2|   32|         64|
    |ap_phi_mux_state_25_3_phi_fu_4943_p64     |    9|          2|   32|         64|
    |ap_phi_mux_state_26_0_phi_fu_1352_p4      |    9|          2|   32|         64|
    |ap_phi_mux_state_26_3_phi_fu_4839_p64     |    9|          2|   32|         64|
    |ap_phi_mux_state_27_0_phi_fu_1340_p4      |    9|          2|   32|         64|
    |ap_phi_mux_state_27_3_phi_fu_4735_p64     |    9|          2|   32|         64|
    |ap_phi_mux_state_28_0_phi_fu_1328_p4      |    9|          2|   32|         64|
    |ap_phi_mux_state_28_3_phi_fu_4631_p64     |    9|          2|   32|         64|
    |ap_phi_mux_state_29_0_phi_fu_1316_p4      |    9|          2|   32|         64|
    |ap_phi_mux_state_29_3_phi_fu_4527_p64     |    9|          2|   32|         64|
    |ap_phi_mux_state_2_0_phi_fu_1640_p4       |    9|          2|   32|         64|
    |ap_phi_mux_state_2_3_phi_fu_7335_p64      |    9|          2|   32|         64|
    |ap_phi_mux_state_3_0_phi_fu_1628_p4       |    9|          2|   32|         64|
    |ap_phi_mux_state_3_3_phi_fu_7231_p64      |    9|          2|   32|         64|
    |ap_phi_mux_state_4_0_phi_fu_1616_p4       |    9|          2|   32|         64|
    |ap_phi_mux_state_4_3_phi_fu_7127_p64      |    9|          2|   32|         64|
    |ap_phi_mux_state_5_0_phi_fu_1604_p4       |    9|          2|   32|         64|
    |ap_phi_mux_state_5_3_phi_fu_7023_p64      |    9|          2|   32|         64|
    |ap_phi_mux_state_6_0_phi_fu_1592_p4       |    9|          2|   32|         64|
    |ap_phi_mux_state_6_3_phi_fu_6919_p64      |    9|          2|   32|         64|
    |ap_phi_mux_state_7_0_phi_fu_1580_p4       |    9|          2|   32|         64|
    |ap_phi_mux_state_7_3_phi_fu_6815_p64      |    9|          2|   32|         64|
    |ap_phi_mux_state_8_0_phi_fu_1568_p4       |    9|          2|   32|         64|
    |ap_phi_mux_state_8_3_phi_fu_6711_p64      |    9|          2|   32|         64|
    |ap_phi_mux_state_9_0_phi_fu_1556_p4       |    9|          2|   32|         64|
    |ap_phi_mux_state_9_3_phi_fu_6607_p64      |    9|          2|   32|         64|
    |ap_phi_reg_pp0_iter4_state_0_1_reg_4427   |   15|          3|   32|         96|
    |ap_phi_reg_pp0_iter4_state_10_1_reg_3477  |   15|          3|   32|         96|
    |ap_phi_reg_pp0_iter4_state_11_1_reg_3382  |   15|          3|   32|         96|
    |ap_phi_reg_pp0_iter4_state_12_1_reg_3287  |   15|          3|   32|         96|
    |ap_phi_reg_pp0_iter4_state_13_1_reg_3192  |   15|          3|   32|         96|
    |ap_phi_reg_pp0_iter4_state_14_1_reg_3097  |   15|          3|   32|         96|
    |ap_phi_reg_pp0_iter4_state_15_1_reg_3002  |   15|          3|   32|         96|
    |ap_phi_reg_pp0_iter4_state_16_1_reg_2907  |   15|          3|   32|         96|
    |ap_phi_reg_pp0_iter4_state_17_1_reg_2812  |   15|          3|   32|         96|
    |ap_phi_reg_pp0_iter4_state_18_1_reg_2717  |   15|          3|   32|         96|
    |ap_phi_reg_pp0_iter4_state_19_1_reg_2622  |   15|          3|   32|         96|
    |ap_phi_reg_pp0_iter4_state_1_1_reg_4332   |   15|          3|   32|         96|
    |ap_phi_reg_pp0_iter4_state_20_1_reg_2527  |   15|          3|   32|         96|
    |ap_phi_reg_pp0_iter4_state_21_1_reg_2432  |   15|          3|   32|         96|
    |ap_phi_reg_pp0_iter4_state_22_1_reg_2337  |   15|          3|   32|         96|
    |ap_phi_reg_pp0_iter4_state_23_1_reg_2242  |   15|          3|   32|         96|
    |ap_phi_reg_pp0_iter4_state_24_1_reg_2147  |   15|          3|   32|         96|
    |ap_phi_reg_pp0_iter4_state_25_1_reg_2052  |   15|          3|   32|         96|
    |ap_phi_reg_pp0_iter4_state_26_1_reg_1957  |   15|          3|   32|         96|
    |ap_phi_reg_pp0_iter4_state_27_1_reg_1862  |   15|          3|   32|         96|
    |ap_phi_reg_pp0_iter4_state_28_1_reg_1767  |   15|          3|   32|         96|
    |ap_phi_reg_pp0_iter4_state_29_1_reg_1672  |   15|          3|   32|         96|
    |ap_phi_reg_pp0_iter4_state_2_1_reg_4237   |   15|          3|   32|         96|
    |ap_phi_reg_pp0_iter4_state_3_1_reg_4142   |   15|          3|   32|         96|
    |ap_phi_reg_pp0_iter4_state_4_1_reg_4047   |   15|          3|   32|         96|
    |ap_phi_reg_pp0_iter4_state_5_1_reg_3952   |   15|          3|   32|         96|
    |ap_phi_reg_pp0_iter4_state_6_1_reg_3857   |   15|          3|   32|         96|
    |ap_phi_reg_pp0_iter4_state_7_1_reg_3762   |   15|          3|   32|         96|
    |ap_phi_reg_pp0_iter4_state_8_1_reg_3667   |   15|          3|   32|         96|
    |ap_phi_reg_pp0_iter4_state_9_1_reg_3572   |   15|          3|   32|         96|
    |ap_phi_reg_pp0_iter5_state_0_3_reg_7538   |   21|          4|   32|        128|
    |ap_phi_reg_pp0_iter5_state_10_3_reg_6498  |   21|          4|   32|        128|
    |ap_phi_reg_pp0_iter5_state_11_3_reg_6394  |   21|          4|   32|        128|
    |ap_phi_reg_pp0_iter5_state_12_3_reg_6290  |   21|          4|   32|        128|
    |ap_phi_reg_pp0_iter5_state_13_3_reg_6186  |   21|          4|   32|        128|
    |ap_phi_reg_pp0_iter5_state_14_3_reg_6082  |   21|          4|   32|        128|
    |ap_phi_reg_pp0_iter5_state_15_3_reg_5978  |   21|          4|   32|        128|
    |ap_phi_reg_pp0_iter5_state_16_3_reg_5874  |   21|          4|   32|        128|
    |ap_phi_reg_pp0_iter5_state_17_3_reg_5770  |   21|          4|   32|        128|
    |ap_phi_reg_pp0_iter5_state_18_3_reg_5666  |   21|          4|   32|        128|
    |ap_phi_reg_pp0_iter5_state_19_3_reg_5562  |   21|          4|   32|        128|
    |ap_phi_reg_pp0_iter5_state_1_3_reg_7434   |   21|          4|   32|        128|
    |ap_phi_reg_pp0_iter5_state_20_3_reg_5458  |   21|          4|   32|        128|
    |ap_phi_reg_pp0_iter5_state_21_3_reg_5354  |   21|          4|   32|        128|
    |ap_phi_reg_pp0_iter5_state_22_3_reg_5250  |   21|          4|   32|        128|
    |ap_phi_reg_pp0_iter5_state_23_3_reg_5146  |   21|          4|   32|        128|
    |ap_phi_reg_pp0_iter5_state_24_3_reg_5042  |   21|          4|   32|        128|
    |ap_phi_reg_pp0_iter5_state_25_3_reg_4938  |   21|          4|   32|        128|
    |ap_phi_reg_pp0_iter5_state_26_3_reg_4834  |   21|          4|   32|        128|
    |ap_phi_reg_pp0_iter5_state_27_3_reg_4730  |   21|          4|   32|        128|
    |ap_phi_reg_pp0_iter5_state_28_3_reg_4626  |   21|          4|   32|        128|
    |ap_phi_reg_pp0_iter5_state_29_3_reg_4522  |   21|          4|   32|        128|
    |ap_phi_reg_pp0_iter5_state_2_3_reg_7330   |   21|          4|   32|        128|
    |ap_phi_reg_pp0_iter5_state_3_3_reg_7226   |   21|          4|   32|        128|
    |ap_phi_reg_pp0_iter5_state_4_3_reg_7122   |   21|          4|   32|        128|
    |ap_phi_reg_pp0_iter5_state_5_3_reg_7018   |   21|          4|   32|        128|
    |ap_phi_reg_pp0_iter5_state_6_3_reg_6914   |   21|          4|   32|        128|
    |ap_phi_reg_pp0_iter5_state_7_3_reg_6810   |   21|          4|   32|        128|
    |ap_phi_reg_pp0_iter5_state_8_3_reg_6706   |   21|          4|   32|        128|
    |ap_phi_reg_pp0_iter5_state_9_3_reg_6602   |   21|          4|   32|        128|
    |gmem0_blk_n_AR                            |    9|          2|    1|          2|
    |gmem0_blk_n_AW                            |    9|          2|    1|          2|
    |gmem0_blk_n_B                             |    9|          2|    1|          2|
    |gmem0_blk_n_R                             |    9|          2|    1|          2|
    |gmem0_blk_n_W                             |    9|          2|    1|          2|
    |gmem1_ARADDR                              |   44|          9|   64|        576|
    |gmem1_blk_n_AR                            |    9|          2|    1|          2|
    |gmem1_blk_n_R                             |    9|          2|    1|          2|
    |grp_fu_7642_opcode                        |   15|          3|    2|          6|
    |grp_fu_7642_p0                            |   41|          8|   32|        256|
    |grp_fu_7642_p1                            |   33|          6|   32|        192|
    |grp_fu_7646_opcode                        |   15|          3|    2|          6|
    |grp_fu_7646_p0                            |   38|          7|   32|        224|
    |grp_fu_7646_p1                            |   41|          8|   32|        256|
    |grp_fu_7650_p0                            |   38|          7|   32|        224|
    |grp_fu_7650_p1                            |   41|          8|   32|        256|
    |grp_fu_7654_p0                            |   38|          7|   32|        224|
    |grp_fu_7654_p1                            |   33|          6|   32|        192|
    |i_0_reg_1300                              |    9|          2|    5|         10|
    |state_0_3_reg_7538                        |    9|          2|   32|         64|
    |state_10_3_reg_6498                       |    9|          2|   32|         64|
    |state_11_3_reg_6394                       |    9|          2|   32|         64|
    |state_12_3_reg_6290                       |    9|          2|   32|         64|
    |state_13_3_reg_6186                       |    9|          2|   32|         64|
    |state_14_3_reg_6082                       |    9|          2|   32|         64|
    |state_15_3_reg_5978                       |    9|          2|   32|         64|
    |state_16_3_reg_5874                       |    9|          2|   32|         64|
    |state_17_3_reg_5770                       |    9|          2|   32|         64|
    |state_18_3_reg_5666                       |    9|          2|   32|         64|
    |state_19_3_reg_5562                       |    9|          2|   32|         64|
    |state_1_3_reg_7434                        |    9|          2|   32|         64|
    |state_20_3_reg_5458                       |    9|          2|   32|         64|
    |state_21_3_reg_5354                       |    9|          2|   32|         64|
    |state_22_3_reg_5250                       |    9|          2|   32|         64|
    |state_23_3_reg_5146                       |    9|          2|   32|         64|
    |state_24_3_reg_5042                       |    9|          2|   32|         64|
    |state_25_3_reg_4938                       |    9|          2|   32|         64|
    |state_26_3_reg_4834                       |    9|          2|   32|         64|
    |state_27_3_reg_4730                       |    9|          2|   32|         64|
    |state_28_3_reg_4626                       |    9|          2|   32|         64|
    |state_29_3_reg_4522                       |    9|          2|   32|         64|
    |state_2_3_reg_7330                        |    9|          2|   32|         64|
    |state_3_3_reg_7226                        |    9|          2|   32|         64|
    |state_4_3_reg_7122                        |    9|          2|   32|         64|
    |state_5_3_reg_7018                        |    9|          2|   32|         64|
    |state_6_3_reg_6914                        |    9|          2|   32|         64|
    |state_7_3_reg_6810                        |    9|          2|   32|         64|
    |state_8_3_reg_6706                        |    9|          2|   32|         64|
    |state_9_3_reg_6602                        |    9|          2|   32|         64|
    +------------------------------------------+-----+-----------+-----+-----------+
    |Total                                     | 2477|        507| 5144|      14953|
    +------------------------------------------+-----+-----------+-----+-----------+

    * Register: 
    +------------------------------------------+-----+----+-----+-----------+
    |                   Name                   |  FF | LUT| Bits| Const Bits|
    +------------------------------------------+-----+----+-----+-----------+
    |and_ln35_reg_12365                        |    1|   0|    1|          0|
    |ap_CS_fsm                                 |   21|   0|   21|          0|
    |ap_enable_reg_pp0_iter0                   |    1|   0|    1|          0|
    |ap_enable_reg_pp0_iter1                   |    1|   0|    1|          0|
    |ap_enable_reg_pp0_iter2                   |    1|   0|    1|          0|
    |ap_enable_reg_pp0_iter3                   |    1|   0|    1|          0|
    |ap_enable_reg_pp0_iter4                   |    1|   0|    1|          0|
    |ap_enable_reg_pp0_iter5                   |    1|   0|    1|          0|
    |ap_phi_reg_pp0_iter1_state_0_1_reg_4427   |   32|   0|   32|          0|
    |ap_phi_reg_pp0_iter1_state_0_3_reg_7538   |   32|   0|   32|          0|
    |ap_phi_reg_pp0_iter1_state_10_1_reg_3477  |   32|   0|   32|          0|
    |ap_phi_reg_pp0_iter1_state_10_3_reg_6498  |   32|   0|   32|          0|
    |ap_phi_reg_pp0_iter1_state_11_1_reg_3382  |   32|   0|   32|          0|
    |ap_phi_reg_pp0_iter1_state_11_3_reg_6394  |   32|   0|   32|          0|
    |ap_phi_reg_pp0_iter1_state_12_1_reg_3287  |   32|   0|   32|          0|
    |ap_phi_reg_pp0_iter1_state_12_3_reg_6290  |   32|   0|   32|          0|
    |ap_phi_reg_pp0_iter1_state_13_1_reg_3192  |   32|   0|   32|          0|
    |ap_phi_reg_pp0_iter1_state_13_3_reg_6186  |   32|   0|   32|          0|
    |ap_phi_reg_pp0_iter1_state_14_1_reg_3097  |   32|   0|   32|          0|
    |ap_phi_reg_pp0_iter1_state_14_3_reg_6082  |   32|   0|   32|          0|
    |ap_phi_reg_pp0_iter1_state_15_1_reg_3002  |   32|   0|   32|          0|
    |ap_phi_reg_pp0_iter1_state_15_3_reg_5978  |   32|   0|   32|          0|
    |ap_phi_reg_pp0_iter1_state_16_1_reg_2907  |   32|   0|   32|          0|
    |ap_phi_reg_pp0_iter1_state_16_3_reg_5874  |   32|   0|   32|          0|
    |ap_phi_reg_pp0_iter1_state_17_1_reg_2812  |   32|   0|   32|          0|
    |ap_phi_reg_pp0_iter1_state_17_3_reg_5770  |   32|   0|   32|          0|
    |ap_phi_reg_pp0_iter1_state_18_1_reg_2717  |   32|   0|   32|          0|
    |ap_phi_reg_pp0_iter1_state_18_3_reg_5666  |   32|   0|   32|          0|
    |ap_phi_reg_pp0_iter1_state_19_1_reg_2622  |   32|   0|   32|          0|
    |ap_phi_reg_pp0_iter1_state_19_3_reg_5562  |   32|   0|   32|          0|
    |ap_phi_reg_pp0_iter1_state_1_1_reg_4332   |   32|   0|   32|          0|
    |ap_phi_reg_pp0_iter1_state_1_3_reg_7434   |   32|   0|   32|          0|
    |ap_phi_reg_pp0_iter1_state_20_1_reg_2527  |   32|   0|   32|          0|
    |ap_phi_reg_pp0_iter1_state_20_3_reg_5458  |   32|   0|   32|          0|
    |ap_phi_reg_pp0_iter1_state_21_1_reg_2432  |   32|   0|   32|          0|
    |ap_phi_reg_pp0_iter1_state_21_3_reg_5354  |   32|   0|   32|          0|
    |ap_phi_reg_pp0_iter1_state_22_1_reg_2337  |   32|   0|   32|          0|
    |ap_phi_reg_pp0_iter1_state_22_3_reg_5250  |   32|   0|   32|          0|
    |ap_phi_reg_pp0_iter1_state_23_1_reg_2242  |   32|   0|   32|          0|
    |ap_phi_reg_pp0_iter1_state_23_3_reg_5146  |   32|   0|   32|          0|
    |ap_phi_reg_pp0_iter1_state_24_1_reg_2147  |   32|   0|   32|          0|
    |ap_phi_reg_pp0_iter1_state_24_3_reg_5042  |   32|   0|   32|          0|
    |ap_phi_reg_pp0_iter1_state_25_1_reg_2052  |   32|   0|   32|          0|
    |ap_phi_reg_pp0_iter1_state_25_3_reg_4938  |   32|   0|   32|          0|
    |ap_phi_reg_pp0_iter1_state_26_1_reg_1957  |   32|   0|   32|          0|
    |ap_phi_reg_pp0_iter1_state_26_3_reg_4834  |   32|   0|   32|          0|
    |ap_phi_reg_pp0_iter1_state_27_1_reg_1862  |   32|   0|   32|          0|
    |ap_phi_reg_pp0_iter1_state_27_3_reg_4730  |   32|   0|   32|          0|
    |ap_phi_reg_pp0_iter1_state_28_1_reg_1767  |   32|   0|   32|          0|
    |ap_phi_reg_pp0_iter1_state_28_3_reg_4626  |   32|   0|   32|          0|
    |ap_phi_reg_pp0_iter1_state_29_1_reg_1672  |   32|   0|   32|          0|
    |ap_phi_reg_pp0_iter1_state_29_3_reg_4522  |   32|   0|   32|          0|
    |ap_phi_reg_pp0_iter1_state_2_1_reg_4237   |   32|   0|   32|          0|
    |ap_phi_reg_pp0_iter1_state_2_3_reg_7330   |   32|   0|   32|          0|
    |ap_phi_reg_pp0_iter1_state_3_1_reg_4142   |   32|   0|   32|          0|
    |ap_phi_reg_pp0_iter1_state_3_3_reg_7226   |   32|   0|   32|          0|
    |ap_phi_reg_pp0_iter1_state_4_1_reg_4047   |   32|   0|   32|          0|
    |ap_phi_reg_pp0_iter1_state_4_3_reg_7122   |   32|   0|   32|          0|
    |ap_phi_reg_pp0_iter1_state_5_1_reg_3952   |   32|   0|   32|          0|
    |ap_phi_reg_pp0_iter1_state_5_3_reg_7018   |   32|   0|   32|          0|
    |ap_phi_reg_pp0_iter1_state_6_1_reg_3857   |   32|   0|   32|          0|
    |ap_phi_reg_pp0_iter1_state_6_3_reg_6914   |   32|   0|   32|          0|
    |ap_phi_reg_pp0_iter1_state_7_1_reg_3762   |   32|   0|   32|          0|
    |ap_phi_reg_pp0_iter1_state_7_3_reg_6810   |   32|   0|   32|          0|
    |ap_phi_reg_pp0_iter1_state_8_1_reg_3667   |   32|   0|   32|          0|
    |ap_phi_reg_pp0_iter1_state_8_3_reg_6706   |   32|   0|   32|          0|
    |ap_phi_reg_pp0_iter1_state_9_1_reg_3572   |   32|   0|   32|          0|
    |ap_phi_reg_pp0_iter1_state_9_3_reg_6602   |   32|   0|   32|          0|
    |ap_phi_reg_pp0_iter2_state_0_1_reg_4427   |   32|   0|   32|          0|
    |ap_phi_reg_pp0_iter2_state_0_3_reg_7538   |   32|   0|   32|          0|
    |ap_phi_reg_pp0_iter2_state_10_1_reg_3477  |   32|   0|   32|          0|
    |ap_phi_reg_pp0_iter2_state_10_3_reg_6498  |   32|   0|   32|          0|
    |ap_phi_reg_pp0_iter2_state_11_1_reg_3382  |   32|   0|   32|          0|
    |ap_phi_reg_pp0_iter2_state_11_3_reg_6394  |   32|   0|   32|          0|
    |ap_phi_reg_pp0_iter2_state_12_1_reg_3287  |   32|   0|   32|          0|
    |ap_phi_reg_pp0_iter2_state_12_3_reg_6290  |   32|   0|   32|          0|
    |ap_phi_reg_pp0_iter2_state_13_1_reg_3192  |   32|   0|   32|          0|
    |ap_phi_reg_pp0_iter2_state_13_3_reg_6186  |   32|   0|   32|          0|
    |ap_phi_reg_pp0_iter2_state_14_1_reg_3097  |   32|   0|   32|          0|
    |ap_phi_reg_pp0_iter2_state_14_3_reg_6082  |   32|   0|   32|          0|
    |ap_phi_reg_pp0_iter2_state_15_1_reg_3002  |   32|   0|   32|          0|
    |ap_phi_reg_pp0_iter2_state_15_3_reg_5978  |   32|   0|   32|          0|
    |ap_phi_reg_pp0_iter2_state_16_1_reg_2907  |   32|   0|   32|          0|
    |ap_phi_reg_pp0_iter2_state_16_3_reg_5874  |   32|   0|   32|          0|
    |ap_phi_reg_pp0_iter2_state_17_1_reg_2812  |   32|   0|   32|          0|
    |ap_phi_reg_pp0_iter2_state_17_3_reg_5770  |   32|   0|   32|          0|
    |ap_phi_reg_pp0_iter2_state_18_1_reg_2717  |   32|   0|   32|          0|
    |ap_phi_reg_pp0_iter2_state_18_3_reg_5666  |   32|   0|   32|          0|
    |ap_phi_reg_pp0_iter2_state_19_1_reg_2622  |   32|   0|   32|          0|
    |ap_phi_reg_pp0_iter2_state_19_3_reg_5562  |   32|   0|   32|          0|
    |ap_phi_reg_pp0_iter2_state_1_1_reg_4332   |   32|   0|   32|          0|
    |ap_phi_reg_pp0_iter2_state_1_3_reg_7434   |   32|   0|   32|          0|
    |ap_phi_reg_pp0_iter2_state_20_1_reg_2527  |   32|   0|   32|          0|
    |ap_phi_reg_pp0_iter2_state_20_3_reg_5458  |   32|   0|   32|          0|
    |ap_phi_reg_pp0_iter2_state_21_1_reg_2432  |   32|   0|   32|          0|
    |ap_phi_reg_pp0_iter2_state_21_3_reg_5354  |   32|   0|   32|          0|
    |ap_phi_reg_pp0_iter2_state_22_1_reg_2337  |   32|   0|   32|          0|
    |ap_phi_reg_pp0_iter2_state_22_3_reg_5250  |   32|   0|   32|          0|
    |ap_phi_reg_pp0_iter2_state_23_1_reg_2242  |   32|   0|   32|          0|
    |ap_phi_reg_pp0_iter2_state_23_3_reg_5146  |   32|   0|   32|          0|
    |ap_phi_reg_pp0_iter2_state_24_1_reg_2147  |   32|   0|   32|          0|
    |ap_phi_reg_pp0_iter2_state_24_3_reg_5042  |   32|   0|   32|          0|
    |ap_phi_reg_pp0_iter2_state_25_1_reg_2052  |   32|   0|   32|          0|
    |ap_phi_reg_pp0_iter2_state_25_3_reg_4938  |   32|   0|   32|          0|
    |ap_phi_reg_pp0_iter2_state_26_1_reg_1957  |   32|   0|   32|          0|
    |ap_phi_reg_pp0_iter2_state_26_3_reg_4834  |   32|   0|   32|          0|
    |ap_phi_reg_pp0_iter2_state_27_1_reg_1862  |   32|   0|   32|          0|
    |ap_phi_reg_pp0_iter2_state_27_3_reg_4730  |   32|   0|   32|          0|
    |ap_phi_reg_pp0_iter2_state_28_1_reg_1767  |   32|   0|   32|          0|
    |ap_phi_reg_pp0_iter2_state_28_3_reg_4626  |   32|   0|   32|          0|
    |ap_phi_reg_pp0_iter2_state_29_1_reg_1672  |   32|   0|   32|          0|
    |ap_phi_reg_pp0_iter2_state_29_3_reg_4522  |   32|   0|   32|          0|
    |ap_phi_reg_pp0_iter2_state_2_1_reg_4237   |   32|   0|   32|          0|
    |ap_phi_reg_pp0_iter2_state_2_3_reg_7330   |   32|   0|   32|          0|
    |ap_phi_reg_pp0_iter2_state_3_1_reg_4142   |   32|   0|   32|          0|
    |ap_phi_reg_pp0_iter2_state_3_3_reg_7226   |   32|   0|   32|          0|
    |ap_phi_reg_pp0_iter2_state_4_1_reg_4047   |   32|   0|   32|          0|
    |ap_phi_reg_pp0_iter2_state_4_3_reg_7122   |   32|   0|   32|          0|
    |ap_phi_reg_pp0_iter2_state_5_1_reg_3952   |   32|   0|   32|          0|
    |ap_phi_reg_pp0_iter2_state_5_3_reg_7018   |   32|   0|   32|          0|
    |ap_phi_reg_pp0_iter2_state_6_1_reg_3857   |   32|   0|   32|          0|
    |ap_phi_reg_pp0_iter2_state_6_3_reg_6914   |   32|   0|   32|          0|
    |ap_phi_reg_pp0_iter2_state_7_1_reg_3762   |   32|   0|   32|          0|
    |ap_phi_reg_pp0_iter2_state_7_3_reg_6810   |   32|   0|   32|          0|
    |ap_phi_reg_pp0_iter2_state_8_1_reg_3667   |   32|   0|   32|          0|
    |ap_phi_reg_pp0_iter2_state_8_3_reg_6706   |   32|   0|   32|          0|
    |ap_phi_reg_pp0_iter2_state_9_1_reg_3572   |   32|   0|   32|          0|
    |ap_phi_reg_pp0_iter2_state_9_3_reg_6602   |   32|   0|   32|          0|
    |ap_phi_reg_pp0_iter3_state_0_1_reg_4427   |   32|   0|   32|          0|
    |ap_phi_reg_pp0_iter3_state_0_3_reg_7538   |   32|   0|   32|          0|
    |ap_phi_reg_pp0_iter3_state_10_1_reg_3477  |   32|   0|   32|          0|
    |ap_phi_reg_pp0_iter3_state_10_3_reg_6498  |   32|   0|   32|          0|
    |ap_phi_reg_pp0_iter3_state_11_1_reg_3382  |   32|   0|   32|          0|
    |ap_phi_reg_pp0_iter3_state_11_3_reg_6394  |   32|   0|   32|          0|
    |ap_phi_reg_pp0_iter3_state_12_1_reg_3287  |   32|   0|   32|          0|
    |ap_phi_reg_pp0_iter3_state_12_3_reg_6290  |   32|   0|   32|          0|
    |ap_phi_reg_pp0_iter3_state_13_1_reg_3192  |   32|   0|   32|          0|
    |ap_phi_reg_pp0_iter3_state_13_3_reg_6186  |   32|   0|   32|          0|
    |ap_phi_reg_pp0_iter3_state_14_1_reg_3097  |   32|   0|   32|          0|
    |ap_phi_reg_pp0_iter3_state_14_3_reg_6082  |   32|   0|   32|          0|
    |ap_phi_reg_pp0_iter3_state_15_1_reg_3002  |   32|   0|   32|          0|
    |ap_phi_reg_pp0_iter3_state_15_3_reg_5978  |   32|   0|   32|          0|
    |ap_phi_reg_pp0_iter3_state_16_1_reg_2907  |   32|   0|   32|          0|
    |ap_phi_reg_pp0_iter3_state_16_3_reg_5874  |   32|   0|   32|          0|
    |ap_phi_reg_pp0_iter3_state_17_1_reg_2812  |   32|   0|   32|          0|
    |ap_phi_reg_pp0_iter3_state_17_3_reg_5770  |   32|   0|   32|          0|
    |ap_phi_reg_pp0_iter3_state_18_1_reg_2717  |   32|   0|   32|          0|
    |ap_phi_reg_pp0_iter3_state_18_3_reg_5666  |   32|   0|   32|          0|
    |ap_phi_reg_pp0_iter3_state_19_1_reg_2622  |   32|   0|   32|          0|
    |ap_phi_reg_pp0_iter3_state_19_3_reg_5562  |   32|   0|   32|          0|
    |ap_phi_reg_pp0_iter3_state_1_1_reg_4332   |   32|   0|   32|          0|
    |ap_phi_reg_pp0_iter3_state_1_3_reg_7434   |   32|   0|   32|          0|
    |ap_phi_reg_pp0_iter3_state_20_1_reg_2527  |   32|   0|   32|          0|
    |ap_phi_reg_pp0_iter3_state_20_3_reg_5458  |   32|   0|   32|          0|
    |ap_phi_reg_pp0_iter3_state_21_1_reg_2432  |   32|   0|   32|          0|
    |ap_phi_reg_pp0_iter3_state_21_3_reg_5354  |   32|   0|   32|          0|
    |ap_phi_reg_pp0_iter3_state_22_1_reg_2337  |   32|   0|   32|          0|
    |ap_phi_reg_pp0_iter3_state_22_3_reg_5250  |   32|   0|   32|          0|
    |ap_phi_reg_pp0_iter3_state_23_1_reg_2242  |   32|   0|   32|          0|
    |ap_phi_reg_pp0_iter3_state_23_3_reg_5146  |   32|   0|   32|          0|
    |ap_phi_reg_pp0_iter3_state_24_1_reg_2147  |   32|   0|   32|          0|
    |ap_phi_reg_pp0_iter3_state_24_3_reg_5042  |   32|   0|   32|          0|
    |ap_phi_reg_pp0_iter3_state_25_1_reg_2052  |   32|   0|   32|          0|
    |ap_phi_reg_pp0_iter3_state_25_3_reg_4938  |   32|   0|   32|          0|
    |ap_phi_reg_pp0_iter3_state_26_1_reg_1957  |   32|   0|   32|          0|
    |ap_phi_reg_pp0_iter3_state_26_3_reg_4834  |   32|   0|   32|          0|
    |ap_phi_reg_pp0_iter3_state_27_1_reg_1862  |   32|   0|   32|          0|
    |ap_phi_reg_pp0_iter3_state_27_3_reg_4730  |   32|   0|   32|          0|
    |ap_phi_reg_pp0_iter3_state_28_1_reg_1767  |   32|   0|   32|          0|
    |ap_phi_reg_pp0_iter3_state_28_3_reg_4626  |   32|   0|   32|          0|
    |ap_phi_reg_pp0_iter3_state_29_1_reg_1672  |   32|   0|   32|          0|
    |ap_phi_reg_pp0_iter3_state_29_3_reg_4522  |   32|   0|   32|          0|
    |ap_phi_reg_pp0_iter3_state_2_1_reg_4237   |   32|   0|   32|          0|
    |ap_phi_reg_pp0_iter3_state_2_3_reg_7330   |   32|   0|   32|          0|
    |ap_phi_reg_pp0_iter3_state_3_1_reg_4142   |   32|   0|   32|          0|
    |ap_phi_reg_pp0_iter3_state_3_3_reg_7226   |   32|   0|   32|          0|
    |ap_phi_reg_pp0_iter3_state_4_1_reg_4047   |   32|   0|   32|          0|
    |ap_phi_reg_pp0_iter3_state_4_3_reg_7122   |   32|   0|   32|          0|
    |ap_phi_reg_pp0_iter3_state_5_1_reg_3952   |   32|   0|   32|          0|
    |ap_phi_reg_pp0_iter3_state_5_3_reg_7018   |   32|   0|   32|          0|
    |ap_phi_reg_pp0_iter3_state_6_1_reg_3857   |   32|   0|   32|          0|
    |ap_phi_reg_pp0_iter3_state_6_3_reg_6914   |   32|   0|   32|          0|
    |ap_phi_reg_pp0_iter3_state_7_1_reg_3762   |   32|   0|   32|          0|
    |ap_phi_reg_pp0_iter3_state_7_3_reg_6810   |   32|   0|   32|          0|
    |ap_phi_reg_pp0_iter3_state_8_1_reg_3667   |   32|   0|   32|          0|
    |ap_phi_reg_pp0_iter3_state_8_3_reg_6706   |   32|   0|   32|          0|
    |ap_phi_reg_pp0_iter3_state_9_1_reg_3572   |   32|   0|   32|          0|
    |ap_phi_reg_pp0_iter3_state_9_3_reg_6602   |   32|   0|   32|          0|
    |ap_phi_reg_pp0_iter4_state_0_1_reg_4427   |   32|   0|   32|          0|
    |ap_phi_reg_pp0_iter4_state_0_3_reg_7538   |   32|   0|   32|          0|
    |ap_phi_reg_pp0_iter4_state_10_1_reg_3477  |   32|   0|   32|          0|
    |ap_phi_reg_pp0_iter4_state_10_3_reg_6498  |   32|   0|   32|          0|
    |ap_phi_reg_pp0_iter4_state_11_1_reg_3382  |   32|   0|   32|          0|
    |ap_phi_reg_pp0_iter4_state_11_3_reg_6394  |   32|   0|   32|          0|
    |ap_phi_reg_pp0_iter4_state_12_1_reg_3287  |   32|   0|   32|          0|
    |ap_phi_reg_pp0_iter4_state_12_3_reg_6290  |   32|   0|   32|          0|
    |ap_phi_reg_pp0_iter4_state_13_1_reg_3192  |   32|   0|   32|          0|
    |ap_phi_reg_pp0_iter4_state_13_3_reg_6186  |   32|   0|   32|          0|
    |ap_phi_reg_pp0_iter4_state_14_1_reg_3097  |   32|   0|   32|          0|
    |ap_phi_reg_pp0_iter4_state_14_3_reg_6082  |   32|   0|   32|          0|
    |ap_phi_reg_pp0_iter4_state_15_1_reg_3002  |   32|   0|   32|          0|
    |ap_phi_reg_pp0_iter4_state_15_3_reg_5978  |   32|   0|   32|          0|
    |ap_phi_reg_pp0_iter4_state_16_1_reg_2907  |   32|   0|   32|          0|
    |ap_phi_reg_pp0_iter4_state_16_3_reg_5874  |   32|   0|   32|          0|
    |ap_phi_reg_pp0_iter4_state_17_1_reg_2812  |   32|   0|   32|          0|
    |ap_phi_reg_pp0_iter4_state_17_3_reg_5770  |   32|   0|   32|          0|
    |ap_phi_reg_pp0_iter4_state_18_1_reg_2717  |   32|   0|   32|          0|
    |ap_phi_reg_pp0_iter4_state_18_3_reg_5666  |   32|   0|   32|          0|
    |ap_phi_reg_pp0_iter4_state_19_1_reg_2622  |   32|   0|   32|          0|
    |ap_phi_reg_pp0_iter4_state_19_3_reg_5562  |   32|   0|   32|          0|
    |ap_phi_reg_pp0_iter4_state_1_1_reg_4332   |   32|   0|   32|          0|
    |ap_phi_reg_pp0_iter4_state_1_3_reg_7434   |   32|   0|   32|          0|
    |ap_phi_reg_pp0_iter4_state_20_1_reg_2527  |   32|   0|   32|          0|
    |ap_phi_reg_pp0_iter4_state_20_3_reg_5458  |   32|   0|   32|          0|
    |ap_phi_reg_pp0_iter4_state_21_1_reg_2432  |   32|   0|   32|          0|
    |ap_phi_reg_pp0_iter4_state_21_3_reg_5354  |   32|   0|   32|          0|
    |ap_phi_reg_pp0_iter4_state_22_1_reg_2337  |   32|   0|   32|          0|
    |ap_phi_reg_pp0_iter4_state_22_3_reg_5250  |   32|   0|   32|          0|
    |ap_phi_reg_pp0_iter4_state_23_1_reg_2242  |   32|   0|   32|          0|
    |ap_phi_reg_pp0_iter4_state_23_3_reg_5146  |   32|   0|   32|          0|
    |ap_phi_reg_pp0_iter4_state_24_1_reg_2147  |   32|   0|   32|          0|
    |ap_phi_reg_pp0_iter4_state_24_3_reg_5042  |   32|   0|   32|          0|
    |ap_phi_reg_pp0_iter4_state_25_1_reg_2052  |   32|   0|   32|          0|
    |ap_phi_reg_pp0_iter4_state_25_3_reg_4938  |   32|   0|   32|          0|
    |ap_phi_reg_pp0_iter4_state_26_1_reg_1957  |   32|   0|   32|          0|
    |ap_phi_reg_pp0_iter4_state_26_3_reg_4834  |   32|   0|   32|          0|
    |ap_phi_reg_pp0_iter4_state_27_1_reg_1862  |   32|   0|   32|          0|
    |ap_phi_reg_pp0_iter4_state_27_3_reg_4730  |   32|   0|   32|          0|
    |ap_phi_reg_pp0_iter4_state_28_1_reg_1767  |   32|   0|   32|          0|
    |ap_phi_reg_pp0_iter4_state_28_3_reg_4626  |   32|   0|   32|          0|
    |ap_phi_reg_pp0_iter4_state_29_1_reg_1672  |   32|   0|   32|          0|
    |ap_phi_reg_pp0_iter4_state_29_3_reg_4522  |   32|   0|   32|          0|
    |ap_phi_reg_pp0_iter4_state_2_1_reg_4237   |   32|   0|   32|          0|
    |ap_phi_reg_pp0_iter4_state_2_3_reg_7330   |   32|   0|   32|          0|
    |ap_phi_reg_pp0_iter4_state_3_1_reg_4142   |   32|   0|   32|          0|
    |ap_phi_reg_pp0_iter4_state_3_3_reg_7226   |   32|   0|   32|          0|
    |ap_phi_reg_pp0_iter4_state_4_1_reg_4047   |   32|   0|   32|          0|
    |ap_phi_reg_pp0_iter4_state_4_3_reg_7122   |   32|   0|   32|          0|
    |ap_phi_reg_pp0_iter4_state_5_1_reg_3952   |   32|   0|   32|          0|
    |ap_phi_reg_pp0_iter4_state_5_3_reg_7018   |   32|   0|   32|          0|
    |ap_phi_reg_pp0_iter4_state_6_1_reg_3857   |   32|   0|   32|          0|
    |ap_phi_reg_pp0_iter4_state_6_3_reg_6914   |   32|   0|   32|          0|
    |ap_phi_reg_pp0_iter4_state_7_1_reg_3762   |   32|   0|   32|          0|
    |ap_phi_reg_pp0_iter4_state_7_3_reg_6810   |   32|   0|   32|          0|
    |ap_phi_reg_pp0_iter4_state_8_1_reg_3667   |   32|   0|   32|          0|
    |ap_phi_reg_pp0_iter4_state_8_3_reg_6706   |   32|   0|   32|          0|
    |ap_phi_reg_pp0_iter4_state_9_1_reg_3572   |   32|   0|   32|          0|
    |ap_phi_reg_pp0_iter4_state_9_3_reg_6602   |   32|   0|   32|          0|
    |ap_phi_reg_pp0_iter5_state_0_3_reg_7538   |   32|   0|   32|          0|
    |ap_phi_reg_pp0_iter5_state_10_3_reg_6498  |   32|   0|   32|          0|
    |ap_phi_reg_pp0_iter5_state_11_3_reg_6394  |   32|   0|   32|          0|
    |ap_phi_reg_pp0_iter5_state_12_3_reg_6290  |   32|   0|   32|          0|
    |ap_phi_reg_pp0_iter5_state_13_3_reg_6186  |   32|   0|   32|          0|
    |ap_phi_reg_pp0_iter5_state_14_3_reg_6082  |   32|   0|   32|          0|
    |ap_phi_reg_pp0_iter5_state_15_3_reg_5978  |   32|   0|   32|          0|
    |ap_phi_reg_pp0_iter5_state_16_3_reg_5874  |   32|   0|   32|          0|
    |ap_phi_reg_pp0_iter5_state_17_3_reg_5770  |   32|   0|   32|          0|
    |ap_phi_reg_pp0_iter5_state_18_3_reg_5666  |   32|   0|   32|          0|
    |ap_phi_reg_pp0_iter5_state_19_3_reg_5562  |   32|   0|   32|          0|
    |ap_phi_reg_pp0_iter5_state_1_3_reg_7434   |   32|   0|   32|          0|
    |ap_phi_reg_pp0_iter5_state_20_3_reg_5458  |   32|   0|   32|          0|
    |ap_phi_reg_pp0_iter5_state_21_3_reg_5354  |   32|   0|   32|          0|
    |ap_phi_reg_pp0_iter5_state_22_3_reg_5250  |   32|   0|   32|          0|
    |ap_phi_reg_pp0_iter5_state_23_3_reg_5146  |   32|   0|   32|          0|
    |ap_phi_reg_pp0_iter5_state_24_3_reg_5042  |   32|   0|   32|          0|
    |ap_phi_reg_pp0_iter5_state_25_3_reg_4938  |   32|   0|   32|          0|
    |ap_phi_reg_pp0_iter5_state_26_3_reg_4834  |   32|   0|   32|          0|
    |ap_phi_reg_pp0_iter5_state_27_3_reg_4730  |   32|   0|   32|          0|
    |ap_phi_reg_pp0_iter5_state_28_3_reg_4626  |   32|   0|   32|          0|
    |ap_phi_reg_pp0_iter5_state_29_3_reg_4522  |   32|   0|   32|          0|
    |ap_phi_reg_pp0_iter5_state_2_3_reg_7330   |   32|   0|   32|          0|
    |ap_phi_reg_pp0_iter5_state_3_3_reg_7226   |   32|   0|   32|          0|
    |ap_phi_reg_pp0_iter5_state_4_3_reg_7122   |   32|   0|   32|          0|
    |ap_phi_reg_pp0_iter5_state_5_3_reg_7018   |   32|   0|   32|          0|
    |ap_phi_reg_pp0_iter5_state_6_3_reg_6914   |   32|   0|   32|          0|
    |ap_phi_reg_pp0_iter5_state_7_3_reg_6810   |   32|   0|   32|          0|
    |ap_phi_reg_pp0_iter5_state_8_3_reg_6706   |   32|   0|   32|          0|
    |ap_phi_reg_pp0_iter5_state_9_3_reg_6602   |   32|   0|   32|          0|
    |ap_rst_n_inv                              |    1|   0|    1|          0|
    |ap_rst_reg_1                              |    1|   0|    1|          0|
    |ap_rst_reg_2                              |    1|   0|    1|          0|
    |da2da2_reg_12304                          |   32|   0|   32|          0|
    |da2da2_reg_12304_pp0_iter3_reg            |   32|   0|   32|          0|
    |db2db2_reg_12319                          |   32|   0|   32|          0|
    |dc2dc2_reg_12344                          |   32|   0|   32|          0|
    |det_reg_12359                             |   32|   0|   32|          0|
    |empty_100_fu_548                          |   32|   0|   32|          0|
    |empty_101_fu_552                          |   32|   0|   32|          0|
    |empty_102_fu_556                          |   32|   0|   32|          0|
    |empty_103_fu_560                          |   32|   0|   32|          0|
    |empty_104_fu_564                          |   32|   0|   32|          0|
    |empty_105_fu_568                          |   32|   0|   32|          0|
    |empty_106_fu_572                          |   32|   0|   32|          0|
    |empty_107_fu_576                          |   32|   0|   32|          0|
    |empty_108_fu_580                          |   32|   0|   32|          0|
    |empty_109_fu_584                          |   32|   0|   32|          0|
    |empty_10_fu_188                           |   32|   0|   32|          0|
    |empty_110_fu_588                          |   32|   0|   32|          0|
    |empty_111_fu_592                          |   32|   0|   32|          0|
    |empty_112_fu_596                          |   32|   0|   32|          0|
    |empty_113_fu_600                          |   32|   0|   32|          0|
    |empty_114_fu_604                          |   32|   0|   32|          0|
    |empty_115_fu_608                          |   32|   0|   32|          0|
    |empty_116_fu_612                          |   32|   0|   32|          0|
    |empty_117_fu_616                          |   32|   0|   32|          0|
    |empty_118_fu_620                          |   32|   0|   32|          0|
    |empty_119_fu_624                          |   32|   0|   32|          0|
    |empty_11_fu_192                           |   32|   0|   32|          0|
    |empty_120_fu_628                          |   32|   0|   32|          0|
    |empty_121_fu_632                          |   32|   0|   32|          0|
    |empty_122_fu_636                          |   32|   0|   32|          0|
    |empty_123_fu_640                          |   32|   0|   32|          0|
    |empty_124_fu_644                          |   32|   0|   32|          0|
    |empty_125_fu_648                          |   32|   0|   32|          0|
    |empty_126_fu_652                          |   32|   0|   32|          0|
    |empty_127_fu_656                          |   32|   0|   32|          0|
    |empty_128_fu_660                          |   32|   0|   32|          0|
    |empty_129_fu_664                          |   32|   0|   32|          0|
    |empty_12_fu_196                           |   32|   0|   32|          0|
    |empty_130_fu_668                          |   32|   0|   32|          0|
    |empty_131_fu_672                          |   32|   0|   32|          0|
    |empty_132_fu_676                          |   32|   0|   32|          0|
    |empty_133_fu_680                          |   32|   0|   32|          0|
    |empty_134_fu_684                          |   32|   0|   32|          0|
    |empty_135_fu_688                          |   32|   0|   32|          0|
    |empty_136_fu_692                          |   32|   0|   32|          0|
    |empty_137_fu_696                          |   32|   0|   32|          0|
    |empty_138_fu_700                          |   32|   0|   32|          0|
    |empty_139_fu_704                          |   32|   0|   32|          0|
    |empty_13_fu_200                           |   32|   0|   32|          0|
    |empty_140_fu_708                          |   32|   0|   32|          0|
    |empty_141_fu_712                          |   32|   0|   32|          0|
    |empty_142_fu_716                          |   32|   0|   32|          0|
    |empty_143_fu_720                          |   32|   0|   32|          0|
    |empty_144_fu_724                          |   32|   0|   32|          0|
    |empty_145_fu_728                          |   32|   0|   32|          0|
    |empty_146_fu_732                          |   32|   0|   32|          0|
    |empty_147_fu_736                          |   32|   0|   32|          0|
    |empty_148_fu_740                          |   32|   0|   32|          0|
    |empty_149_fu_744                          |   32|   0|   32|          0|
    |empty_14_fu_204                           |   32|   0|   32|          0|
    |empty_150_fu_748                          |   32|   0|   32|          0|
    |empty_151_fu_752                          |   32|   0|   32|          0|
    |empty_152_fu_756                          |   32|   0|   32|          0|
    |empty_153_fu_760                          |   32|   0|   32|          0|
    |empty_154_fu_764                          |   32|   0|   32|          0|
    |empty_155_fu_768                          |   32|   0|   32|          0|
    |empty_156_fu_772                          |   32|   0|   32|          0|
    |empty_157_fu_776                          |   32|   0|   32|          0|
    |empty_158_fu_780                          |   32|   0|   32|          0|
    |empty_159_fu_784                          |   32|   0|   32|          0|
    |empty_15_fu_208                           |   32|   0|   32|          0|
    |empty_160_fu_788                          |   32|   0|   32|          0|
    |empty_161_fu_792                          |   32|   0|   32|          0|
    |empty_162_fu_796                          |   32|   0|   32|          0|
    |empty_163_fu_800                          |   32|   0|   32|          0|
    |empty_164_fu_804                          |   32|   0|   32|          0|
    |empty_165_fu_808                          |   32|   0|   32|          0|
    |empty_166_fu_812                          |   32|   0|   32|          0|
    |empty_167_fu_816                          |   32|   0|   32|          0|
    |empty_168_fu_820                          |   32|   0|   32|          0|
    |empty_169_fu_824                          |   32|   0|   32|          0|
    |empty_16_fu_212                           |   32|   0|   32|          0|
    |empty_170_fu_828                          |   32|   0|   32|          0|
    |empty_171_fu_832                          |   32|   0|   32|          0|
    |empty_172_fu_836                          |   32|   0|   32|          0|
    |empty_173_fu_840                          |   32|   0|   32|          0|
    |empty_174_fu_844                          |   32|   0|   32|          0|
    |empty_175_fu_848                          |   32|   0|   32|          0|
    |empty_176_fu_852                          |   32|   0|   32|          0|
    |empty_177_fu_856                          |   32|   0|   32|          0|
    |empty_178_fu_860                          |   32|   0|   32|          0|
    |empty_179_fu_864                          |   32|   0|   32|          0|
    |empty_17_fu_216                           |   32|   0|   32|          0|
    |empty_180_fu_868                          |   32|   0|   32|          0|
    |empty_181_fu_872                          |   32|   0|   32|          0|
    |empty_182_fu_876                          |   32|   0|   32|          0|
    |empty_183_fu_880                          |   32|   0|   32|          0|
    |empty_184_fu_884                          |   32|   0|   32|          0|
    |empty_185_fu_888                          |   32|   0|   32|          0|
    |empty_186_fu_892                          |   32|   0|   32|          0|
    |empty_187_fu_896                          |   32|   0|   32|          0|
    |empty_188_fu_900                          |   32|   0|   32|          0|
    |empty_189_fu_904                          |   32|   0|   32|          0|
    |empty_18_fu_220                           |   32|   0|   32|          0|
    |empty_190_fu_908                          |   32|   0|   32|          0|
    |empty_191_fu_912                          |   32|   0|   32|          0|
    |empty_192_fu_916                          |   32|   0|   32|          0|
    |empty_193_fu_920                          |   32|   0|   32|          0|
    |empty_194_fu_924                          |   32|   0|   32|          0|
    |empty_195_fu_928                          |   32|   0|   32|          0|
    |empty_196_fu_932                          |   32|   0|   32|          0|
    |empty_197_fu_936                          |   32|   0|   32|          0|
    |empty_198_fu_940                          |   32|   0|   32|          0|
    |empty_199_fu_944                          |   32|   0|   32|          0|
    |empty_19_fu_224                           |   32|   0|   32|          0|
    |empty_200_fu_948                          |   32|   0|   32|          0|
    |empty_201_fu_952                          |   32|   0|   32|          0|
    |empty_202_fu_956                          |   32|   0|   32|          0|
    |empty_203_fu_960                          |   32|   0|   32|          0|
    |empty_204_fu_964                          |   32|   0|   32|          0|
    |empty_205_fu_968                          |   32|   0|   32|          0|
    |empty_206_fu_972                          |   32|   0|   32|          0|
    |empty_207_fu_976                          |   32|   0|   32|          0|
    |empty_208_fu_980                          |   32|   0|   32|          0|
    |empty_209_fu_984                          |   32|   0|   32|          0|
    |empty_20_fu_228                           |   32|   0|   32|          0|
    |empty_210_fu_988                          |   32|   0|   32|          0|
    |empty_211_fu_992                          |   32|   0|   32|          0|
    |empty_212_fu_996                          |   32|   0|   32|          0|
    |empty_213_fu_1000                         |   32|   0|   32|          0|
    |empty_214_fu_1004                         |   32|   0|   32|          0|
    |empty_215_fu_1008                         |   32|   0|   32|          0|
    |empty_216_fu_1012                         |   32|   0|   32|          0|
    |empty_217_fu_1016                         |   32|   0|   32|          0|
    |empty_218_fu_1020                         |   32|   0|   32|          0|
    |empty_219_fu_1024                         |   32|   0|   32|          0|
    |empty_21_fu_232                           |   32|   0|   32|          0|
    |empty_220_fu_1028                         |   32|   0|   32|          0|
    |empty_221_fu_1032                         |   32|   0|   32|          0|
    |empty_222_fu_1036                         |   32|   0|   32|          0|
    |empty_223_fu_1040                         |   32|   0|   32|          0|
    |empty_224_fu_1044                         |   32|   0|   32|          0|
    |empty_225_fu_1048                         |   32|   0|   32|          0|
    |empty_226_fu_1052                         |   32|   0|   32|          0|
    |empty_227_fu_1056                         |   32|   0|   32|          0|
    |empty_228_fu_1060                         |   32|   0|   32|          0|
    |empty_229_fu_1064                         |   32|   0|   32|          0|
    |empty_22_fu_236                           |   32|   0|   32|          0|
    |empty_230_fu_1068                         |   32|   0|   32|          0|
    |empty_231_fu_1072                         |   32|   0|   32|          0|
    |empty_232_fu_1076                         |   32|   0|   32|          0|
    |empty_233_fu_1080                         |   32|   0|   32|          0|
    |empty_234_fu_1084                         |   32|   0|   32|          0|
    |empty_235_fu_1088                         |   32|   0|   32|          0|
    |empty_236_fu_1092                         |   32|   0|   32|          0|
    |empty_237_fu_1096                         |   32|   0|   32|          0|
    |empty_238_fu_1100                         |   32|   0|   32|          0|
    |empty_239_fu_1104                         |   32|   0|   32|          0|
    |empty_23_fu_240                           |   32|   0|   32|          0|
    |empty_240_fu_1108                         |   32|   0|   32|          0|
    |empty_241_fu_1112                         |   32|   0|   32|          0|
    |empty_242_fu_1116                         |   32|   0|   32|          0|
    |empty_243_fu_1120                         |   32|   0|   32|          0|
    |empty_244_fu_1124                         |   32|   0|   32|          0|
    |empty_24_fu_244                           |   32|   0|   32|          0|
    |empty_25_fu_248                           |   32|   0|   32|          0|
    |empty_26_fu_252                           |   32|   0|   32|          0|
    |empty_27_fu_256                           |   32|   0|   32|          0|
    |empty_28_fu_260                           |   32|   0|   32|          0|
    |empty_29_fu_264                           |   32|   0|   32|          0|
    |empty_30_fu_268                           |   32|   0|   32|          0|
    |empty_31_fu_272                           |   32|   0|   32|          0|
    |empty_32_fu_276                           |   32|   0|   32|          0|
    |empty_33_fu_280                           |   32|   0|   32|          0|
    |empty_34_fu_284                           |   32|   0|   32|          0|
    |empty_35_fu_288                           |   32|   0|   32|          0|
    |empty_36_fu_292                           |   32|   0|   32|          0|
    |empty_37_fu_296                           |   32|   0|   32|          0|
    |empty_38_fu_300                           |   32|   0|   32|          0|
    |empty_39_fu_304                           |   32|   0|   32|          0|
    |empty_40_fu_308                           |   32|   0|   32|          0|
    |empty_41_fu_312                           |   32|   0|   32|          0|
    |empty_42_fu_316                           |   32|   0|   32|          0|
    |empty_43_fu_320                           |   32|   0|   32|          0|
    |empty_44_fu_324                           |   32|   0|   32|          0|
    |empty_45_fu_328                           |   32|   0|   32|          0|
    |empty_46_fu_332                           |   32|   0|   32|          0|
    |empty_47_fu_336                           |   32|   0|   32|          0|
    |empty_48_fu_340                           |   32|   0|   32|          0|
    |empty_49_fu_344                           |   32|   0|   32|          0|
    |empty_50_fu_348                           |   32|   0|   32|          0|
    |empty_51_fu_352                           |   32|   0|   32|          0|
    |empty_52_fu_356                           |   32|   0|   32|          0|
    |empty_53_fu_360                           |   32|   0|   32|          0|
    |empty_54_fu_364                           |   32|   0|   32|          0|
    |empty_55_fu_368                           |   32|   0|   32|          0|
    |empty_56_fu_372                           |   32|   0|   32|          0|
    |empty_57_fu_376                           |   32|   0|   32|          0|
    |empty_58_fu_380                           |   32|   0|   32|          0|
    |empty_59_fu_384                           |   32|   0|   32|          0|
    |empty_60_fu_388                           |   32|   0|   32|          0|
    |empty_61_fu_392                           |   32|   0|   32|          0|
    |empty_62_fu_396                           |   32|   0|   32|          0|
    |empty_63_fu_400                           |   32|   0|   32|          0|
    |empty_64_fu_404                           |   32|   0|   32|          0|
    |empty_65_fu_408                           |   32|   0|   32|          0|
    |empty_66_fu_412                           |   32|   0|   32|          0|
    |empty_67_fu_416                           |   32|   0|   32|          0|
    |empty_68_fu_420                           |   32|   0|   32|          0|
    |empty_69_fu_424                           |   32|   0|   32|          0|
    |empty_6_fu_172                            |   32|   0|   32|          0|
    |empty_70_fu_428                           |   32|   0|   32|          0|
    |empty_71_fu_432                           |   32|   0|   32|          0|
    |empty_72_fu_436                           |   32|   0|   32|          0|
    |empty_73_fu_440                           |   32|   0|   32|          0|
    |empty_74_fu_444                           |   32|   0|   32|          0|
    |empty_75_fu_448                           |   32|   0|   32|          0|
    |empty_76_fu_452                           |   32|   0|   32|          0|
    |empty_77_fu_456                           |   32|   0|   32|          0|
    |empty_78_fu_460                           |   32|   0|   32|          0|
    |empty_79_fu_464                           |   32|   0|   32|          0|
    |empty_7_fu_176                            |   32|   0|   32|          0|
    |empty_80_fu_468                           |   32|   0|   32|          0|
    |empty_81_fu_472                           |   32|   0|   32|          0|
    |empty_82_fu_476                           |   32|   0|   32|          0|
    |empty_83_fu_480                           |   32|   0|   32|          0|
    |empty_84_fu_484                           |   32|   0|   32|          0|
    |empty_85_fu_488                           |   32|   0|   32|          0|
    |empty_86_fu_492                           |   32|   0|   32|          0|
    |empty_87_fu_496                           |   32|   0|   32|          0|
    |empty_88_fu_500                           |   32|   0|   32|          0|
    |empty_89_fu_504                           |   32|   0|   32|          0|
    |empty_8_fu_180                            |   32|   0|   32|          0|
    |empty_90_fu_508                           |   32|   0|   32|          0|
    |empty_91_fu_512                           |   32|   0|   32|          0|
    |empty_92_fu_516                           |   32|   0|   32|          0|
    |empty_93_fu_520                           |   32|   0|   32|          0|
    |empty_94_fu_524                           |   32|   0|   32|          0|
    |empty_95_fu_528                           |   32|   0|   32|          0|
    |empty_96_fu_532                           |   32|   0|   32|          0|
    |empty_97_fu_536                           |   32|   0|   32|          0|
    |empty_98_fu_540                           |   32|   0|   32|          0|
    |empty_99_fu_544                           |   32|   0|   32|          0|
    |empty_9_fu_184                            |   32|   0|   32|          0|
    |empty_fu_168                              |   32|   0|   32|          0|
    |gmem0_addr_reg_12063                      |   62|   0|   64|          2|
    |gmem1_addr_10_reg_12143                   |   63|   0|   64|          1|
    |gmem1_addr_11_reg_12149                   |   63|   0|   64|          1|
    |gmem1_addr_12_reg_12155                   |   63|   0|   64|          1|
    |gmem1_addr_13_reg_12161                   |   63|   0|   64|          1|
    |gmem1_addr_14_reg_12167                   |   63|   0|   64|          1|
    |gmem1_addr_7_reg_12125                    |   63|   0|   64|          1|
    |gmem1_addr_8_reg_12131                    |   63|   0|   64|          1|
    |gmem1_addr_9_reg_12137                    |   63|   0|   64|          1|
    |i_0_reg_1300                              |    5|   0|    5|          0|
    |i_reg_12173                               |    5|   0|    5|          0|
    |icmp_ln58_reg_12110                       |    1|   0|    1|          0|
    |icmp_ln75_reg_12213                       |    1|   0|    1|          0|
    |indata_f10_reg_12034                      |   62|   0|   62|          0|
    |indata_f11_reg_12040                      |   62|   0|   62|          0|
    |indata_f12_reg_12046                      |   62|   0|   62|          0|
    |indata_f13_reg_12052                      |   62|   0|   62|          0|
    |indata_f8_reg_12022                       |   62|   0|   62|          0|
    |indata_f9_reg_12028                       |   62|   0|   62|          0|
    |indata_f_reg_12016                        |   62|   0|   62|          0|
    |min1_reg_12334                            |   32|   0|   32|          0|
    |min2_reg_12339                            |   32|   0|   32|          0|
    |min3_reg_12329                            |   32|   0|   32|          0|
    |p_cast19_reg_12100                        |   62|   0|   63|          1|
    |p_cast20_reg_12095                        |   62|   0|   63|          1|
    |p_cast21_reg_12090                        |   62|   0|   63|          1|
    |p_cast22_reg_12085                        |   62|   0|   63|          1|
    |p_cast23_reg_12080                        |   62|   0|   63|          1|
    |p_cast24_reg_12075                        |   62|   0|   63|          1|
    |p_cast25_reg_12070                        |   62|   0|   63|          1|
    |p_cast_reg_12105                          |   62|   0|   63|          1|
    |reg_7663                                  |   32|   0|   32|          0|
    |reg_7669                                  |   32|   0|   32|          0|
    |reg_7675                                  |   32|   0|   32|          0|
    |reg_7680                                  |   32|   0|   32|          0|
    |reg_7686                                  |   32|   0|   32|          0|
    |state_0_0_reg_1660                        |   32|   0|   32|          0|
    |state_0_1_reg_4427                        |   32|   0|   32|          0|
    |state_0_3_reg_7538                        |   32|   0|   32|          0|
    |state_0_reg_12178                         |   32|   0|   32|          0|
    |state_10_0_reg_1540                       |   32|   0|   32|          0|
    |state_10_1_reg_3477                       |   32|   0|   32|          0|
    |state_10_3_reg_6498                       |   32|   0|   32|          0|
    |state_11_0_reg_1528                       |   32|   0|   32|          0|
    |state_11_1_reg_3382                       |   32|   0|   32|          0|
    |state_11_3_reg_6394                       |   32|   0|   32|          0|
    |state_12_0_reg_1516                       |   32|   0|   32|          0|
    |state_12_1_reg_3287                       |   32|   0|   32|          0|
    |state_12_3_reg_6290                       |   32|   0|   32|          0|
    |state_13_0_reg_1504                       |   32|   0|   32|          0|
    |state_13_1_reg_3192                       |   32|   0|   32|          0|
    |state_13_3_reg_6186                       |   32|   0|   32|          0|
    |state_14_0_reg_1492                       |   32|   0|   32|          0|
    |state_14_1_reg_3097                       |   32|   0|   32|          0|
    |state_14_3_reg_6082                       |   32|   0|   32|          0|
    |state_15_0_reg_1480                       |   32|   0|   32|          0|
    |state_15_1_reg_3002                       |   32|   0|   32|          0|
    |state_15_3_reg_5978                       |   32|   0|   32|          0|
    |state_16_0_reg_1468                       |   32|   0|   32|          0|
    |state_16_1_reg_2907                       |   32|   0|   32|          0|
    |state_16_3_reg_5874                       |   32|   0|   32|          0|
    |state_17_0_reg_1456                       |   32|   0|   32|          0|
    |state_17_1_reg_2812                       |   32|   0|   32|          0|
    |state_17_3_reg_5770                       |   32|   0|   32|          0|
    |state_18_0_reg_1444                       |   32|   0|   32|          0|
    |state_18_1_reg_2717                       |   32|   0|   32|          0|
    |state_18_3_reg_5666                       |   32|   0|   32|          0|
    |state_19_0_reg_1432                       |   32|   0|   32|          0|
    |state_19_1_reg_2622                       |   32|   0|   32|          0|
    |state_19_3_reg_5562                       |   32|   0|   32|          0|
    |state_1_0_reg_1648                        |   32|   0|   32|          0|
    |state_1_1_reg_4332                        |   32|   0|   32|          0|
    |state_1_3_reg_7434                        |   32|   0|   32|          0|
    |state_20_0_reg_1420                       |   32|   0|   32|          0|
    |state_20_1_reg_2527                       |   32|   0|   32|          0|
    |state_20_3_reg_5458                       |   32|   0|   32|          0|
    |state_21_0_reg_1408                       |   32|   0|   32|          0|
    |state_21_1_reg_2432                       |   32|   0|   32|          0|
    |state_21_3_reg_5354                       |   32|   0|   32|          0|
    |state_22_0_reg_1396                       |   32|   0|   32|          0|
    |state_22_1_reg_2337                       |   32|   0|   32|          0|
    |state_22_3_reg_5250                       |   32|   0|   32|          0|
    |state_23_0_reg_1384                       |   32|   0|   32|          0|
    |state_23_1_reg_2242                       |   32|   0|   32|          0|
    |state_23_3_reg_5146                       |   32|   0|   32|          0|
    |state_24_0_reg_1372                       |   32|   0|   32|          0|
    |state_24_1_reg_2147                       |   32|   0|   32|          0|
    |state_24_3_reg_5042                       |   32|   0|   32|          0|
    |state_25_0_reg_1360                       |   32|   0|   32|          0|
    |state_25_1_reg_2052                       |   32|   0|   32|          0|
    |state_25_3_reg_4938                       |   32|   0|   32|          0|
    |state_26_0_reg_1348                       |   32|   0|   32|          0|
    |state_26_1_reg_1957                       |   32|   0|   32|          0|
    |state_26_3_reg_4834                       |   32|   0|   32|          0|
    |state_27_0_reg_1336                       |   32|   0|   32|          0|
    |state_27_1_reg_1862                       |   32|   0|   32|          0|
    |state_27_3_reg_4730                       |   32|   0|   32|          0|
    |state_28_0_reg_1324                       |   32|   0|   32|          0|
    |state_28_1_reg_1767                       |   32|   0|   32|          0|
    |state_28_3_reg_4626                       |   32|   0|   32|          0|
    |state_29_0_reg_1312                       |   32|   0|   32|          0|
    |state_29_1_reg_1672                       |   32|   0|   32|          0|
    |state_29_3_reg_4522                       |   32|   0|   32|          0|
    |state_2_0_reg_1636                        |   32|   0|   32|          0|
    |state_2_1_reg_4237                        |   32|   0|   32|          0|
    |state_2_3_reg_7330                        |   32|   0|   32|          0|
    |state_3_0_reg_1624                        |   32|   0|   32|          0|
    |state_3_1_reg_4142                        |   32|   0|   32|          0|
    |state_3_3_reg_7226                        |   32|   0|   32|          0|
    |state_4_0_reg_1612                        |   32|   0|   32|          0|
    |state_4_1_reg_4047                        |   32|   0|   32|          0|
    |state_4_3_reg_7122                        |   32|   0|   32|          0|
    |state_5_0_reg_1600                        |   32|   0|   32|          0|
    |state_5_1_reg_3952                        |   32|   0|   32|          0|
    |state_5_3_reg_7018                        |   32|   0|   32|          0|
    |state_6_0_reg_1588                        |   32|   0|   32|          0|
    |state_6_1_reg_3857                        |   32|   0|   32|          0|
    |state_6_3_reg_6914                        |   32|   0|   32|          0|
    |state_7_0_reg_1576                        |   32|   0|   32|          0|
    |state_7_1_reg_3762                        |   32|   0|   32|          0|
    |state_7_3_reg_6810                        |   32|   0|   32|          0|
    |state_8_0_reg_1564                        |   32|   0|   32|          0|
    |state_8_1_reg_3667                        |   32|   0|   32|          0|
    |state_8_3_reg_6706                        |   32|   0|   32|          0|
    |state_9_0_reg_1552                        |   32|   0|   32|          0|
    |state_9_1_reg_3572                        |   32|   0|   32|          0|
    |state_9_3_reg_6602                        |   32|   0|   32|          0|
    |tmp_10_i_reg_12292                        |   32|   0|   32|          0|
    |tmp_10_reg_12369                          |   32|   0|   32|          0|
    |tmp_12_reg_12058                          |   62|   0|   62|          0|
    |tmp_13_i_reg_12354                        |   32|   0|   32|          0|
    |tmp_14_i_reg_12349                        |   32|   0|   32|          0|
    |tmp_14_i_reg_12349_pp0_iter4_reg          |   32|   0|   32|          0|
    |tmp_2_reg_12222                           |   32|   0|   32|          0|
    |tmp_5_i_reg_12324                         |   32|   0|   32|          0|
    |tmp_6_reg_12232                           |   32|   0|   32|          0|
    |tmp_8_i_reg_12314                         |   32|   0|   32|          0|
    |tmp_9_i_reg_12309                         |   32|   0|   32|          0|
    |xda_reg_12237                             |   32|   0|   32|          0|
    |xdb_reg_12261                             |   32|   0|   32|          0|
    |xdc_reg_12285                             |   32|   0|   32|          0|
    |yda_reg_12249                             |   32|   0|   32|          0|
    |ydb_reg_12273                             |   32|   0|   32|          0|
    |ydc_reg_12297                             |   32|   0|   32|          0|
    |zext_ln63_reg_12114                       |    5|   0|   63|         58|
    |i_0_reg_1300                              |   64|  32|    5|          0|
    |icmp_ln58_reg_12110                       |   64|  32|    1|          0|
    |icmp_ln75_reg_12213                       |   64|  32|    1|          0|
    |state_0_reg_12178                         |   64|  32|   32|          0|
    +------------------------------------------+-----+----+-----+-----------+
    |Total                                     |22022| 128|21881|         76|
    +------------------------------------------+-----+----+-----+-----------+



================================================================
== Interface
================================================================
* Summary: 
+-----------------------+-----+-----+------------+-----------------+--------------+
|       RTL Ports       | Dir | Bits|  Protocol  |  Source Object  |    C Type    |
+-----------------------+-----+-----+------------+-----------------+--------------+
|s_axi_control_AWVALID  |  in |    1|    s_axi   |     control     |    scalar    |
|s_axi_control_AWREADY  | out |    1|    s_axi   |     control     |    scalar    |
|s_axi_control_AWADDR   |  in |    7|    s_axi   |     control     |    scalar    |
|s_axi_control_WVALID   |  in |    1|    s_axi   |     control     |    scalar    |
|s_axi_control_WREADY   | out |    1|    s_axi   |     control     |    scalar    |
|s_axi_control_WDATA    |  in |   32|    s_axi   |     control     |    scalar    |
|s_axi_control_WSTRB    |  in |    4|    s_axi   |     control     |    scalar    |
|s_axi_control_ARVALID  |  in |    1|    s_axi   |     control     |    scalar    |
|s_axi_control_ARREADY  | out |    1|    s_axi   |     control     |    scalar    |
|s_axi_control_ARADDR   |  in |    7|    s_axi   |     control     |    scalar    |
|s_axi_control_RVALID   | out |    1|    s_axi   |     control     |    scalar    |
|s_axi_control_RREADY   |  in |    1|    s_axi   |     control     |    scalar    |
|s_axi_control_RDATA    | out |   32|    s_axi   |     control     |    scalar    |
|s_axi_control_RRESP    | out |    2|    s_axi   |     control     |    scalar    |
|s_axi_control_BVALID   | out |    1|    s_axi   |     control     |    scalar    |
|s_axi_control_BREADY   |  in |    1|    s_axi   |     control     |    scalar    |
|s_axi_control_BRESP    | out |    2|    s_axi   |     control     |    scalar    |
|ap_clk                 |  in |    1| ap_ctrl_hs | accel_in_circle | return value |
|ap_rst_n               |  in |    1| ap_ctrl_hs | accel_in_circle | return value |
|interrupt              | out |    1| ap_ctrl_hs | accel_in_circle | return value |
|m_axi_gmem1_AWVALID    | out |    1|    m_axi   |      gmem1      |    pointer   |
|m_axi_gmem1_AWREADY    |  in |    1|    m_axi   |      gmem1      |    pointer   |
|m_axi_gmem1_AWADDR     | out |   64|    m_axi   |      gmem1      |    pointer   |
|m_axi_gmem1_AWID       | out |    1|    m_axi   |      gmem1      |    pointer   |
|m_axi_gmem1_AWLEN      | out |    8|    m_axi   |      gmem1      |    pointer   |
|m_axi_gmem1_AWSIZE     | out |    3|    m_axi   |      gmem1      |    pointer   |
|m_axi_gmem1_AWBURST    | out |    2|    m_axi   |      gmem1      |    pointer   |
|m_axi_gmem1_AWLOCK     | out |    2|    m_axi   |      gmem1      |    pointer   |
|m_axi_gmem1_AWCACHE    | out |    4|    m_axi   |      gmem1      |    pointer   |
|m_axi_gmem1_AWPROT     | out |    3|    m_axi   |      gmem1      |    pointer   |
|m_axi_gmem1_AWQOS      | out |    4|    m_axi   |      gmem1      |    pointer   |
|m_axi_gmem1_AWREGION   | out |    4|    m_axi   |      gmem1      |    pointer   |
|m_axi_gmem1_AWUSER     | out |    1|    m_axi   |      gmem1      |    pointer   |
|m_axi_gmem1_WVALID     | out |    1|    m_axi   |      gmem1      |    pointer   |
|m_axi_gmem1_WREADY     |  in |    1|    m_axi   |      gmem1      |    pointer   |
|m_axi_gmem1_WDATA      | out |   32|    m_axi   |      gmem1      |    pointer   |
|m_axi_gmem1_WSTRB      | out |    4|    m_axi   |      gmem1      |    pointer   |
|m_axi_gmem1_WLAST      | out |    1|    m_axi   |      gmem1      |    pointer   |
|m_axi_gmem1_WID        | out |    1|    m_axi   |      gmem1      |    pointer   |
|m_axi_gmem1_WUSER      | out |    1|    m_axi   |      gmem1      |    pointer   |
|m_axi_gmem1_ARVALID    | out |    1|    m_axi   |      gmem1      |    pointer   |
|m_axi_gmem1_ARREADY    |  in |    1|    m_axi   |      gmem1      |    pointer   |
|m_axi_gmem1_ARADDR     | out |   64|    m_axi   |      gmem1      |    pointer   |
|m_axi_gmem1_ARID       | out |    1|    m_axi   |      gmem1      |    pointer   |
|m_axi_gmem1_ARLEN      | out |    8|    m_axi   |      gmem1      |    pointer   |
|m_axi_gmem1_ARSIZE     | out |    3|    m_axi   |      gmem1      |    pointer   |
|m_axi_gmem1_ARBURST    | out |    2|    m_axi   |      gmem1      |    pointer   |
|m_axi_gmem1_ARLOCK     | out |    2|    m_axi   |      gmem1      |    pointer   |
|m_axi_gmem1_ARCACHE    | out |    4|    m_axi   |      gmem1      |    pointer   |
|m_axi_gmem1_ARPROT     | out |    3|    m_axi   |      gmem1      |    pointer   |
|m_axi_gmem1_ARQOS      | out |    4|    m_axi   |      gmem1      |    pointer   |
|m_axi_gmem1_ARREGION   | out |    4|    m_axi   |      gmem1      |    pointer   |
|m_axi_gmem1_ARUSER     | out |    1|    m_axi   |      gmem1      |    pointer   |
|m_axi_gmem1_RVALID     |  in |    1|    m_axi   |      gmem1      |    pointer   |
|m_axi_gmem1_RREADY     | out |    1|    m_axi   |      gmem1      |    pointer   |
|m_axi_gmem1_RDATA      |  in |   32|    m_axi   |      gmem1      |    pointer   |
|m_axi_gmem1_RLAST      |  in |    1|    m_axi   |      gmem1      |    pointer   |
|m_axi_gmem1_RID        |  in |    1|    m_axi   |      gmem1      |    pointer   |
|m_axi_gmem1_RUSER      |  in |    1|    m_axi   |      gmem1      |    pointer   |
|m_axi_gmem1_RRESP      |  in |    2|    m_axi   |      gmem1      |    pointer   |
|m_axi_gmem1_BVALID     |  in |    1|    m_axi   |      gmem1      |    pointer   |
|m_axi_gmem1_BREADY     | out |    1|    m_axi   |      gmem1      |    pointer   |
|m_axi_gmem1_BRESP      |  in |    2|    m_axi   |      gmem1      |    pointer   |
|m_axi_gmem1_BID        |  in |    1|    m_axi   |      gmem1      |    pointer   |
|m_axi_gmem1_BUSER      |  in |    1|    m_axi   |      gmem1      |    pointer   |
|m_axi_gmem0_AWVALID    | out |    1|    m_axi   |      gmem0      |    pointer   |
|m_axi_gmem0_AWREADY    |  in |    1|    m_axi   |      gmem0      |    pointer   |
|m_axi_gmem0_AWADDR     | out |   64|    m_axi   |      gmem0      |    pointer   |
|m_axi_gmem0_AWID       | out |    1|    m_axi   |      gmem0      |    pointer   |
|m_axi_gmem0_AWLEN      | out |    8|    m_axi   |      gmem0      |    pointer   |
|m_axi_gmem0_AWSIZE     | out |    3|    m_axi   |      gmem0      |    pointer   |
|m_axi_gmem0_AWBURST    | out |    2|    m_axi   |      gmem0      |    pointer   |
|m_axi_gmem0_AWLOCK     | out |    2|    m_axi   |      gmem0      |    pointer   |
|m_axi_gmem0_AWCACHE    | out |    4|    m_axi   |      gmem0      |    pointer   |
|m_axi_gmem0_AWPROT     | out |    3|    m_axi   |      gmem0      |    pointer   |
|m_axi_gmem0_AWQOS      | out |    4|    m_axi   |      gmem0      |    pointer   |
|m_axi_gmem0_AWREGION   | out |    4|    m_axi   |      gmem0      |    pointer   |
|m_axi_gmem0_AWUSER     | out |    1|    m_axi   |      gmem0      |    pointer   |
|m_axi_gmem0_WVALID     | out |    1|    m_axi   |      gmem0      |    pointer   |
|m_axi_gmem0_WREADY     |  in |    1|    m_axi   |      gmem0      |    pointer   |
|m_axi_gmem0_WDATA      | out |   32|    m_axi   |      gmem0      |    pointer   |
|m_axi_gmem0_WSTRB      | out |    4|    m_axi   |      gmem0      |    pointer   |
|m_axi_gmem0_WLAST      | out |    1|    m_axi   |      gmem0      |    pointer   |
|m_axi_gmem0_WID        | out |    1|    m_axi   |      gmem0      |    pointer   |
|m_axi_gmem0_WUSER      | out |    1|    m_axi   |      gmem0      |    pointer   |
|m_axi_gmem0_ARVALID    | out |    1|    m_axi   |      gmem0      |    pointer   |
|m_axi_gmem0_ARREADY    |  in |    1|    m_axi   |      gmem0      |    pointer   |
|m_axi_gmem0_ARADDR     | out |   64|    m_axi   |      gmem0      |    pointer   |
|m_axi_gmem0_ARID       | out |    1|    m_axi   |      gmem0      |    pointer   |
|m_axi_gmem0_ARLEN      | out |    8|    m_axi   |      gmem0      |    pointer   |
|m_axi_gmem0_ARSIZE     | out |    3|    m_axi   |      gmem0      |    pointer   |
|m_axi_gmem0_ARBURST    | out |    2|    m_axi   |      gmem0      |    pointer   |
|m_axi_gmem0_ARLOCK     | out |    2|    m_axi   |      gmem0      |    pointer   |
|m_axi_gmem0_ARCACHE    | out |    4|    m_axi   |      gmem0      |    pointer   |
|m_axi_gmem0_ARPROT     | out |    3|    m_axi   |      gmem0      |    pointer   |
|m_axi_gmem0_ARQOS      | out |    4|    m_axi   |      gmem0      |    pointer   |
|m_axi_gmem0_ARREGION   | out |    4|    m_axi   |      gmem0      |    pointer   |
|m_axi_gmem0_ARUSER     | out |    1|    m_axi   |      gmem0      |    pointer   |
|m_axi_gmem0_RVALID     |  in |    1|    m_axi   |      gmem0      |    pointer   |
|m_axi_gmem0_RREADY     | out |    1|    m_axi   |      gmem0      |    pointer   |
|m_axi_gmem0_RDATA      |  in |   32|    m_axi   |      gmem0      |    pointer   |
|m_axi_gmem0_RLAST      |  in |    1|    m_axi   |      gmem0      |    pointer   |
|m_axi_gmem0_RID        |  in |    1|    m_axi   |      gmem0      |    pointer   |
|m_axi_gmem0_RUSER      |  in |    1|    m_axi   |      gmem0      |    pointer   |
|m_axi_gmem0_RRESP      |  in |    2|    m_axi   |      gmem0      |    pointer   |
|m_axi_gmem0_BVALID     |  in |    1|    m_axi   |      gmem0      |    pointer   |
|m_axi_gmem0_BREADY     | out |    1|    m_axi   |      gmem0      |    pointer   |
|m_axi_gmem0_BRESP      |  in |    2|    m_axi   |      gmem0      |    pointer   |
|m_axi_gmem0_BID        |  in |    1|    m_axi   |      gmem0      |    pointer   |
|m_axi_gmem0_BUSER      |  in |    1|    m_axi   |      gmem0      |    pointer   |
+-----------------------+-----+-----+------------+-----------------+--------------+

