

================================================================
== Vivado HLS Report for 'accel_in_circle'
================================================================
* Date:           Thu Jun 11 16:52:55 2020

* Version:        2019.2 (Build 2704478 on Wed Nov 06 22:10:23 MST 2019)
* Project:        fidelta_apint
* Solution:       solution1
* Product family: virtexuplus
* Target device:  xcu200-fsgd2104-2-e


================================================================
== Performance Estimates
================================================================
+ Timing: 
    * Summary: 
    +--------+----------+----------+------------+
    |  Clock |  Target  | Estimated| Uncertainty|
    +--------+----------+----------+------------+
    |ap_clk  | 10.00 ns | 7.300 ns |   2.70 ns  |
    +--------+----------+----------+------------+

+ Latency: 
    * Summary: 
    +---------+---------+----------+----------+-----+-----+---------+
    |  Latency (cycles) |  Latency (absolute) |  Interval | Pipeline|
    |   min   |   max   |    min   |    max   | min | max |   Type  |
    +---------+---------+----------+----------+-----+-----+---------+
    |       48|       48| 0.480 us | 0.480 us |   48|   48|   none  |
    +---------+---------+----------+----------+-----+-----+---------+

    + Detail: 
        * Instance: 
        N/A

        * Loop: 
        +------------+---------+---------+----------+-----------+-----------+------+----------+
        |            |  Latency (cycles) | Iteration|  Initiation Interval  | Trip |          |
        |  Loop Name |   min   |   max   |  Latency |  achieved |   target  | Count| Pipelined|
        +------------+---------+---------+----------+-----------+-----------+------+----------+
        |- mainloop  |       35|       35|        22|          1|          1|    15|    yes   |
        +------------+---------+---------+----------+-----------+-----------+------+----------+

============================================================
+ Verbose Summary: Synthesis Manager
============================================================
InlineROM: 1
ExposeGlobal: 0
============================================================
+ Verbose Summary: CDFG Model
============================================================
IsTopModel: 1
ResetActiveHigh: 1
IsCombinational: 0
IsDatapathOnly: 0
HasWiredReturn: 1
HasMFsm: 0
HasVarLatency: 1
IsPipeline: 0
IsRtlPipelined: 0
IsInstanceOverlapped: 0
IsDontTouch: 0
HasImplIP: 0
IsGatedGlobalClock: 0

+ Individual pipeline summary: 
  * Pipeline-0: initiation interval (II) = 1, depth = 22


============================================================
+ Verbose Summary: Schedule
============================================================
* Number of FSM states : 35
* Pipeline : 1
  Pipeline-0 : II = 1, D = 22, States = { 9 10 11 12 13 14 15 16 17 18 19 20 21 22 23 24 25 26 27 28 29 30 }
* Dataflow Pipeline: 0

* FSM state transitions: 
1 --> 2 
2 --> 3 
3 --> 4 
4 --> 5 
5 --> 6 
6 --> 7 
7 --> 8 
8 --> 9 
9 --> 31 10 
10 --> 11 
11 --> 12 
12 --> 13 
13 --> 14 
14 --> 15 
15 --> 16 
16 --> 17 
17 --> 18 
18 --> 19 
19 --> 20 
20 --> 21 
21 --> 22 
22 --> 23 
23 --> 24 
24 --> 25 
25 --> 26 
26 --> 27 
27 --> 28 
28 --> 29 
29 --> 30 
30 --> 9 
31 --> 32 
32 --> 33 
33 --> 34 
34 --> 35 
35 --> 

* FSM state operations: 

State 1 <SV = 0> <Delay = 1.00>
ST_1 : Operation 36 [1/1] (1.00ns)   --->   "%instate_V_read = call i64 @_ssdm_op_Read.s_axilite.i64(i64 %instate_V)"   --->   Operation 36 'read' 'instate_V_read' <Predicate = true> <Delay = 1.00> <Core = "s_axilite">   --->   Core 10 's_axilite' <Latency = 0> <II = 1> <Delay = 1.00> <Adapter> <Opcode : 'read' 'write'>
ST_1 : Operation 37 [1/1] (1.00ns)   --->   "%indata_V_read = call i64 @_ssdm_op_Read.s_axilite.i64(i64 %indata_V)"   --->   Operation 37 'read' 'indata_V_read' <Predicate = true> <Delay = 1.00> <Core = "s_axilite">   --->   Core 10 's_axilite' <Latency = 0> <II = 1> <Delay = 1.00> <Adapter> <Opcode : 'read' 'write'>
ST_1 : Operation 38 [1/1] (0.00ns)   --->   "%tmp_5 = call i61 @_ssdm_op_PartSelect.i61.i64.i32.i32(i64 %instate_V_read, i32 3, i32 63)"   --->   Operation 38 'partselect' 'tmp_5' <Predicate = true> <Delay = 0.00>
ST_1 : Operation 39 [1/1] (0.00ns)   --->   "%indata_V1 = call i58 @_ssdm_op_PartSelect.i58.i64.i32.i32(i64 %indata_V_read, i32 6, i32 63)"   --->   Operation 39 'partselect' 'indata_V1' <Predicate = true> <Delay = 0.00>

State 2 <SV = 1> <Delay = 7.30>
ST_2 : Operation 40 [1/1] (0.00ns)   --->   "%empty = zext i58 %indata_V1 to i64"   --->   Operation 40 'zext' 'empty' <Predicate = true> <Delay = 0.00>
ST_2 : Operation 41 [1/1] (0.00ns)   --->   "%gmem1_addr = getelementptr i512* %gmem1, i64 %empty"   --->   Operation 41 'getelementptr' 'gmem1_addr' <Predicate = true> <Delay = 0.00>
ST_2 : Operation 42 [7/7] (7.30ns)   --->   "%gmem1_addr_rd_req = call i1 @_ssdm_op_ReadReq.m_axi.i512P(i512* %gmem1_addr, i32 15)" [incircle.cpp:56]   --->   Operation 42 'readreq' 'gmem1_addr_rd_req' <Predicate = true> <Delay = 7.30> <Core = "m_axi">   --->   Core 9 'm_axi' <Latency = 6> <II = 1> <Delay = 1.00> <Adapter> <Opcode : 'read' 'write' 'readreq' 'writereq' 'writeresp'>
ST_2 : Operation 43 [1/1] (0.00ns)   --->   "%zext_ln57 = zext i61 %tmp_5 to i64" [incircle.cpp:57]   --->   Operation 43 'zext' 'zext_ln57' <Predicate = true> <Delay = 0.00>
ST_2 : Operation 44 [1/1] (0.00ns)   --->   "%gmem0_addr = getelementptr i64* %gmem0, i64 %zext_ln57" [incircle.cpp:57]   --->   Operation 44 'getelementptr' 'gmem0_addr' <Predicate = true> <Delay = 0.00>
ST_2 : Operation 45 [7/7] (7.30ns)   --->   "%p_rd_req = call i1 @_ssdm_op_ReadReq.m_axi.i64P(i64* %gmem0_addr, i32 15)" [incircle.cpp:57]   --->   Operation 45 'readreq' 'p_rd_req' <Predicate = true> <Delay = 7.30> <Core = "m_axi">   --->   Core 9 'm_axi' <Latency = 6> <II = 1> <Delay = 1.00> <Adapter> <Opcode : 'read' 'write' 'readreq' 'writereq' 'writeresp'>

State 3 <SV = 2> <Delay = 7.30>
ST_3 : Operation 46 [6/7] (7.30ns)   --->   "%gmem1_addr_rd_req = call i1 @_ssdm_op_ReadReq.m_axi.i512P(i512* %gmem1_addr, i32 15)" [incircle.cpp:56]   --->   Operation 46 'readreq' 'gmem1_addr_rd_req' <Predicate = true> <Delay = 7.30> <Core = "m_axi">   --->   Core 9 'm_axi' <Latency = 6> <II = 1> <Delay = 1.00> <Adapter> <Opcode : 'read' 'write' 'readreq' 'writereq' 'writeresp'>
ST_3 : Operation 47 [6/7] (7.30ns)   --->   "%p_rd_req = call i1 @_ssdm_op_ReadReq.m_axi.i64P(i64* %gmem0_addr, i32 15)" [incircle.cpp:57]   --->   Operation 47 'readreq' 'p_rd_req' <Predicate = true> <Delay = 7.30> <Core = "m_axi">   --->   Core 9 'm_axi' <Latency = 6> <II = 1> <Delay = 1.00> <Adapter> <Opcode : 'read' 'write' 'readreq' 'writereq' 'writeresp'>

State 4 <SV = 3> <Delay = 7.30>
ST_4 : Operation 48 [5/7] (7.30ns)   --->   "%gmem1_addr_rd_req = call i1 @_ssdm_op_ReadReq.m_axi.i512P(i512* %gmem1_addr, i32 15)" [incircle.cpp:56]   --->   Operation 48 'readreq' 'gmem1_addr_rd_req' <Predicate = true> <Delay = 7.30> <Core = "m_axi">   --->   Core 9 'm_axi' <Latency = 6> <II = 1> <Delay = 1.00> <Adapter> <Opcode : 'read' 'write' 'readreq' 'writereq' 'writeresp'>
ST_4 : Operation 49 [5/7] (7.30ns)   --->   "%p_rd_req = call i1 @_ssdm_op_ReadReq.m_axi.i64P(i64* %gmem0_addr, i32 15)" [incircle.cpp:57]   --->   Operation 49 'readreq' 'p_rd_req' <Predicate = true> <Delay = 7.30> <Core = "m_axi">   --->   Core 9 'm_axi' <Latency = 6> <II = 1> <Delay = 1.00> <Adapter> <Opcode : 'read' 'write' 'readreq' 'writereq' 'writeresp'>

State 5 <SV = 4> <Delay = 7.30>
ST_5 : Operation 50 [4/7] (7.30ns)   --->   "%gmem1_addr_rd_req = call i1 @_ssdm_op_ReadReq.m_axi.i512P(i512* %gmem1_addr, i32 15)" [incircle.cpp:56]   --->   Operation 50 'readreq' 'gmem1_addr_rd_req' <Predicate = true> <Delay = 7.30> <Core = "m_axi">   --->   Core 9 'm_axi' <Latency = 6> <II = 1> <Delay = 1.00> <Adapter> <Opcode : 'read' 'write' 'readreq' 'writereq' 'writeresp'>
ST_5 : Operation 51 [4/7] (7.30ns)   --->   "%p_rd_req = call i1 @_ssdm_op_ReadReq.m_axi.i64P(i64* %gmem0_addr, i32 15)" [incircle.cpp:57]   --->   Operation 51 'readreq' 'p_rd_req' <Predicate = true> <Delay = 7.30> <Core = "m_axi">   --->   Core 9 'm_axi' <Latency = 6> <II = 1> <Delay = 1.00> <Adapter> <Opcode : 'read' 'write' 'readreq' 'writereq' 'writeresp'>

State 6 <SV = 5> <Delay = 7.30>
ST_6 : Operation 52 [3/7] (7.30ns)   --->   "%gmem1_addr_rd_req = call i1 @_ssdm_op_ReadReq.m_axi.i512P(i512* %gmem1_addr, i32 15)" [incircle.cpp:56]   --->   Operation 52 'readreq' 'gmem1_addr_rd_req' <Predicate = true> <Delay = 7.30> <Core = "m_axi">   --->   Core 9 'm_axi' <Latency = 6> <II = 1> <Delay = 1.00> <Adapter> <Opcode : 'read' 'write' 'readreq' 'writereq' 'writeresp'>
ST_6 : Operation 53 [3/7] (7.30ns)   --->   "%p_rd_req = call i1 @_ssdm_op_ReadReq.m_axi.i64P(i64* %gmem0_addr, i32 15)" [incircle.cpp:57]   --->   Operation 53 'readreq' 'p_rd_req' <Predicate = true> <Delay = 7.30> <Core = "m_axi">   --->   Core 9 'm_axi' <Latency = 6> <II = 1> <Delay = 1.00> <Adapter> <Opcode : 'read' 'write' 'readreq' 'writereq' 'writeresp'>

State 7 <SV = 6> <Delay = 7.30>
ST_7 : Operation 54 [2/7] (7.30ns)   --->   "%gmem1_addr_rd_req = call i1 @_ssdm_op_ReadReq.m_axi.i512P(i512* %gmem1_addr, i32 15)" [incircle.cpp:56]   --->   Operation 54 'readreq' 'gmem1_addr_rd_req' <Predicate = true> <Delay = 7.30> <Core = "m_axi">   --->   Core 9 'm_axi' <Latency = 6> <II = 1> <Delay = 1.00> <Adapter> <Opcode : 'read' 'write' 'readreq' 'writereq' 'writeresp'>
ST_7 : Operation 55 [2/7] (7.30ns)   --->   "%p_rd_req = call i1 @_ssdm_op_ReadReq.m_axi.i64P(i64* %gmem0_addr, i32 15)" [incircle.cpp:57]   --->   Operation 55 'readreq' 'p_rd_req' <Predicate = true> <Delay = 7.30> <Core = "m_axi">   --->   Core 9 'm_axi' <Latency = 6> <II = 1> <Delay = 1.00> <Adapter> <Opcode : 'read' 'write' 'readreq' 'writereq' 'writeresp'>

State 8 <SV = 7> <Delay = 7.30>
ST_8 : Operation 56 [1/1] (0.00ns)   --->   "call void (...)* @_ssdm_op_SpecBitsMap(i64* %gmem0), !map !62"   --->   Operation 56 'specbitsmap' <Predicate = true> <Delay = 0.00>
ST_8 : Operation 57 [1/1] (0.00ns)   --->   "call void (...)* @_ssdm_op_SpecBitsMap(i512* %gmem1), !map !68"   --->   Operation 57 'specbitsmap' <Predicate = true> <Delay = 0.00>
ST_8 : Operation 58 [1/1] (0.00ns)   --->   "call void (...)* @_ssdm_op_SpecTopModule([16 x i8]* @accel_in_circle_str) nounwind"   --->   Operation 58 'spectopmodule' <Predicate = true> <Delay = 0.00>
ST_8 : Operation 59 [1/1] (0.00ns)   --->   "call void (...)* @_ssdm_op_SpecInterface(i64* %gmem0, [6 x i8]* @p_str, i32 0, i32 0, [1 x i8]* @p_str1, i32 0, i32 0, [6 x i8]* @p_str2, [6 x i8]* @p_str3, [1 x i8]* @p_str1, i32 16, i32 16, i32 16, i32 16, [1 x i8]* @p_str1, [1 x i8]* @p_str1) nounwind" [incircle.cpp:35]   --->   Operation 59 'specinterface' <Predicate = true> <Delay = 0.00>
ST_8 : Operation 60 [1/1] (0.00ns)   --->   "call void (...)* @_ssdm_op_SpecInterface(i512* %gmem1, [6 x i8]* @p_str, i32 0, i32 0, [1 x i8]* @p_str1, i32 0, i32 0, [6 x i8]* @p_str4, [6 x i8]* @p_str3, [1 x i8]* @p_str1, i32 16, i32 16, i32 16, i32 16, [1 x i8]* @p_str1, [1 x i8]* @p_str1) nounwind" [incircle.cpp:36]   --->   Operation 60 'specinterface' <Predicate = true> <Delay = 0.00>
ST_8 : Operation 61 [1/1] (0.00ns)   --->   "call void (...)* @_ssdm_op_SpecInterface(i64 %instate_V, [10 x i8]* @p_str5, i32 0, i32 0, [1 x i8]* @p_str1, i32 0, i32 0, [8 x i8]* @p_str6, [1 x i8]* @p_str1, [1 x i8]* @p_str1, i32 0, i32 0, i32 0, i32 0, [1 x i8]* @p_str1, [1 x i8]* @p_str1) nounwind" [incircle.cpp:38]   --->   Operation 61 'specinterface' <Predicate = true> <Delay = 0.00>
ST_8 : Operation 62 [1/1] (0.00ns)   --->   "call void (...)* @_ssdm_op_SpecInterface(i64 %indata_V, [10 x i8]* @p_str5, i32 0, i32 0, [1 x i8]* @p_str1, i32 0, i32 0, [8 x i8]* @p_str6, [1 x i8]* @p_str1, [1 x i8]* @p_str1, i32 0, i32 0, i32 0, i32 0, [1 x i8]* @p_str1, [1 x i8]* @p_str1) nounwind" [incircle.cpp:39]   --->   Operation 62 'specinterface' <Predicate = true> <Delay = 0.00>
ST_8 : Operation 63 [1/1] (0.00ns)   --->   "call void (...)* @_ssdm_op_SpecInterface(i32 0, [10 x i8]* @p_str5, i32 0, i32 0, [1 x i8]* @p_str1, i32 0, i32 0, [8 x i8]* @p_str6, [1 x i8]* @p_str1, [1 x i8]* @p_str1, i32 0, i32 0, i32 0, i32 0, [1 x i8]* @p_str1, [1 x i8]* @p_str1) nounwind" [incircle.cpp:40]   --->   Operation 63 'specinterface' <Predicate = true> <Delay = 0.00>
ST_8 : Operation 64 [1/7] (7.30ns)   --->   "%gmem1_addr_rd_req = call i1 @_ssdm_op_ReadReq.m_axi.i512P(i512* %gmem1_addr, i32 15)" [incircle.cpp:56]   --->   Operation 64 'readreq' 'gmem1_addr_rd_req' <Predicate = true> <Delay = 7.30> <Core = "m_axi">   --->   Core 9 'm_axi' <Latency = 6> <II = 1> <Delay = 1.00> <Adapter> <Opcode : 'read' 'write' 'readreq' 'writereq' 'writeresp'>
ST_8 : Operation 65 [1/7] (7.30ns)   --->   "%p_rd_req = call i1 @_ssdm_op_ReadReq.m_axi.i64P(i64* %gmem0_addr, i32 15)" [incircle.cpp:57]   --->   Operation 65 'readreq' 'p_rd_req' <Predicate = true> <Delay = 7.30> <Core = "m_axi">   --->   Core 9 'm_axi' <Latency = 6> <II = 1> <Delay = 1.00> <Adapter> <Opcode : 'read' 'write' 'readreq' 'writereq' 'writeresp'>
ST_8 : Operation 66 [1/1] (7.30ns)   --->   "%p_wr_req = call i1 @_ssdm_op_WriteReq.m_axi.i64P(i64* %gmem0_addr, i32 15)" [incircle.cpp:84]   --->   Operation 66 'writereq' 'p_wr_req' <Predicate = true> <Delay = 7.30> <Core = "m_axi">   --->   Core 9 'm_axi' <Latency = 6> <II = 1> <Delay = 1.00> <Adapter> <Opcode : 'read' 'write' 'readreq' 'writereq' 'writeresp'>
ST_8 : Operation 67 [1/1] (0.60ns)   --->   "br label %0" [incircle.cpp:52]   --->   Operation 67 'br' <Predicate = true> <Delay = 0.60>

State 9 <SV = 8> <Delay = 0.65>
ST_9 : Operation 68 [1/1] (0.00ns)   --->   "%i_0 = phi i4 [ 0, %arrayctor.loop1.preheader ], [ %i, %mainloop ]"   --->   Operation 68 'phi' 'i_0' <Predicate = true> <Delay = 0.00>
ST_9 : Operation 69 [1/1] (0.65ns)   --->   "%icmp_ln52 = icmp eq i4 %i_0, -1" [incircle.cpp:52]   --->   Operation 69 'icmp' 'icmp_ln52' <Predicate = true> <Delay = 0.65> <Core = "Cmp">   --->   Core 25 'Cmp' <Latency = 0> <II = 1> <Delay = 0.75> <FuncUnit> <Opcode : 'icmp'> <InPorts = 2> <OutPorts = 1>
ST_9 : Operation 70 [1/1] (0.00ns)   --->   "%empty_8 = call i32 (...)* @_ssdm_op_SpecLoopTripCount(i64 15, i64 15, i64 15)"   --->   Operation 70 'speclooptripcount' 'empty_8' <Predicate = true> <Delay = 0.00>
ST_9 : Operation 71 [1/1] (0.33ns)   --->   "%i = add i4 %i_0, 1" [incircle.cpp:52]   --->   Operation 71 'add' 'i' <Predicate = true> <Delay = 0.33> <Core = "AddSub">   --->   Core 14 'AddSub' <Latency = 0> <II = 1> <Delay = 0.33> <FuncUnit> <Opcode : 'add' 'sub'> <InPorts = 2> <OutPorts = 1>
ST_9 : Operation 72 [1/1] (0.00ns)   --->   "br i1 %icmp_ln52, label %1, label %mainloop" [incircle.cpp:52]   --->   Operation 72 'br' <Predicate = true> <Delay = 0.00>

State 10 <SV = 9> <Delay = 7.30>
ST_10 : Operation 73 [1/1] (7.30ns)   --->   "%p_Val2_s = call i512 @_ssdm_op_Read.m_axi.i512P(i512* %gmem1_addr)" [incircle.cpp:56]   --->   Operation 73 'read' 'p_Val2_s' <Predicate = (!icmp_ln52)> <Delay = 7.30> <Core = "m_axi">   --->   Core 9 'm_axi' <Latency = 6> <II = 1> <Delay = 1.00> <Adapter> <Opcode : 'read' 'write' 'readreq' 'writereq' 'writeresp'>
ST_10 : Operation 74 [1/1] (0.00ns)   --->   "%trunc_ln681 = trunc i512 %p_Val2_s to i32" [incircle.cpp:64]   --->   Operation 74 'trunc' 'trunc_ln681' <Predicate = (!icmp_ln52)> <Delay = 0.00>
ST_10 : Operation 75 [1/1] (0.00ns)   --->   "%p_Result_0_1 = call i32 @_ssdm_op_PartSelect.i32.i512.i32.i32(i512 %p_Val2_s, i32 32, i32 63)" [incircle.cpp:64]   --->   Operation 75 'partselect' 'p_Result_0_1' <Predicate = (!icmp_ln52)> <Delay = 0.00>
ST_10 : Operation 76 [1/1] (0.00ns)   --->   "%p_Result_0_2 = call i32 @_ssdm_op_PartSelect.i32.i512.i32.i32(i512 %p_Val2_s, i32 64, i32 95)" [incircle.cpp:64]   --->   Operation 76 'partselect' 'p_Result_0_2' <Predicate = (!icmp_ln52)> <Delay = 0.00>
ST_10 : Operation 77 [1/1] (0.00ns)   --->   "%p_Result_0_3 = call i32 @_ssdm_op_PartSelect.i32.i512.i32.i32(i512 %p_Val2_s, i32 96, i32 127)" [incircle.cpp:64]   --->   Operation 77 'partselect' 'p_Result_0_3' <Predicate = (!icmp_ln52)> <Delay = 0.00>
ST_10 : Operation 78 [1/1] (0.00ns)   --->   "%p_Result_0_4 = call i32 @_ssdm_op_PartSelect.i32.i512.i32.i32(i512 %p_Val2_s, i32 128, i32 159)" [incircle.cpp:64]   --->   Operation 78 'partselect' 'p_Result_0_4' <Predicate = (!icmp_ln52)> <Delay = 0.00>
ST_10 : Operation 79 [1/1] (0.00ns)   --->   "%p_Result_0_5 = call i32 @_ssdm_op_PartSelect.i32.i512.i32.i32(i512 %p_Val2_s, i32 160, i32 191)" [incircle.cpp:64]   --->   Operation 79 'partselect' 'p_Result_0_5' <Predicate = (!icmp_ln52)> <Delay = 0.00>
ST_10 : Operation 80 [1/1] (0.00ns)   --->   "%p_Result_0_6 = call i32 @_ssdm_op_PartSelect.i32.i512.i32.i32(i512 %p_Val2_s, i32 192, i32 223)" [incircle.cpp:64]   --->   Operation 80 'partselect' 'p_Result_0_6' <Predicate = (!icmp_ln52)> <Delay = 0.00>
ST_10 : Operation 81 [1/1] (0.00ns)   --->   "%p_Result_0_7 = call i32 @_ssdm_op_PartSelect.i32.i512.i32.i32(i512 %p_Val2_s, i32 224, i32 255)" [incircle.cpp:64]   --->   Operation 81 'partselect' 'p_Result_0_7' <Predicate = (!icmp_ln52)> <Delay = 0.00>
ST_10 : Operation 82 [1/1] (0.00ns)   --->   "%p_Result_1 = call i32 @_ssdm_op_PartSelect.i32.i512.i32.i32(i512 %p_Val2_s, i32 256, i32 287)" [incircle.cpp:64]   --->   Operation 82 'partselect' 'p_Result_1' <Predicate = (!icmp_ln52)> <Delay = 0.00>
ST_10 : Operation 83 [1/1] (0.00ns)   --->   "%p_Result_1_1 = call i32 @_ssdm_op_PartSelect.i32.i512.i32.i32(i512 %p_Val2_s, i32 288, i32 319)" [incircle.cpp:64]   --->   Operation 83 'partselect' 'p_Result_1_1' <Predicate = (!icmp_ln52)> <Delay = 0.00>
ST_10 : Operation 84 [1/1] (0.00ns)   --->   "%p_Result_1_2 = call i32 @_ssdm_op_PartSelect.i32.i512.i32.i32(i512 %p_Val2_s, i32 320, i32 351)" [incircle.cpp:64]   --->   Operation 84 'partselect' 'p_Result_1_2' <Predicate = (!icmp_ln52)> <Delay = 0.00>
ST_10 : Operation 85 [1/1] (0.00ns)   --->   "%p_Result_1_3 = call i32 @_ssdm_op_PartSelect.i32.i512.i32.i32(i512 %p_Val2_s, i32 352, i32 383)" [incircle.cpp:64]   --->   Operation 85 'partselect' 'p_Result_1_3' <Predicate = (!icmp_ln52)> <Delay = 0.00>
ST_10 : Operation 86 [1/1] (0.00ns)   --->   "%p_Result_1_4 = call i32 @_ssdm_op_PartSelect.i32.i512.i32.i32(i512 %p_Val2_s, i32 384, i32 415)" [incircle.cpp:64]   --->   Operation 86 'partselect' 'p_Result_1_4' <Predicate = (!icmp_ln52)> <Delay = 0.00>
ST_10 : Operation 87 [1/1] (0.00ns)   --->   "%p_Result_1_5 = call i32 @_ssdm_op_PartSelect.i32.i512.i32.i32(i512 %p_Val2_s, i32 416, i32 447)" [incircle.cpp:64]   --->   Operation 87 'partselect' 'p_Result_1_5' <Predicate = (!icmp_ln52)> <Delay = 0.00>
ST_10 : Operation 88 [1/1] (0.00ns)   --->   "%p_Result_1_6 = call i32 @_ssdm_op_PartSelect.i32.i512.i32.i32(i512 %p_Val2_s, i32 448, i32 479)" [incircle.cpp:64]   --->   Operation 88 'partselect' 'p_Result_1_6' <Predicate = (!icmp_ln52)> <Delay = 0.00>
ST_10 : Operation 89 [1/1] (0.00ns)   --->   "%p_Result_1_7 = call i32 @_ssdm_op_PartSelect.i32.i512.i32.i32(i512 %p_Val2_s, i32 480, i32 511)" [incircle.cpp:64]   --->   Operation 89 'partselect' 'p_Result_1_7' <Predicate = (!icmp_ln52)> <Delay = 0.00>

State 11 <SV = 10> <Delay = 4.35>
ST_11 : Operation 90 [2/2] (4.35ns)   --->   "%data_0_0 = uitofp i32 %trunc_ln681 to float" [incircle.cpp:64]   --->   Operation 90 'uitofp' 'data_0_0' <Predicate = (!icmp_ln52)> <Delay = 4.35> <Core = "Int2Float">   --->   Core 112 'Int2Float' <Latency = 1> <II = 1> <Delay = 4.35> <FuncUnit> <Opcode : 'sitofp' 'uitofp'> <InPorts = 1> <OutPorts = 1>
ST_11 : Operation 91 [2/2] (4.35ns)   --->   "%data_0_1 = uitofp i32 %p_Result_0_1 to float" [incircle.cpp:64]   --->   Operation 91 'uitofp' 'data_0_1' <Predicate = (!icmp_ln52)> <Delay = 4.35> <Core = "Int2Float">   --->   Core 112 'Int2Float' <Latency = 1> <II = 1> <Delay = 4.35> <FuncUnit> <Opcode : 'sitofp' 'uitofp'> <InPorts = 1> <OutPorts = 1>
ST_11 : Operation 92 [2/2] (4.35ns)   --->   "%data_0_2 = uitofp i32 %p_Result_0_2 to float" [incircle.cpp:64]   --->   Operation 92 'uitofp' 'data_0_2' <Predicate = (!icmp_ln52)> <Delay = 4.35> <Core = "Int2Float">   --->   Core 112 'Int2Float' <Latency = 1> <II = 1> <Delay = 4.35> <FuncUnit> <Opcode : 'sitofp' 'uitofp'> <InPorts = 1> <OutPorts = 1>
ST_11 : Operation 93 [2/2] (4.35ns)   --->   "%data_0_3 = uitofp i32 %p_Result_0_3 to float" [incircle.cpp:64]   --->   Operation 93 'uitofp' 'data_0_3' <Predicate = (!icmp_ln52)> <Delay = 4.35> <Core = "Int2Float">   --->   Core 112 'Int2Float' <Latency = 1> <II = 1> <Delay = 4.35> <FuncUnit> <Opcode : 'sitofp' 'uitofp'> <InPorts = 1> <OutPorts = 1>
ST_11 : Operation 94 [2/2] (4.35ns)   --->   "%data_0_4 = uitofp i32 %p_Result_0_4 to float" [incircle.cpp:64]   --->   Operation 94 'uitofp' 'data_0_4' <Predicate = (!icmp_ln52)> <Delay = 4.35> <Core = "Int2Float">   --->   Core 112 'Int2Float' <Latency = 1> <II = 1> <Delay = 4.35> <FuncUnit> <Opcode : 'sitofp' 'uitofp'> <InPorts = 1> <OutPorts = 1>
ST_11 : Operation 95 [2/2] (4.35ns)   --->   "%data_0_5 = uitofp i32 %p_Result_0_5 to float" [incircle.cpp:64]   --->   Operation 95 'uitofp' 'data_0_5' <Predicate = (!icmp_ln52)> <Delay = 4.35> <Core = "Int2Float">   --->   Core 112 'Int2Float' <Latency = 1> <II = 1> <Delay = 4.35> <FuncUnit> <Opcode : 'sitofp' 'uitofp'> <InPorts = 1> <OutPorts = 1>
ST_11 : Operation 96 [2/2] (4.35ns)   --->   "%data_0_6 = uitofp i32 %p_Result_0_6 to float" [incircle.cpp:64]   --->   Operation 96 'uitofp' 'data_0_6' <Predicate = (!icmp_ln52)> <Delay = 4.35> <Core = "Int2Float">   --->   Core 112 'Int2Float' <Latency = 1> <II = 1> <Delay = 4.35> <FuncUnit> <Opcode : 'sitofp' 'uitofp'> <InPorts = 1> <OutPorts = 1>
ST_11 : Operation 97 [2/2] (4.35ns)   --->   "%data_0_7 = uitofp i32 %p_Result_0_7 to float" [incircle.cpp:64]   --->   Operation 97 'uitofp' 'data_0_7' <Predicate = (!icmp_ln52)> <Delay = 4.35> <Core = "Int2Float">   --->   Core 112 'Int2Float' <Latency = 1> <II = 1> <Delay = 4.35> <FuncUnit> <Opcode : 'sitofp' 'uitofp'> <InPorts = 1> <OutPorts = 1>
ST_11 : Operation 98 [2/2] (4.35ns)   --->   "%data_1_0 = uitofp i32 %p_Result_1 to float" [incircle.cpp:64]   --->   Operation 98 'uitofp' 'data_1_0' <Predicate = (!icmp_ln52)> <Delay = 4.35> <Core = "Int2Float">   --->   Core 112 'Int2Float' <Latency = 1> <II = 1> <Delay = 4.35> <FuncUnit> <Opcode : 'sitofp' 'uitofp'> <InPorts = 1> <OutPorts = 1>
ST_11 : Operation 99 [2/2] (4.35ns)   --->   "%data_1_1 = uitofp i32 %p_Result_1_1 to float" [incircle.cpp:64]   --->   Operation 99 'uitofp' 'data_1_1' <Predicate = (!icmp_ln52)> <Delay = 4.35> <Core = "Int2Float">   --->   Core 112 'Int2Float' <Latency = 1> <II = 1> <Delay = 4.35> <FuncUnit> <Opcode : 'sitofp' 'uitofp'> <InPorts = 1> <OutPorts = 1>
ST_11 : Operation 100 [2/2] (4.35ns)   --->   "%data_1_2 = uitofp i32 %p_Result_1_2 to float" [incircle.cpp:64]   --->   Operation 100 'uitofp' 'data_1_2' <Predicate = (!icmp_ln52)> <Delay = 4.35> <Core = "Int2Float">   --->   Core 112 'Int2Float' <Latency = 1> <II = 1> <Delay = 4.35> <FuncUnit> <Opcode : 'sitofp' 'uitofp'> <InPorts = 1> <OutPorts = 1>
ST_11 : Operation 101 [2/2] (4.35ns)   --->   "%data_1_3 = uitofp i32 %p_Result_1_3 to float" [incircle.cpp:64]   --->   Operation 101 'uitofp' 'data_1_3' <Predicate = (!icmp_ln52)> <Delay = 4.35> <Core = "Int2Float">   --->   Core 112 'Int2Float' <Latency = 1> <II = 1> <Delay = 4.35> <FuncUnit> <Opcode : 'sitofp' 'uitofp'> <InPorts = 1> <OutPorts = 1>
ST_11 : Operation 102 [2/2] (4.35ns)   --->   "%data_1_4 = uitofp i32 %p_Result_1_4 to float" [incircle.cpp:64]   --->   Operation 102 'uitofp' 'data_1_4' <Predicate = (!icmp_ln52)> <Delay = 4.35> <Core = "Int2Float">   --->   Core 112 'Int2Float' <Latency = 1> <II = 1> <Delay = 4.35> <FuncUnit> <Opcode : 'sitofp' 'uitofp'> <InPorts = 1> <OutPorts = 1>
ST_11 : Operation 103 [2/2] (4.35ns)   --->   "%data_1_5 = uitofp i32 %p_Result_1_5 to float" [incircle.cpp:64]   --->   Operation 103 'uitofp' 'data_1_5' <Predicate = (!icmp_ln52)> <Delay = 4.35> <Core = "Int2Float">   --->   Core 112 'Int2Float' <Latency = 1> <II = 1> <Delay = 4.35> <FuncUnit> <Opcode : 'sitofp' 'uitofp'> <InPorts = 1> <OutPorts = 1>
ST_11 : Operation 104 [2/2] (4.35ns)   --->   "%data_1_6 = uitofp i32 %p_Result_1_6 to float" [incircle.cpp:64]   --->   Operation 104 'uitofp' 'data_1_6' <Predicate = (!icmp_ln52)> <Delay = 4.35> <Core = "Int2Float">   --->   Core 112 'Int2Float' <Latency = 1> <II = 1> <Delay = 4.35> <FuncUnit> <Opcode : 'sitofp' 'uitofp'> <InPorts = 1> <OutPorts = 1>
ST_11 : Operation 105 [2/2] (4.35ns)   --->   "%data_1_7 = uitofp i32 %p_Result_1_7 to float" [incircle.cpp:64]   --->   Operation 105 'uitofp' 'data_1_7' <Predicate = (!icmp_ln52)> <Delay = 4.35> <Core = "Int2Float">   --->   Core 112 'Int2Float' <Latency = 1> <II = 1> <Delay = 4.35> <FuncUnit> <Opcode : 'sitofp' 'uitofp'> <InPorts = 1> <OutPorts = 1>

State 12 <SV = 11> <Delay = 4.35>
ST_12 : Operation 106 [1/2] (4.35ns)   --->   "%data_0_0 = uitofp i32 %trunc_ln681 to float" [incircle.cpp:64]   --->   Operation 106 'uitofp' 'data_0_0' <Predicate = (!icmp_ln52)> <Delay = 4.35> <Core = "Int2Float">   --->   Core 112 'Int2Float' <Latency = 1> <II = 1> <Delay = 4.35> <FuncUnit> <Opcode : 'sitofp' 'uitofp'> <InPorts = 1> <OutPorts = 1>
ST_12 : Operation 107 [1/2] (4.35ns)   --->   "%data_0_1 = uitofp i32 %p_Result_0_1 to float" [incircle.cpp:64]   --->   Operation 107 'uitofp' 'data_0_1' <Predicate = (!icmp_ln52)> <Delay = 4.35> <Core = "Int2Float">   --->   Core 112 'Int2Float' <Latency = 1> <II = 1> <Delay = 4.35> <FuncUnit> <Opcode : 'sitofp' 'uitofp'> <InPorts = 1> <OutPorts = 1>
ST_12 : Operation 108 [1/2] (4.35ns)   --->   "%data_0_2 = uitofp i32 %p_Result_0_2 to float" [incircle.cpp:64]   --->   Operation 108 'uitofp' 'data_0_2' <Predicate = (!icmp_ln52)> <Delay = 4.35> <Core = "Int2Float">   --->   Core 112 'Int2Float' <Latency = 1> <II = 1> <Delay = 4.35> <FuncUnit> <Opcode : 'sitofp' 'uitofp'> <InPorts = 1> <OutPorts = 1>
ST_12 : Operation 109 [1/2] (4.35ns)   --->   "%data_0_3 = uitofp i32 %p_Result_0_3 to float" [incircle.cpp:64]   --->   Operation 109 'uitofp' 'data_0_3' <Predicate = (!icmp_ln52)> <Delay = 4.35> <Core = "Int2Float">   --->   Core 112 'Int2Float' <Latency = 1> <II = 1> <Delay = 4.35> <FuncUnit> <Opcode : 'sitofp' 'uitofp'> <InPorts = 1> <OutPorts = 1>
ST_12 : Operation 110 [1/2] (4.35ns)   --->   "%data_0_4 = uitofp i32 %p_Result_0_4 to float" [incircle.cpp:64]   --->   Operation 110 'uitofp' 'data_0_4' <Predicate = (!icmp_ln52)> <Delay = 4.35> <Core = "Int2Float">   --->   Core 112 'Int2Float' <Latency = 1> <II = 1> <Delay = 4.35> <FuncUnit> <Opcode : 'sitofp' 'uitofp'> <InPorts = 1> <OutPorts = 1>
ST_12 : Operation 111 [1/2] (4.35ns)   --->   "%data_0_5 = uitofp i32 %p_Result_0_5 to float" [incircle.cpp:64]   --->   Operation 111 'uitofp' 'data_0_5' <Predicate = (!icmp_ln52)> <Delay = 4.35> <Core = "Int2Float">   --->   Core 112 'Int2Float' <Latency = 1> <II = 1> <Delay = 4.35> <FuncUnit> <Opcode : 'sitofp' 'uitofp'> <InPorts = 1> <OutPorts = 1>
ST_12 : Operation 112 [1/2] (4.35ns)   --->   "%data_0_6 = uitofp i32 %p_Result_0_6 to float" [incircle.cpp:64]   --->   Operation 112 'uitofp' 'data_0_6' <Predicate = (!icmp_ln52)> <Delay = 4.35> <Core = "Int2Float">   --->   Core 112 'Int2Float' <Latency = 1> <II = 1> <Delay = 4.35> <FuncUnit> <Opcode : 'sitofp' 'uitofp'> <InPorts = 1> <OutPorts = 1>
ST_12 : Operation 113 [1/2] (4.35ns)   --->   "%data_0_7 = uitofp i32 %p_Result_0_7 to float" [incircle.cpp:64]   --->   Operation 113 'uitofp' 'data_0_7' <Predicate = (!icmp_ln52)> <Delay = 4.35> <Core = "Int2Float">   --->   Core 112 'Int2Float' <Latency = 1> <II = 1> <Delay = 4.35> <FuncUnit> <Opcode : 'sitofp' 'uitofp'> <InPorts = 1> <OutPorts = 1>
ST_12 : Operation 114 [1/2] (4.35ns)   --->   "%data_1_0 = uitofp i32 %p_Result_1 to float" [incircle.cpp:64]   --->   Operation 114 'uitofp' 'data_1_0' <Predicate = (!icmp_ln52)> <Delay = 4.35> <Core = "Int2Float">   --->   Core 112 'Int2Float' <Latency = 1> <II = 1> <Delay = 4.35> <FuncUnit> <Opcode : 'sitofp' 'uitofp'> <InPorts = 1> <OutPorts = 1>
ST_12 : Operation 115 [1/2] (4.35ns)   --->   "%data_1_1 = uitofp i32 %p_Result_1_1 to float" [incircle.cpp:64]   --->   Operation 115 'uitofp' 'data_1_1' <Predicate = (!icmp_ln52)> <Delay = 4.35> <Core = "Int2Float">   --->   Core 112 'Int2Float' <Latency = 1> <II = 1> <Delay = 4.35> <FuncUnit> <Opcode : 'sitofp' 'uitofp'> <InPorts = 1> <OutPorts = 1>
ST_12 : Operation 116 [1/2] (4.35ns)   --->   "%data_1_2 = uitofp i32 %p_Result_1_2 to float" [incircle.cpp:64]   --->   Operation 116 'uitofp' 'data_1_2' <Predicate = (!icmp_ln52)> <Delay = 4.35> <Core = "Int2Float">   --->   Core 112 'Int2Float' <Latency = 1> <II = 1> <Delay = 4.35> <FuncUnit> <Opcode : 'sitofp' 'uitofp'> <InPorts = 1> <OutPorts = 1>
ST_12 : Operation 117 [1/2] (4.35ns)   --->   "%data_1_3 = uitofp i32 %p_Result_1_3 to float" [incircle.cpp:64]   --->   Operation 117 'uitofp' 'data_1_3' <Predicate = (!icmp_ln52)> <Delay = 4.35> <Core = "Int2Float">   --->   Core 112 'Int2Float' <Latency = 1> <II = 1> <Delay = 4.35> <FuncUnit> <Opcode : 'sitofp' 'uitofp'> <InPorts = 1> <OutPorts = 1>
ST_12 : Operation 118 [1/2] (4.35ns)   --->   "%data_1_4 = uitofp i32 %p_Result_1_4 to float" [incircle.cpp:64]   --->   Operation 118 'uitofp' 'data_1_4' <Predicate = (!icmp_ln52)> <Delay = 4.35> <Core = "Int2Float">   --->   Core 112 'Int2Float' <Latency = 1> <II = 1> <Delay = 4.35> <FuncUnit> <Opcode : 'sitofp' 'uitofp'> <InPorts = 1> <OutPorts = 1>
ST_12 : Operation 119 [1/2] (4.35ns)   --->   "%data_1_5 = uitofp i32 %p_Result_1_5 to float" [incircle.cpp:64]   --->   Operation 119 'uitofp' 'data_1_5' <Predicate = (!icmp_ln52)> <Delay = 4.35> <Core = "Int2Float">   --->   Core 112 'Int2Float' <Latency = 1> <II = 1> <Delay = 4.35> <FuncUnit> <Opcode : 'sitofp' 'uitofp'> <InPorts = 1> <OutPorts = 1>
ST_12 : Operation 120 [1/2] (4.35ns)   --->   "%data_1_6 = uitofp i32 %p_Result_1_6 to float" [incircle.cpp:64]   --->   Operation 120 'uitofp' 'data_1_6' <Predicate = (!icmp_ln52)> <Delay = 4.35> <Core = "Int2Float">   --->   Core 112 'Int2Float' <Latency = 1> <II = 1> <Delay = 4.35> <FuncUnit> <Opcode : 'sitofp' 'uitofp'> <InPorts = 1> <OutPorts = 1>
ST_12 : Operation 121 [1/2] (4.35ns)   --->   "%data_1_7 = uitofp i32 %p_Result_1_7 to float" [incircle.cpp:64]   --->   Operation 121 'uitofp' 'data_1_7' <Predicate = (!icmp_ln52)> <Delay = 4.35> <Core = "Int2Float">   --->   Core 112 'Int2Float' <Latency = 1> <II = 1> <Delay = 4.35> <FuncUnit> <Opcode : 'sitofp' 'uitofp'> <InPorts = 1> <OutPorts = 1>

State 13 <SV = 12> <Delay = 6.14>
ST_13 : Operation 122 [3/3] (6.14ns)   --->   "%xda = fsub float %data_0_2, %data_0_0" [incircle.cpp:14->incircle.cpp:77]   --->   Operation 122 'fsub' 'xda' <Predicate = (!icmp_ln52)> <Delay = 6.14> <Core = "FAddSub">   --->   Core 105 'FAddSub' <Latency = 2> <II = 1> <Delay = 6.14> <FuncUnit> <Opcode : 'fadd' 'fsub'> <InPorts = 2> <OutPorts = 1>
ST_13 : Operation 123 [3/3] (6.14ns)   --->   "%xdb = fsub float %data_0_4, %data_0_0" [incircle.cpp:15->incircle.cpp:77]   --->   Operation 123 'fsub' 'xdb' <Predicate = (!icmp_ln52)> <Delay = 6.14> <Core = "FAddSub">   --->   Core 105 'FAddSub' <Latency = 2> <II = 1> <Delay = 6.14> <FuncUnit> <Opcode : 'fadd' 'fsub'> <InPorts = 2> <OutPorts = 1>
ST_13 : Operation 124 [3/3] (6.14ns)   --->   "%xdc = fsub float %data_0_6, %data_0_0" [incircle.cpp:16->incircle.cpp:77]   --->   Operation 124 'fsub' 'xdc' <Predicate = (!icmp_ln52)> <Delay = 6.14> <Core = "FAddSub">   --->   Core 105 'FAddSub' <Latency = 2> <II = 1> <Delay = 6.14> <FuncUnit> <Opcode : 'fadd' 'fsub'> <InPorts = 2> <OutPorts = 1>
ST_13 : Operation 125 [3/3] (6.14ns)   --->   "%yda = fsub float %data_0_3, %data_0_1" [incircle.cpp:17->incircle.cpp:77]   --->   Operation 125 'fsub' 'yda' <Predicate = (!icmp_ln52)> <Delay = 6.14> <Core = "FAddSub">   --->   Core 105 'FAddSub' <Latency = 2> <II = 1> <Delay = 6.14> <FuncUnit> <Opcode : 'fadd' 'fsub'> <InPorts = 2> <OutPorts = 1>
ST_13 : Operation 126 [3/3] (6.14ns)   --->   "%ydb = fsub float %data_0_5, %data_0_1" [incircle.cpp:18->incircle.cpp:77]   --->   Operation 126 'fsub' 'ydb' <Predicate = (!icmp_ln52)> <Delay = 6.14> <Core = "FAddSub">   --->   Core 105 'FAddSub' <Latency = 2> <II = 1> <Delay = 6.14> <FuncUnit> <Opcode : 'fadd' 'fsub'> <InPorts = 2> <OutPorts = 1>
ST_13 : Operation 127 [3/3] (6.14ns)   --->   "%ydc = fsub float %data_0_7, %data_0_1" [incircle.cpp:19->incircle.cpp:77]   --->   Operation 127 'fsub' 'ydc' <Predicate = (!icmp_ln52)> <Delay = 6.14> <Core = "FAddSub">   --->   Core 105 'FAddSub' <Latency = 2> <II = 1> <Delay = 6.14> <FuncUnit> <Opcode : 'fadd' 'fsub'> <InPorts = 2> <OutPorts = 1>
ST_13 : Operation 128 [3/3] (6.14ns)   --->   "%xda_1 = fsub float %data_1_2, %data_1_0" [incircle.cpp:14->incircle.cpp:77]   --->   Operation 128 'fsub' 'xda_1' <Predicate = (!icmp_ln52)> <Delay = 6.14> <Core = "FAddSub">   --->   Core 105 'FAddSub' <Latency = 2> <II = 1> <Delay = 6.14> <FuncUnit> <Opcode : 'fadd' 'fsub'> <InPorts = 2> <OutPorts = 1>
ST_13 : Operation 129 [3/3] (6.14ns)   --->   "%xdb_1 = fsub float %data_1_4, %data_1_0" [incircle.cpp:15->incircle.cpp:77]   --->   Operation 129 'fsub' 'xdb_1' <Predicate = (!icmp_ln52)> <Delay = 6.14> <Core = "FAddSub">   --->   Core 105 'FAddSub' <Latency = 2> <II = 1> <Delay = 6.14> <FuncUnit> <Opcode : 'fadd' 'fsub'> <InPorts = 2> <OutPorts = 1>
ST_13 : Operation 130 [3/3] (6.14ns)   --->   "%xdc_1 = fsub float %data_1_6, %data_1_0" [incircle.cpp:16->incircle.cpp:77]   --->   Operation 130 'fsub' 'xdc_1' <Predicate = (!icmp_ln52)> <Delay = 6.14> <Core = "FAddSub">   --->   Core 105 'FAddSub' <Latency = 2> <II = 1> <Delay = 6.14> <FuncUnit> <Opcode : 'fadd' 'fsub'> <InPorts = 2> <OutPorts = 1>
ST_13 : Operation 131 [3/3] (6.14ns)   --->   "%yda_1 = fsub float %data_1_3, %data_1_1" [incircle.cpp:17->incircle.cpp:77]   --->   Operation 131 'fsub' 'yda_1' <Predicate = (!icmp_ln52)> <Delay = 6.14> <Core = "FAddSub">   --->   Core 105 'FAddSub' <Latency = 2> <II = 1> <Delay = 6.14> <FuncUnit> <Opcode : 'fadd' 'fsub'> <InPorts = 2> <OutPorts = 1>
ST_13 : Operation 132 [3/3] (6.14ns)   --->   "%ydb_1 = fsub float %data_1_5, %data_1_1" [incircle.cpp:18->incircle.cpp:77]   --->   Operation 132 'fsub' 'ydb_1' <Predicate = (!icmp_ln52)> <Delay = 6.14> <Core = "FAddSub">   --->   Core 105 'FAddSub' <Latency = 2> <II = 1> <Delay = 6.14> <FuncUnit> <Opcode : 'fadd' 'fsub'> <InPorts = 2> <OutPorts = 1>
ST_13 : Operation 133 [3/3] (6.14ns)   --->   "%ydc_1 = fsub float %data_1_7, %data_1_1" [incircle.cpp:19->incircle.cpp:77]   --->   Operation 133 'fsub' 'ydc_1' <Predicate = (!icmp_ln52)> <Delay = 6.14> <Core = "FAddSub">   --->   Core 105 'FAddSub' <Latency = 2> <II = 1> <Delay = 6.14> <FuncUnit> <Opcode : 'fadd' 'fsub'> <InPorts = 2> <OutPorts = 1>

State 14 <SV = 13> <Delay = 6.14>
ST_14 : Operation 134 [2/3] (6.14ns)   --->   "%xda = fsub float %data_0_2, %data_0_0" [incircle.cpp:14->incircle.cpp:77]   --->   Operation 134 'fsub' 'xda' <Predicate = (!icmp_ln52)> <Delay = 6.14> <Core = "FAddSub">   --->   Core 105 'FAddSub' <Latency = 2> <II = 1> <Delay = 6.14> <FuncUnit> <Opcode : 'fadd' 'fsub'> <InPorts = 2> <OutPorts = 1>
ST_14 : Operation 135 [2/3] (6.14ns)   --->   "%xdb = fsub float %data_0_4, %data_0_0" [incircle.cpp:15->incircle.cpp:77]   --->   Operation 135 'fsub' 'xdb' <Predicate = (!icmp_ln52)> <Delay = 6.14> <Core = "FAddSub">   --->   Core 105 'FAddSub' <Latency = 2> <II = 1> <Delay = 6.14> <FuncUnit> <Opcode : 'fadd' 'fsub'> <InPorts = 2> <OutPorts = 1>
ST_14 : Operation 136 [2/3] (6.14ns)   --->   "%xdc = fsub float %data_0_6, %data_0_0" [incircle.cpp:16->incircle.cpp:77]   --->   Operation 136 'fsub' 'xdc' <Predicate = (!icmp_ln52)> <Delay = 6.14> <Core = "FAddSub">   --->   Core 105 'FAddSub' <Latency = 2> <II = 1> <Delay = 6.14> <FuncUnit> <Opcode : 'fadd' 'fsub'> <InPorts = 2> <OutPorts = 1>
ST_14 : Operation 137 [2/3] (6.14ns)   --->   "%yda = fsub float %data_0_3, %data_0_1" [incircle.cpp:17->incircle.cpp:77]   --->   Operation 137 'fsub' 'yda' <Predicate = (!icmp_ln52)> <Delay = 6.14> <Core = "FAddSub">   --->   Core 105 'FAddSub' <Latency = 2> <II = 1> <Delay = 6.14> <FuncUnit> <Opcode : 'fadd' 'fsub'> <InPorts = 2> <OutPorts = 1>
ST_14 : Operation 138 [2/3] (6.14ns)   --->   "%ydb = fsub float %data_0_5, %data_0_1" [incircle.cpp:18->incircle.cpp:77]   --->   Operation 138 'fsub' 'ydb' <Predicate = (!icmp_ln52)> <Delay = 6.14> <Core = "FAddSub">   --->   Core 105 'FAddSub' <Latency = 2> <II = 1> <Delay = 6.14> <FuncUnit> <Opcode : 'fadd' 'fsub'> <InPorts = 2> <OutPorts = 1>
ST_14 : Operation 139 [2/3] (6.14ns)   --->   "%ydc = fsub float %data_0_7, %data_0_1" [incircle.cpp:19->incircle.cpp:77]   --->   Operation 139 'fsub' 'ydc' <Predicate = (!icmp_ln52)> <Delay = 6.14> <Core = "FAddSub">   --->   Core 105 'FAddSub' <Latency = 2> <II = 1> <Delay = 6.14> <FuncUnit> <Opcode : 'fadd' 'fsub'> <InPorts = 2> <OutPorts = 1>
ST_14 : Operation 140 [2/3] (6.14ns)   --->   "%xda_1 = fsub float %data_1_2, %data_1_0" [incircle.cpp:14->incircle.cpp:77]   --->   Operation 140 'fsub' 'xda_1' <Predicate = (!icmp_ln52)> <Delay = 6.14> <Core = "FAddSub">   --->   Core 105 'FAddSub' <Latency = 2> <II = 1> <Delay = 6.14> <FuncUnit> <Opcode : 'fadd' 'fsub'> <InPorts = 2> <OutPorts = 1>
ST_14 : Operation 141 [2/3] (6.14ns)   --->   "%xdb_1 = fsub float %data_1_4, %data_1_0" [incircle.cpp:15->incircle.cpp:77]   --->   Operation 141 'fsub' 'xdb_1' <Predicate = (!icmp_ln52)> <Delay = 6.14> <Core = "FAddSub">   --->   Core 105 'FAddSub' <Latency = 2> <II = 1> <Delay = 6.14> <FuncUnit> <Opcode : 'fadd' 'fsub'> <InPorts = 2> <OutPorts = 1>
ST_14 : Operation 142 [2/3] (6.14ns)   --->   "%xdc_1 = fsub float %data_1_6, %data_1_0" [incircle.cpp:16->incircle.cpp:77]   --->   Operation 142 'fsub' 'xdc_1' <Predicate = (!icmp_ln52)> <Delay = 6.14> <Core = "FAddSub">   --->   Core 105 'FAddSub' <Latency = 2> <II = 1> <Delay = 6.14> <FuncUnit> <Opcode : 'fadd' 'fsub'> <InPorts = 2> <OutPorts = 1>
ST_14 : Operation 143 [2/3] (6.14ns)   --->   "%yda_1 = fsub float %data_1_3, %data_1_1" [incircle.cpp:17->incircle.cpp:77]   --->   Operation 143 'fsub' 'yda_1' <Predicate = (!icmp_ln52)> <Delay = 6.14> <Core = "FAddSub">   --->   Core 105 'FAddSub' <Latency = 2> <II = 1> <Delay = 6.14> <FuncUnit> <Opcode : 'fadd' 'fsub'> <InPorts = 2> <OutPorts = 1>
ST_14 : Operation 144 [2/3] (6.14ns)   --->   "%ydb_1 = fsub float %data_1_5, %data_1_1" [incircle.cpp:18->incircle.cpp:77]   --->   Operation 144 'fsub' 'ydb_1' <Predicate = (!icmp_ln52)> <Delay = 6.14> <Core = "FAddSub">   --->   Core 105 'FAddSub' <Latency = 2> <II = 1> <Delay = 6.14> <FuncUnit> <Opcode : 'fadd' 'fsub'> <InPorts = 2> <OutPorts = 1>
ST_14 : Operation 145 [2/3] (6.14ns)   --->   "%ydc_1 = fsub float %data_1_7, %data_1_1" [incircle.cpp:19->incircle.cpp:77]   --->   Operation 145 'fsub' 'ydc_1' <Predicate = (!icmp_ln52)> <Delay = 6.14> <Core = "FAddSub">   --->   Core 105 'FAddSub' <Latency = 2> <II = 1> <Delay = 6.14> <FuncUnit> <Opcode : 'fadd' 'fsub'> <InPorts = 2> <OutPorts = 1>

State 15 <SV = 14> <Delay = 6.14>
ST_15 : Operation 146 [1/3] (6.14ns)   --->   "%xda = fsub float %data_0_2, %data_0_0" [incircle.cpp:14->incircle.cpp:77]   --->   Operation 146 'fsub' 'xda' <Predicate = (!icmp_ln52)> <Delay = 6.14> <Core = "FAddSub">   --->   Core 105 'FAddSub' <Latency = 2> <II = 1> <Delay = 6.14> <FuncUnit> <Opcode : 'fadd' 'fsub'> <InPorts = 2> <OutPorts = 1>
ST_15 : Operation 147 [1/3] (6.14ns)   --->   "%xdb = fsub float %data_0_4, %data_0_0" [incircle.cpp:15->incircle.cpp:77]   --->   Operation 147 'fsub' 'xdb' <Predicate = (!icmp_ln52)> <Delay = 6.14> <Core = "FAddSub">   --->   Core 105 'FAddSub' <Latency = 2> <II = 1> <Delay = 6.14> <FuncUnit> <Opcode : 'fadd' 'fsub'> <InPorts = 2> <OutPorts = 1>
ST_15 : Operation 148 [1/3] (6.14ns)   --->   "%xdc = fsub float %data_0_6, %data_0_0" [incircle.cpp:16->incircle.cpp:77]   --->   Operation 148 'fsub' 'xdc' <Predicate = (!icmp_ln52)> <Delay = 6.14> <Core = "FAddSub">   --->   Core 105 'FAddSub' <Latency = 2> <II = 1> <Delay = 6.14> <FuncUnit> <Opcode : 'fadd' 'fsub'> <InPorts = 2> <OutPorts = 1>
ST_15 : Operation 149 [1/3] (6.14ns)   --->   "%yda = fsub float %data_0_3, %data_0_1" [incircle.cpp:17->incircle.cpp:77]   --->   Operation 149 'fsub' 'yda' <Predicate = (!icmp_ln52)> <Delay = 6.14> <Core = "FAddSub">   --->   Core 105 'FAddSub' <Latency = 2> <II = 1> <Delay = 6.14> <FuncUnit> <Opcode : 'fadd' 'fsub'> <InPorts = 2> <OutPorts = 1>
ST_15 : Operation 150 [1/3] (6.14ns)   --->   "%ydb = fsub float %data_0_5, %data_0_1" [incircle.cpp:18->incircle.cpp:77]   --->   Operation 150 'fsub' 'ydb' <Predicate = (!icmp_ln52)> <Delay = 6.14> <Core = "FAddSub">   --->   Core 105 'FAddSub' <Latency = 2> <II = 1> <Delay = 6.14> <FuncUnit> <Opcode : 'fadd' 'fsub'> <InPorts = 2> <OutPorts = 1>
ST_15 : Operation 151 [1/3] (6.14ns)   --->   "%ydc = fsub float %data_0_7, %data_0_1" [incircle.cpp:19->incircle.cpp:77]   --->   Operation 151 'fsub' 'ydc' <Predicate = (!icmp_ln52)> <Delay = 6.14> <Core = "FAddSub">   --->   Core 105 'FAddSub' <Latency = 2> <II = 1> <Delay = 6.14> <FuncUnit> <Opcode : 'fadd' 'fsub'> <InPorts = 2> <OutPorts = 1>
ST_15 : Operation 152 [1/3] (6.14ns)   --->   "%xda_1 = fsub float %data_1_2, %data_1_0" [incircle.cpp:14->incircle.cpp:77]   --->   Operation 152 'fsub' 'xda_1' <Predicate = (!icmp_ln52)> <Delay = 6.14> <Core = "FAddSub">   --->   Core 105 'FAddSub' <Latency = 2> <II = 1> <Delay = 6.14> <FuncUnit> <Opcode : 'fadd' 'fsub'> <InPorts = 2> <OutPorts = 1>
ST_15 : Operation 153 [1/3] (6.14ns)   --->   "%xdb_1 = fsub float %data_1_4, %data_1_0" [incircle.cpp:15->incircle.cpp:77]   --->   Operation 153 'fsub' 'xdb_1' <Predicate = (!icmp_ln52)> <Delay = 6.14> <Core = "FAddSub">   --->   Core 105 'FAddSub' <Latency = 2> <II = 1> <Delay = 6.14> <FuncUnit> <Opcode : 'fadd' 'fsub'> <InPorts = 2> <OutPorts = 1>
ST_15 : Operation 154 [1/3] (6.14ns)   --->   "%xdc_1 = fsub float %data_1_6, %data_1_0" [incircle.cpp:16->incircle.cpp:77]   --->   Operation 154 'fsub' 'xdc_1' <Predicate = (!icmp_ln52)> <Delay = 6.14> <Core = "FAddSub">   --->   Core 105 'FAddSub' <Latency = 2> <II = 1> <Delay = 6.14> <FuncUnit> <Opcode : 'fadd' 'fsub'> <InPorts = 2> <OutPorts = 1>
ST_15 : Operation 155 [1/3] (6.14ns)   --->   "%yda_1 = fsub float %data_1_3, %data_1_1" [incircle.cpp:17->incircle.cpp:77]   --->   Operation 155 'fsub' 'yda_1' <Predicate = (!icmp_ln52)> <Delay = 6.14> <Core = "FAddSub">   --->   Core 105 'FAddSub' <Latency = 2> <II = 1> <Delay = 6.14> <FuncUnit> <Opcode : 'fadd' 'fsub'> <InPorts = 2> <OutPorts = 1>
ST_15 : Operation 156 [1/3] (6.14ns)   --->   "%ydb_1 = fsub float %data_1_5, %data_1_1" [incircle.cpp:18->incircle.cpp:77]   --->   Operation 156 'fsub' 'ydb_1' <Predicate = (!icmp_ln52)> <Delay = 6.14> <Core = "FAddSub">   --->   Core 105 'FAddSub' <Latency = 2> <II = 1> <Delay = 6.14> <FuncUnit> <Opcode : 'fadd' 'fsub'> <InPorts = 2> <OutPorts = 1>
ST_15 : Operation 157 [1/3] (6.14ns)   --->   "%ydc_1 = fsub float %data_1_7, %data_1_1" [incircle.cpp:19->incircle.cpp:77]   --->   Operation 157 'fsub' 'ydc_1' <Predicate = (!icmp_ln52)> <Delay = 6.14> <Core = "FAddSub">   --->   Core 105 'FAddSub' <Latency = 2> <II = 1> <Delay = 6.14> <FuncUnit> <Opcode : 'fadd' 'fsub'> <InPorts = 2> <OutPorts = 1>

State 16 <SV = 15> <Delay = 4.90>
ST_16 : Operation 158 [2/2] (4.90ns)   --->   "%tmp_i = fmul float %xda, %xda" [incircle.cpp:20->incircle.cpp:77]   --->   Operation 158 'fmul' 'tmp_i' <Predicate = (!icmp_ln52)> <Delay = 4.90> <Core = "FMul">   --->   Core 106 'FMul' <Latency = 1> <II = 1> <Delay = 4.90> <FuncUnit> <Opcode : 'fmul'> <InPorts = 2> <OutPorts = 1>
ST_16 : Operation 159 [2/2] (4.90ns)   --->   "%tmp_1_i = fmul float %yda, %yda" [incircle.cpp:20->incircle.cpp:77]   --->   Operation 159 'fmul' 'tmp_1_i' <Predicate = (!icmp_ln52)> <Delay = 4.90> <Core = "FMul">   --->   Core 106 'FMul' <Latency = 1> <II = 1> <Delay = 4.90> <FuncUnit> <Opcode : 'fmul'> <InPorts = 2> <OutPorts = 1>
ST_16 : Operation 160 [2/2] (4.90ns)   --->   "%tmp_2_i = fmul float %xdb, %xdb" [incircle.cpp:21->incircle.cpp:77]   --->   Operation 160 'fmul' 'tmp_2_i' <Predicate = (!icmp_ln52)> <Delay = 4.90> <Core = "FMul">   --->   Core 106 'FMul' <Latency = 1> <II = 1> <Delay = 4.90> <FuncUnit> <Opcode : 'fmul'> <InPorts = 2> <OutPorts = 1>
ST_16 : Operation 161 [2/2] (4.90ns)   --->   "%tmp_3_i = fmul float %ydb, %ydb" [incircle.cpp:21->incircle.cpp:77]   --->   Operation 161 'fmul' 'tmp_3_i' <Predicate = (!icmp_ln52)> <Delay = 4.90> <Core = "FMul">   --->   Core 106 'FMul' <Latency = 1> <II = 1> <Delay = 4.90> <FuncUnit> <Opcode : 'fmul'> <InPorts = 2> <OutPorts = 1>
ST_16 : Operation 162 [2/2] (4.90ns)   --->   "%tmp_4_i = fmul float %xdc, %xdc" [incircle.cpp:22->incircle.cpp:77]   --->   Operation 162 'fmul' 'tmp_4_i' <Predicate = (!icmp_ln52)> <Delay = 4.90> <Core = "FMul">   --->   Core 106 'FMul' <Latency = 1> <II = 1> <Delay = 4.90> <FuncUnit> <Opcode : 'fmul'> <InPorts = 2> <OutPorts = 1>
ST_16 : Operation 163 [2/2] (4.90ns)   --->   "%tmp_5_i = fmul float %ydc, %ydc" [incircle.cpp:22->incircle.cpp:77]   --->   Operation 163 'fmul' 'tmp_5_i' <Predicate = (!icmp_ln52)> <Delay = 4.90> <Core = "FMul">   --->   Core 106 'FMul' <Latency = 1> <II = 1> <Delay = 4.90> <FuncUnit> <Opcode : 'fmul'> <InPorts = 2> <OutPorts = 1>
ST_16 : Operation 164 [2/2] (4.90ns)   --->   "%tmp_6_i = fmul float %xdb, %ydc" [incircle.cpp:25->incircle.cpp:77]   --->   Operation 164 'fmul' 'tmp_6_i' <Predicate = (!icmp_ln52)> <Delay = 4.90> <Core = "FMul">   --->   Core 106 'FMul' <Latency = 1> <II = 1> <Delay = 4.90> <FuncUnit> <Opcode : 'fmul'> <InPorts = 2> <OutPorts = 1>
ST_16 : Operation 165 [2/2] (4.90ns)   --->   "%tmp_7_i = fmul float %xdc, %ydb" [incircle.cpp:25->incircle.cpp:77]   --->   Operation 165 'fmul' 'tmp_7_i' <Predicate = (!icmp_ln52)> <Delay = 4.90> <Core = "FMul">   --->   Core 106 'FMul' <Latency = 1> <II = 1> <Delay = 4.90> <FuncUnit> <Opcode : 'fmul'> <InPorts = 2> <OutPorts = 1>
ST_16 : Operation 166 [2/2] (4.90ns)   --->   "%tmp_8_i = fmul float %xda, %ydc" [incircle.cpp:26->incircle.cpp:77]   --->   Operation 166 'fmul' 'tmp_8_i' <Predicate = (!icmp_ln52)> <Delay = 4.90> <Core = "FMul">   --->   Core 106 'FMul' <Latency = 1> <II = 1> <Delay = 4.90> <FuncUnit> <Opcode : 'fmul'> <InPorts = 2> <OutPorts = 1>
ST_16 : Operation 167 [2/2] (4.90ns)   --->   "%tmp_9_i = fmul float %xdc, %yda" [incircle.cpp:26->incircle.cpp:77]   --->   Operation 167 'fmul' 'tmp_9_i' <Predicate = (!icmp_ln52)> <Delay = 4.90> <Core = "FMul">   --->   Core 106 'FMul' <Latency = 1> <II = 1> <Delay = 4.90> <FuncUnit> <Opcode : 'fmul'> <InPorts = 2> <OutPorts = 1>
ST_16 : Operation 168 [2/2] (4.90ns)   --->   "%tmp_i_9 = fmul float %xda, %ydb" [incircle.cpp:27->incircle.cpp:77]   --->   Operation 168 'fmul' 'tmp_i_9' <Predicate = (!icmp_ln52)> <Delay = 4.90> <Core = "FMul">   --->   Core 106 'FMul' <Latency = 1> <II = 1> <Delay = 4.90> <FuncUnit> <Opcode : 'fmul'> <InPorts = 2> <OutPorts = 1>
ST_16 : Operation 169 [2/2] (4.90ns)   --->   "%tmp_10_i = fmul float %xdb, %yda" [incircle.cpp:27->incircle.cpp:77]   --->   Operation 169 'fmul' 'tmp_10_i' <Predicate = (!icmp_ln52)> <Delay = 4.90> <Core = "FMul">   --->   Core 106 'FMul' <Latency = 1> <II = 1> <Delay = 4.90> <FuncUnit> <Opcode : 'fmul'> <InPorts = 2> <OutPorts = 1>
ST_16 : Operation 170 [2/2] (4.90ns)   --->   "%tmp_i1 = fmul float %xda_1, %xda_1" [incircle.cpp:20->incircle.cpp:77]   --->   Operation 170 'fmul' 'tmp_i1' <Predicate = (!icmp_ln52)> <Delay = 4.90> <Core = "FMul">   --->   Core 106 'FMul' <Latency = 1> <II = 1> <Delay = 4.90> <FuncUnit> <Opcode : 'fmul'> <InPorts = 2> <OutPorts = 1>
ST_16 : Operation 171 [2/2] (4.90ns)   --->   "%tmp_1_i1 = fmul float %yda_1, %yda_1" [incircle.cpp:20->incircle.cpp:77]   --->   Operation 171 'fmul' 'tmp_1_i1' <Predicate = (!icmp_ln52)> <Delay = 4.90> <Core = "FMul">   --->   Core 106 'FMul' <Latency = 1> <II = 1> <Delay = 4.90> <FuncUnit> <Opcode : 'fmul'> <InPorts = 2> <OutPorts = 1>
ST_16 : Operation 172 [2/2] (4.90ns)   --->   "%tmp_2_i1 = fmul float %xdb_1, %xdb_1" [incircle.cpp:21->incircle.cpp:77]   --->   Operation 172 'fmul' 'tmp_2_i1' <Predicate = (!icmp_ln52)> <Delay = 4.90> <Core = "FMul">   --->   Core 106 'FMul' <Latency = 1> <II = 1> <Delay = 4.90> <FuncUnit> <Opcode : 'fmul'> <InPorts = 2> <OutPorts = 1>
ST_16 : Operation 173 [2/2] (4.90ns)   --->   "%tmp_3_i1 = fmul float %ydb_1, %ydb_1" [incircle.cpp:21->incircle.cpp:77]   --->   Operation 173 'fmul' 'tmp_3_i1' <Predicate = (!icmp_ln52)> <Delay = 4.90> <Core = "FMul">   --->   Core 106 'FMul' <Latency = 1> <II = 1> <Delay = 4.90> <FuncUnit> <Opcode : 'fmul'> <InPorts = 2> <OutPorts = 1>
ST_16 : Operation 174 [2/2] (4.90ns)   --->   "%tmp_4_i1 = fmul float %xdc_1, %xdc_1" [incircle.cpp:22->incircle.cpp:77]   --->   Operation 174 'fmul' 'tmp_4_i1' <Predicate = (!icmp_ln52)> <Delay = 4.90> <Core = "FMul">   --->   Core 106 'FMul' <Latency = 1> <II = 1> <Delay = 4.90> <FuncUnit> <Opcode : 'fmul'> <InPorts = 2> <OutPorts = 1>
ST_16 : Operation 175 [2/2] (4.90ns)   --->   "%tmp_5_i1 = fmul float %ydc_1, %ydc_1" [incircle.cpp:22->incircle.cpp:77]   --->   Operation 175 'fmul' 'tmp_5_i1' <Predicate = (!icmp_ln52)> <Delay = 4.90> <Core = "FMul">   --->   Core 106 'FMul' <Latency = 1> <II = 1> <Delay = 4.90> <FuncUnit> <Opcode : 'fmul'> <InPorts = 2> <OutPorts = 1>
ST_16 : Operation 176 [2/2] (4.90ns)   --->   "%tmp_6_i1 = fmul float %xdb_1, %ydc_1" [incircle.cpp:25->incircle.cpp:77]   --->   Operation 176 'fmul' 'tmp_6_i1' <Predicate = (!icmp_ln52)> <Delay = 4.90> <Core = "FMul">   --->   Core 106 'FMul' <Latency = 1> <II = 1> <Delay = 4.90> <FuncUnit> <Opcode : 'fmul'> <InPorts = 2> <OutPorts = 1>
ST_16 : Operation 177 [2/2] (4.90ns)   --->   "%tmp_7_i1 = fmul float %xdc_1, %ydb_1" [incircle.cpp:25->incircle.cpp:77]   --->   Operation 177 'fmul' 'tmp_7_i1' <Predicate = (!icmp_ln52)> <Delay = 4.90> <Core = "FMul">   --->   Core 106 'FMul' <Latency = 1> <II = 1> <Delay = 4.90> <FuncUnit> <Opcode : 'fmul'> <InPorts = 2> <OutPorts = 1>
ST_16 : Operation 178 [2/2] (4.90ns)   --->   "%tmp_8_i1 = fmul float %xda_1, %ydc_1" [incircle.cpp:26->incircle.cpp:77]   --->   Operation 178 'fmul' 'tmp_8_i1' <Predicate = (!icmp_ln52)> <Delay = 4.90> <Core = "FMul">   --->   Core 106 'FMul' <Latency = 1> <II = 1> <Delay = 4.90> <FuncUnit> <Opcode : 'fmul'> <InPorts = 2> <OutPorts = 1>
ST_16 : Operation 179 [2/2] (4.90ns)   --->   "%tmp_9_i1 = fmul float %xdc_1, %yda_1" [incircle.cpp:26->incircle.cpp:77]   --->   Operation 179 'fmul' 'tmp_9_i1' <Predicate = (!icmp_ln52)> <Delay = 4.90> <Core = "FMul">   --->   Core 106 'FMul' <Latency = 1> <II = 1> <Delay = 4.90> <FuncUnit> <Opcode : 'fmul'> <InPorts = 2> <OutPorts = 1>
ST_16 : Operation 180 [2/2] (4.90ns)   --->   "%tmp_i1_10 = fmul float %xda_1, %ydb_1" [incircle.cpp:27->incircle.cpp:77]   --->   Operation 180 'fmul' 'tmp_i1_10' <Predicate = (!icmp_ln52)> <Delay = 4.90> <Core = "FMul">   --->   Core 106 'FMul' <Latency = 1> <II = 1> <Delay = 4.90> <FuncUnit> <Opcode : 'fmul'> <InPorts = 2> <OutPorts = 1>
ST_16 : Operation 181 [2/2] (4.90ns)   --->   "%tmp_10_i1 = fmul float %xdb_1, %yda_1" [incircle.cpp:27->incircle.cpp:77]   --->   Operation 181 'fmul' 'tmp_10_i1' <Predicate = (!icmp_ln52)> <Delay = 4.90> <Core = "FMul">   --->   Core 106 'FMul' <Latency = 1> <II = 1> <Delay = 4.90> <FuncUnit> <Opcode : 'fmul'> <InPorts = 2> <OutPorts = 1>

State 17 <SV = 16> <Delay = 4.90>
ST_17 : Operation 182 [1/2] (4.90ns)   --->   "%tmp_i = fmul float %xda, %xda" [incircle.cpp:20->incircle.cpp:77]   --->   Operation 182 'fmul' 'tmp_i' <Predicate = (!icmp_ln52)> <Delay = 4.90> <Core = "FMul">   --->   Core 106 'FMul' <Latency = 1> <II = 1> <Delay = 4.90> <FuncUnit> <Opcode : 'fmul'> <InPorts = 2> <OutPorts = 1>
ST_17 : Operation 183 [1/2] (4.90ns)   --->   "%tmp_1_i = fmul float %yda, %yda" [incircle.cpp:20->incircle.cpp:77]   --->   Operation 183 'fmul' 'tmp_1_i' <Predicate = (!icmp_ln52)> <Delay = 4.90> <Core = "FMul">   --->   Core 106 'FMul' <Latency = 1> <II = 1> <Delay = 4.90> <FuncUnit> <Opcode : 'fmul'> <InPorts = 2> <OutPorts = 1>
ST_17 : Operation 184 [1/2] (4.90ns)   --->   "%tmp_2_i = fmul float %xdb, %xdb" [incircle.cpp:21->incircle.cpp:77]   --->   Operation 184 'fmul' 'tmp_2_i' <Predicate = (!icmp_ln52)> <Delay = 4.90> <Core = "FMul">   --->   Core 106 'FMul' <Latency = 1> <II = 1> <Delay = 4.90> <FuncUnit> <Opcode : 'fmul'> <InPorts = 2> <OutPorts = 1>
ST_17 : Operation 185 [1/2] (4.90ns)   --->   "%tmp_3_i = fmul float %ydb, %ydb" [incircle.cpp:21->incircle.cpp:77]   --->   Operation 185 'fmul' 'tmp_3_i' <Predicate = (!icmp_ln52)> <Delay = 4.90> <Core = "FMul">   --->   Core 106 'FMul' <Latency = 1> <II = 1> <Delay = 4.90> <FuncUnit> <Opcode : 'fmul'> <InPorts = 2> <OutPorts = 1>
ST_17 : Operation 186 [1/2] (4.90ns)   --->   "%tmp_4_i = fmul float %xdc, %xdc" [incircle.cpp:22->incircle.cpp:77]   --->   Operation 186 'fmul' 'tmp_4_i' <Predicate = (!icmp_ln52)> <Delay = 4.90> <Core = "FMul">   --->   Core 106 'FMul' <Latency = 1> <II = 1> <Delay = 4.90> <FuncUnit> <Opcode : 'fmul'> <InPorts = 2> <OutPorts = 1>
ST_17 : Operation 187 [1/2] (4.90ns)   --->   "%tmp_5_i = fmul float %ydc, %ydc" [incircle.cpp:22->incircle.cpp:77]   --->   Operation 187 'fmul' 'tmp_5_i' <Predicate = (!icmp_ln52)> <Delay = 4.90> <Core = "FMul">   --->   Core 106 'FMul' <Latency = 1> <II = 1> <Delay = 4.90> <FuncUnit> <Opcode : 'fmul'> <InPorts = 2> <OutPorts = 1>
ST_17 : Operation 188 [1/2] (4.90ns)   --->   "%tmp_6_i = fmul float %xdb, %ydc" [incircle.cpp:25->incircle.cpp:77]   --->   Operation 188 'fmul' 'tmp_6_i' <Predicate = (!icmp_ln52)> <Delay = 4.90> <Core = "FMul">   --->   Core 106 'FMul' <Latency = 1> <II = 1> <Delay = 4.90> <FuncUnit> <Opcode : 'fmul'> <InPorts = 2> <OutPorts = 1>
ST_17 : Operation 189 [1/2] (4.90ns)   --->   "%tmp_7_i = fmul float %xdc, %ydb" [incircle.cpp:25->incircle.cpp:77]   --->   Operation 189 'fmul' 'tmp_7_i' <Predicate = (!icmp_ln52)> <Delay = 4.90> <Core = "FMul">   --->   Core 106 'FMul' <Latency = 1> <II = 1> <Delay = 4.90> <FuncUnit> <Opcode : 'fmul'> <InPorts = 2> <OutPorts = 1>
ST_17 : Operation 190 [1/2] (4.90ns)   --->   "%tmp_8_i = fmul float %xda, %ydc" [incircle.cpp:26->incircle.cpp:77]   --->   Operation 190 'fmul' 'tmp_8_i' <Predicate = (!icmp_ln52)> <Delay = 4.90> <Core = "FMul">   --->   Core 106 'FMul' <Latency = 1> <II = 1> <Delay = 4.90> <FuncUnit> <Opcode : 'fmul'> <InPorts = 2> <OutPorts = 1>
ST_17 : Operation 191 [1/2] (4.90ns)   --->   "%tmp_9_i = fmul float %xdc, %yda" [incircle.cpp:26->incircle.cpp:77]   --->   Operation 191 'fmul' 'tmp_9_i' <Predicate = (!icmp_ln52)> <Delay = 4.90> <Core = "FMul">   --->   Core 106 'FMul' <Latency = 1> <II = 1> <Delay = 4.90> <FuncUnit> <Opcode : 'fmul'> <InPorts = 2> <OutPorts = 1>
ST_17 : Operation 192 [1/2] (4.90ns)   --->   "%tmp_i_9 = fmul float %xda, %ydb" [incircle.cpp:27->incircle.cpp:77]   --->   Operation 192 'fmul' 'tmp_i_9' <Predicate = (!icmp_ln52)> <Delay = 4.90> <Core = "FMul">   --->   Core 106 'FMul' <Latency = 1> <II = 1> <Delay = 4.90> <FuncUnit> <Opcode : 'fmul'> <InPorts = 2> <OutPorts = 1>
ST_17 : Operation 193 [1/2] (4.90ns)   --->   "%tmp_10_i = fmul float %xdb, %yda" [incircle.cpp:27->incircle.cpp:77]   --->   Operation 193 'fmul' 'tmp_10_i' <Predicate = (!icmp_ln52)> <Delay = 4.90> <Core = "FMul">   --->   Core 106 'FMul' <Latency = 1> <II = 1> <Delay = 4.90> <FuncUnit> <Opcode : 'fmul'> <InPorts = 2> <OutPorts = 1>
ST_17 : Operation 194 [1/2] (4.90ns)   --->   "%tmp_i1 = fmul float %xda_1, %xda_1" [incircle.cpp:20->incircle.cpp:77]   --->   Operation 194 'fmul' 'tmp_i1' <Predicate = (!icmp_ln52)> <Delay = 4.90> <Core = "FMul">   --->   Core 106 'FMul' <Latency = 1> <II = 1> <Delay = 4.90> <FuncUnit> <Opcode : 'fmul'> <InPorts = 2> <OutPorts = 1>
ST_17 : Operation 195 [1/2] (4.90ns)   --->   "%tmp_1_i1 = fmul float %yda_1, %yda_1" [incircle.cpp:20->incircle.cpp:77]   --->   Operation 195 'fmul' 'tmp_1_i1' <Predicate = (!icmp_ln52)> <Delay = 4.90> <Core = "FMul">   --->   Core 106 'FMul' <Latency = 1> <II = 1> <Delay = 4.90> <FuncUnit> <Opcode : 'fmul'> <InPorts = 2> <OutPorts = 1>
ST_17 : Operation 196 [1/2] (4.90ns)   --->   "%tmp_2_i1 = fmul float %xdb_1, %xdb_1" [incircle.cpp:21->incircle.cpp:77]   --->   Operation 196 'fmul' 'tmp_2_i1' <Predicate = (!icmp_ln52)> <Delay = 4.90> <Core = "FMul">   --->   Core 106 'FMul' <Latency = 1> <II = 1> <Delay = 4.90> <FuncUnit> <Opcode : 'fmul'> <InPorts = 2> <OutPorts = 1>
ST_17 : Operation 197 [1/2] (4.90ns)   --->   "%tmp_3_i1 = fmul float %ydb_1, %ydb_1" [incircle.cpp:21->incircle.cpp:77]   --->   Operation 197 'fmul' 'tmp_3_i1' <Predicate = (!icmp_ln52)> <Delay = 4.90> <Core = "FMul">   --->   Core 106 'FMul' <Latency = 1> <II = 1> <Delay = 4.90> <FuncUnit> <Opcode : 'fmul'> <InPorts = 2> <OutPorts = 1>
ST_17 : Operation 198 [1/2] (4.90ns)   --->   "%tmp_4_i1 = fmul float %xdc_1, %xdc_1" [incircle.cpp:22->incircle.cpp:77]   --->   Operation 198 'fmul' 'tmp_4_i1' <Predicate = (!icmp_ln52)> <Delay = 4.90> <Core = "FMul">   --->   Core 106 'FMul' <Latency = 1> <II = 1> <Delay = 4.90> <FuncUnit> <Opcode : 'fmul'> <InPorts = 2> <OutPorts = 1>
ST_17 : Operation 199 [1/2] (4.90ns)   --->   "%tmp_5_i1 = fmul float %ydc_1, %ydc_1" [incircle.cpp:22->incircle.cpp:77]   --->   Operation 199 'fmul' 'tmp_5_i1' <Predicate = (!icmp_ln52)> <Delay = 4.90> <Core = "FMul">   --->   Core 106 'FMul' <Latency = 1> <II = 1> <Delay = 4.90> <FuncUnit> <Opcode : 'fmul'> <InPorts = 2> <OutPorts = 1>
ST_17 : Operation 200 [1/2] (4.90ns)   --->   "%tmp_6_i1 = fmul float %xdb_1, %ydc_1" [incircle.cpp:25->incircle.cpp:77]   --->   Operation 200 'fmul' 'tmp_6_i1' <Predicate = (!icmp_ln52)> <Delay = 4.90> <Core = "FMul">   --->   Core 106 'FMul' <Latency = 1> <II = 1> <Delay = 4.90> <FuncUnit> <Opcode : 'fmul'> <InPorts = 2> <OutPorts = 1>
ST_17 : Operation 201 [1/2] (4.90ns)   --->   "%tmp_7_i1 = fmul float %xdc_1, %ydb_1" [incircle.cpp:25->incircle.cpp:77]   --->   Operation 201 'fmul' 'tmp_7_i1' <Predicate = (!icmp_ln52)> <Delay = 4.90> <Core = "FMul">   --->   Core 106 'FMul' <Latency = 1> <II = 1> <Delay = 4.90> <FuncUnit> <Opcode : 'fmul'> <InPorts = 2> <OutPorts = 1>
ST_17 : Operation 202 [1/2] (4.90ns)   --->   "%tmp_8_i1 = fmul float %xda_1, %ydc_1" [incircle.cpp:26->incircle.cpp:77]   --->   Operation 202 'fmul' 'tmp_8_i1' <Predicate = (!icmp_ln52)> <Delay = 4.90> <Core = "FMul">   --->   Core 106 'FMul' <Latency = 1> <II = 1> <Delay = 4.90> <FuncUnit> <Opcode : 'fmul'> <InPorts = 2> <OutPorts = 1>
ST_17 : Operation 203 [1/2] (4.90ns)   --->   "%tmp_9_i1 = fmul float %xdc_1, %yda_1" [incircle.cpp:26->incircle.cpp:77]   --->   Operation 203 'fmul' 'tmp_9_i1' <Predicate = (!icmp_ln52)> <Delay = 4.90> <Core = "FMul">   --->   Core 106 'FMul' <Latency = 1> <II = 1> <Delay = 4.90> <FuncUnit> <Opcode : 'fmul'> <InPorts = 2> <OutPorts = 1>
ST_17 : Operation 204 [1/2] (4.90ns)   --->   "%tmp_i1_10 = fmul float %xda_1, %ydb_1" [incircle.cpp:27->incircle.cpp:77]   --->   Operation 204 'fmul' 'tmp_i1_10' <Predicate = (!icmp_ln52)> <Delay = 4.90> <Core = "FMul">   --->   Core 106 'FMul' <Latency = 1> <II = 1> <Delay = 4.90> <FuncUnit> <Opcode : 'fmul'> <InPorts = 2> <OutPorts = 1>
ST_17 : Operation 205 [1/2] (4.90ns)   --->   "%tmp_10_i1 = fmul float %xdb_1, %yda_1" [incircle.cpp:27->incircle.cpp:77]   --->   Operation 205 'fmul' 'tmp_10_i1' <Predicate = (!icmp_ln52)> <Delay = 4.90> <Core = "FMul">   --->   Core 106 'FMul' <Latency = 1> <II = 1> <Delay = 4.90> <FuncUnit> <Opcode : 'fmul'> <InPorts = 2> <OutPorts = 1>

State 18 <SV = 17> <Delay = 6.14>
ST_18 : Operation 206 [3/3] (6.14ns)   --->   "%da2da2 = fadd float %tmp_i, %tmp_1_i" [incircle.cpp:20->incircle.cpp:77]   --->   Operation 206 'fadd' 'da2da2' <Predicate = (!icmp_ln52)> <Delay = 6.14> <Core = "FAddSub">   --->   Core 105 'FAddSub' <Latency = 2> <II = 1> <Delay = 6.14> <FuncUnit> <Opcode : 'fadd' 'fsub'> <InPorts = 2> <OutPorts = 1>
ST_18 : Operation 207 [3/3] (6.14ns)   --->   "%db2db2 = fadd float %tmp_2_i, %tmp_3_i" [incircle.cpp:21->incircle.cpp:77]   --->   Operation 207 'fadd' 'db2db2' <Predicate = (!icmp_ln52)> <Delay = 6.14> <Core = "FAddSub">   --->   Core 105 'FAddSub' <Latency = 2> <II = 1> <Delay = 6.14> <FuncUnit> <Opcode : 'fadd' 'fsub'> <InPorts = 2> <OutPorts = 1>
ST_18 : Operation 208 [3/3] (6.14ns)   --->   "%dc2dc2 = fadd float %tmp_4_i, %tmp_5_i" [incircle.cpp:22->incircle.cpp:77]   --->   Operation 208 'fadd' 'dc2dc2' <Predicate = (!icmp_ln52)> <Delay = 6.14> <Core = "FAddSub">   --->   Core 105 'FAddSub' <Latency = 2> <II = 1> <Delay = 6.14> <FuncUnit> <Opcode : 'fadd' 'fsub'> <InPorts = 2> <OutPorts = 1>
ST_18 : Operation 209 [3/3] (6.14ns)   --->   "%min1 = fsub float %tmp_6_i, %tmp_7_i" [incircle.cpp:25->incircle.cpp:77]   --->   Operation 209 'fsub' 'min1' <Predicate = (!icmp_ln52)> <Delay = 6.14> <Core = "FAddSub">   --->   Core 105 'FAddSub' <Latency = 2> <II = 1> <Delay = 6.14> <FuncUnit> <Opcode : 'fadd' 'fsub'> <InPorts = 2> <OutPorts = 1>
ST_18 : Operation 210 [3/3] (6.14ns)   --->   "%min2 = fsub float %tmp_8_i, %tmp_9_i" [incircle.cpp:26->incircle.cpp:77]   --->   Operation 210 'fsub' 'min2' <Predicate = (!icmp_ln52)> <Delay = 6.14> <Core = "FAddSub">   --->   Core 105 'FAddSub' <Latency = 2> <II = 1> <Delay = 6.14> <FuncUnit> <Opcode : 'fadd' 'fsub'> <InPorts = 2> <OutPorts = 1>
ST_18 : Operation 211 [3/3] (6.14ns)   --->   "%min3 = fsub float %tmp_i_9, %tmp_10_i" [incircle.cpp:27->incircle.cpp:77]   --->   Operation 211 'fsub' 'min3' <Predicate = (!icmp_ln52)> <Delay = 6.14> <Core = "FAddSub">   --->   Core 105 'FAddSub' <Latency = 2> <II = 1> <Delay = 6.14> <FuncUnit> <Opcode : 'fadd' 'fsub'> <InPorts = 2> <OutPorts = 1>
ST_18 : Operation 212 [3/3] (6.14ns)   --->   "%da2da2_1 = fadd float %tmp_i1, %tmp_1_i1" [incircle.cpp:20->incircle.cpp:77]   --->   Operation 212 'fadd' 'da2da2_1' <Predicate = (!icmp_ln52)> <Delay = 6.14> <Core = "FAddSub">   --->   Core 105 'FAddSub' <Latency = 2> <II = 1> <Delay = 6.14> <FuncUnit> <Opcode : 'fadd' 'fsub'> <InPorts = 2> <OutPorts = 1>
ST_18 : Operation 213 [3/3] (6.14ns)   --->   "%db2db2_1 = fadd float %tmp_2_i1, %tmp_3_i1" [incircle.cpp:21->incircle.cpp:77]   --->   Operation 213 'fadd' 'db2db2_1' <Predicate = (!icmp_ln52)> <Delay = 6.14> <Core = "FAddSub">   --->   Core 105 'FAddSub' <Latency = 2> <II = 1> <Delay = 6.14> <FuncUnit> <Opcode : 'fadd' 'fsub'> <InPorts = 2> <OutPorts = 1>
ST_18 : Operation 214 [3/3] (6.14ns)   --->   "%dc2dc2_1 = fadd float %tmp_4_i1, %tmp_5_i1" [incircle.cpp:22->incircle.cpp:77]   --->   Operation 214 'fadd' 'dc2dc2_1' <Predicate = (!icmp_ln52)> <Delay = 6.14> <Core = "FAddSub">   --->   Core 105 'FAddSub' <Latency = 2> <II = 1> <Delay = 6.14> <FuncUnit> <Opcode : 'fadd' 'fsub'> <InPorts = 2> <OutPorts = 1>
ST_18 : Operation 215 [3/3] (6.14ns)   --->   "%min1_1 = fsub float %tmp_6_i1, %tmp_7_i1" [incircle.cpp:25->incircle.cpp:77]   --->   Operation 215 'fsub' 'min1_1' <Predicate = (!icmp_ln52)> <Delay = 6.14> <Core = "FAddSub">   --->   Core 105 'FAddSub' <Latency = 2> <II = 1> <Delay = 6.14> <FuncUnit> <Opcode : 'fadd' 'fsub'> <InPorts = 2> <OutPorts = 1>
ST_18 : Operation 216 [3/3] (6.14ns)   --->   "%min2_1 = fsub float %tmp_8_i1, %tmp_9_i1" [incircle.cpp:26->incircle.cpp:77]   --->   Operation 216 'fsub' 'min2_1' <Predicate = (!icmp_ln52)> <Delay = 6.14> <Core = "FAddSub">   --->   Core 105 'FAddSub' <Latency = 2> <II = 1> <Delay = 6.14> <FuncUnit> <Opcode : 'fadd' 'fsub'> <InPorts = 2> <OutPorts = 1>
ST_18 : Operation 217 [3/3] (6.14ns)   --->   "%min3_1 = fsub float %tmp_i1_10, %tmp_10_i1" [incircle.cpp:27->incircle.cpp:77]   --->   Operation 217 'fsub' 'min3_1' <Predicate = (!icmp_ln52)> <Delay = 6.14> <Core = "FAddSub">   --->   Core 105 'FAddSub' <Latency = 2> <II = 1> <Delay = 6.14> <FuncUnit> <Opcode : 'fadd' 'fsub'> <InPorts = 2> <OutPorts = 1>

State 19 <SV = 18> <Delay = 6.14>
ST_19 : Operation 218 [2/3] (6.14ns)   --->   "%da2da2 = fadd float %tmp_i, %tmp_1_i" [incircle.cpp:20->incircle.cpp:77]   --->   Operation 218 'fadd' 'da2da2' <Predicate = (!icmp_ln52)> <Delay = 6.14> <Core = "FAddSub">   --->   Core 105 'FAddSub' <Latency = 2> <II = 1> <Delay = 6.14> <FuncUnit> <Opcode : 'fadd' 'fsub'> <InPorts = 2> <OutPorts = 1>
ST_19 : Operation 219 [2/3] (6.14ns)   --->   "%db2db2 = fadd float %tmp_2_i, %tmp_3_i" [incircle.cpp:21->incircle.cpp:77]   --->   Operation 219 'fadd' 'db2db2' <Predicate = (!icmp_ln52)> <Delay = 6.14> <Core = "FAddSub">   --->   Core 105 'FAddSub' <Latency = 2> <II = 1> <Delay = 6.14> <FuncUnit> <Opcode : 'fadd' 'fsub'> <InPorts = 2> <OutPorts = 1>
ST_19 : Operation 220 [2/3] (6.14ns)   --->   "%dc2dc2 = fadd float %tmp_4_i, %tmp_5_i" [incircle.cpp:22->incircle.cpp:77]   --->   Operation 220 'fadd' 'dc2dc2' <Predicate = (!icmp_ln52)> <Delay = 6.14> <Core = "FAddSub">   --->   Core 105 'FAddSub' <Latency = 2> <II = 1> <Delay = 6.14> <FuncUnit> <Opcode : 'fadd' 'fsub'> <InPorts = 2> <OutPorts = 1>
ST_19 : Operation 221 [2/3] (6.14ns)   --->   "%min1 = fsub float %tmp_6_i, %tmp_7_i" [incircle.cpp:25->incircle.cpp:77]   --->   Operation 221 'fsub' 'min1' <Predicate = (!icmp_ln52)> <Delay = 6.14> <Core = "FAddSub">   --->   Core 105 'FAddSub' <Latency = 2> <II = 1> <Delay = 6.14> <FuncUnit> <Opcode : 'fadd' 'fsub'> <InPorts = 2> <OutPorts = 1>
ST_19 : Operation 222 [2/3] (6.14ns)   --->   "%min2 = fsub float %tmp_8_i, %tmp_9_i" [incircle.cpp:26->incircle.cpp:77]   --->   Operation 222 'fsub' 'min2' <Predicate = (!icmp_ln52)> <Delay = 6.14> <Core = "FAddSub">   --->   Core 105 'FAddSub' <Latency = 2> <II = 1> <Delay = 6.14> <FuncUnit> <Opcode : 'fadd' 'fsub'> <InPorts = 2> <OutPorts = 1>
ST_19 : Operation 223 [2/3] (6.14ns)   --->   "%min3 = fsub float %tmp_i_9, %tmp_10_i" [incircle.cpp:27->incircle.cpp:77]   --->   Operation 223 'fsub' 'min3' <Predicate = (!icmp_ln52)> <Delay = 6.14> <Core = "FAddSub">   --->   Core 105 'FAddSub' <Latency = 2> <II = 1> <Delay = 6.14> <FuncUnit> <Opcode : 'fadd' 'fsub'> <InPorts = 2> <OutPorts = 1>
ST_19 : Operation 224 [2/3] (6.14ns)   --->   "%da2da2_1 = fadd float %tmp_i1, %tmp_1_i1" [incircle.cpp:20->incircle.cpp:77]   --->   Operation 224 'fadd' 'da2da2_1' <Predicate = (!icmp_ln52)> <Delay = 6.14> <Core = "FAddSub">   --->   Core 105 'FAddSub' <Latency = 2> <II = 1> <Delay = 6.14> <FuncUnit> <Opcode : 'fadd' 'fsub'> <InPorts = 2> <OutPorts = 1>
ST_19 : Operation 225 [2/3] (6.14ns)   --->   "%db2db2_1 = fadd float %tmp_2_i1, %tmp_3_i1" [incircle.cpp:21->incircle.cpp:77]   --->   Operation 225 'fadd' 'db2db2_1' <Predicate = (!icmp_ln52)> <Delay = 6.14> <Core = "FAddSub">   --->   Core 105 'FAddSub' <Latency = 2> <II = 1> <Delay = 6.14> <FuncUnit> <Opcode : 'fadd' 'fsub'> <InPorts = 2> <OutPorts = 1>
ST_19 : Operation 226 [2/3] (6.14ns)   --->   "%dc2dc2_1 = fadd float %tmp_4_i1, %tmp_5_i1" [incircle.cpp:22->incircle.cpp:77]   --->   Operation 226 'fadd' 'dc2dc2_1' <Predicate = (!icmp_ln52)> <Delay = 6.14> <Core = "FAddSub">   --->   Core 105 'FAddSub' <Latency = 2> <II = 1> <Delay = 6.14> <FuncUnit> <Opcode : 'fadd' 'fsub'> <InPorts = 2> <OutPorts = 1>
ST_19 : Operation 227 [2/3] (6.14ns)   --->   "%min1_1 = fsub float %tmp_6_i1, %tmp_7_i1" [incircle.cpp:25->incircle.cpp:77]   --->   Operation 227 'fsub' 'min1_1' <Predicate = (!icmp_ln52)> <Delay = 6.14> <Core = "FAddSub">   --->   Core 105 'FAddSub' <Latency = 2> <II = 1> <Delay = 6.14> <FuncUnit> <Opcode : 'fadd' 'fsub'> <InPorts = 2> <OutPorts = 1>
ST_19 : Operation 228 [2/3] (6.14ns)   --->   "%min2_1 = fsub float %tmp_8_i1, %tmp_9_i1" [incircle.cpp:26->incircle.cpp:77]   --->   Operation 228 'fsub' 'min2_1' <Predicate = (!icmp_ln52)> <Delay = 6.14> <Core = "FAddSub">   --->   Core 105 'FAddSub' <Latency = 2> <II = 1> <Delay = 6.14> <FuncUnit> <Opcode : 'fadd' 'fsub'> <InPorts = 2> <OutPorts = 1>
ST_19 : Operation 229 [2/3] (6.14ns)   --->   "%min3_1 = fsub float %tmp_i1_10, %tmp_10_i1" [incircle.cpp:27->incircle.cpp:77]   --->   Operation 229 'fsub' 'min3_1' <Predicate = (!icmp_ln52)> <Delay = 6.14> <Core = "FAddSub">   --->   Core 105 'FAddSub' <Latency = 2> <II = 1> <Delay = 6.14> <FuncUnit> <Opcode : 'fadd' 'fsub'> <InPorts = 2> <OutPorts = 1>

State 20 <SV = 19> <Delay = 6.14>
ST_20 : Operation 230 [1/3] (6.14ns)   --->   "%da2da2 = fadd float %tmp_i, %tmp_1_i" [incircle.cpp:20->incircle.cpp:77]   --->   Operation 230 'fadd' 'da2da2' <Predicate = (!icmp_ln52)> <Delay = 6.14> <Core = "FAddSub">   --->   Core 105 'FAddSub' <Latency = 2> <II = 1> <Delay = 6.14> <FuncUnit> <Opcode : 'fadd' 'fsub'> <InPorts = 2> <OutPorts = 1>
ST_20 : Operation 231 [1/3] (6.14ns)   --->   "%db2db2 = fadd float %tmp_2_i, %tmp_3_i" [incircle.cpp:21->incircle.cpp:77]   --->   Operation 231 'fadd' 'db2db2' <Predicate = (!icmp_ln52)> <Delay = 6.14> <Core = "FAddSub">   --->   Core 105 'FAddSub' <Latency = 2> <II = 1> <Delay = 6.14> <FuncUnit> <Opcode : 'fadd' 'fsub'> <InPorts = 2> <OutPorts = 1>
ST_20 : Operation 232 [1/3] (6.14ns)   --->   "%dc2dc2 = fadd float %tmp_4_i, %tmp_5_i" [incircle.cpp:22->incircle.cpp:77]   --->   Operation 232 'fadd' 'dc2dc2' <Predicate = (!icmp_ln52)> <Delay = 6.14> <Core = "FAddSub">   --->   Core 105 'FAddSub' <Latency = 2> <II = 1> <Delay = 6.14> <FuncUnit> <Opcode : 'fadd' 'fsub'> <InPorts = 2> <OutPorts = 1>
ST_20 : Operation 233 [1/3] (6.14ns)   --->   "%min1 = fsub float %tmp_6_i, %tmp_7_i" [incircle.cpp:25->incircle.cpp:77]   --->   Operation 233 'fsub' 'min1' <Predicate = (!icmp_ln52)> <Delay = 6.14> <Core = "FAddSub">   --->   Core 105 'FAddSub' <Latency = 2> <II = 1> <Delay = 6.14> <FuncUnit> <Opcode : 'fadd' 'fsub'> <InPorts = 2> <OutPorts = 1>
ST_20 : Operation 234 [1/3] (6.14ns)   --->   "%min2 = fsub float %tmp_8_i, %tmp_9_i" [incircle.cpp:26->incircle.cpp:77]   --->   Operation 234 'fsub' 'min2' <Predicate = (!icmp_ln52)> <Delay = 6.14> <Core = "FAddSub">   --->   Core 105 'FAddSub' <Latency = 2> <II = 1> <Delay = 6.14> <FuncUnit> <Opcode : 'fadd' 'fsub'> <InPorts = 2> <OutPorts = 1>
ST_20 : Operation 235 [1/3] (6.14ns)   --->   "%min3 = fsub float %tmp_i_9, %tmp_10_i" [incircle.cpp:27->incircle.cpp:77]   --->   Operation 235 'fsub' 'min3' <Predicate = (!icmp_ln52)> <Delay = 6.14> <Core = "FAddSub">   --->   Core 105 'FAddSub' <Latency = 2> <II = 1> <Delay = 6.14> <FuncUnit> <Opcode : 'fadd' 'fsub'> <InPorts = 2> <OutPorts = 1>
ST_20 : Operation 236 [1/3] (6.14ns)   --->   "%da2da2_1 = fadd float %tmp_i1, %tmp_1_i1" [incircle.cpp:20->incircle.cpp:77]   --->   Operation 236 'fadd' 'da2da2_1' <Predicate = (!icmp_ln52)> <Delay = 6.14> <Core = "FAddSub">   --->   Core 105 'FAddSub' <Latency = 2> <II = 1> <Delay = 6.14> <FuncUnit> <Opcode : 'fadd' 'fsub'> <InPorts = 2> <OutPorts = 1>
ST_20 : Operation 237 [1/3] (6.14ns)   --->   "%db2db2_1 = fadd float %tmp_2_i1, %tmp_3_i1" [incircle.cpp:21->incircle.cpp:77]   --->   Operation 237 'fadd' 'db2db2_1' <Predicate = (!icmp_ln52)> <Delay = 6.14> <Core = "FAddSub">   --->   Core 105 'FAddSub' <Latency = 2> <II = 1> <Delay = 6.14> <FuncUnit> <Opcode : 'fadd' 'fsub'> <InPorts = 2> <OutPorts = 1>
ST_20 : Operation 238 [1/3] (6.14ns)   --->   "%dc2dc2_1 = fadd float %tmp_4_i1, %tmp_5_i1" [incircle.cpp:22->incircle.cpp:77]   --->   Operation 238 'fadd' 'dc2dc2_1' <Predicate = (!icmp_ln52)> <Delay = 6.14> <Core = "FAddSub">   --->   Core 105 'FAddSub' <Latency = 2> <II = 1> <Delay = 6.14> <FuncUnit> <Opcode : 'fadd' 'fsub'> <InPorts = 2> <OutPorts = 1>
ST_20 : Operation 239 [1/3] (6.14ns)   --->   "%min1_1 = fsub float %tmp_6_i1, %tmp_7_i1" [incircle.cpp:25->incircle.cpp:77]   --->   Operation 239 'fsub' 'min1_1' <Predicate = (!icmp_ln52)> <Delay = 6.14> <Core = "FAddSub">   --->   Core 105 'FAddSub' <Latency = 2> <II = 1> <Delay = 6.14> <FuncUnit> <Opcode : 'fadd' 'fsub'> <InPorts = 2> <OutPorts = 1>
ST_20 : Operation 240 [1/3] (6.14ns)   --->   "%min2_1 = fsub float %tmp_8_i1, %tmp_9_i1" [incircle.cpp:26->incircle.cpp:77]   --->   Operation 240 'fsub' 'min2_1' <Predicate = (!icmp_ln52)> <Delay = 6.14> <Core = "FAddSub">   --->   Core 105 'FAddSub' <Latency = 2> <II = 1> <Delay = 6.14> <FuncUnit> <Opcode : 'fadd' 'fsub'> <InPorts = 2> <OutPorts = 1>
ST_20 : Operation 241 [1/3] (6.14ns)   --->   "%min3_1 = fsub float %tmp_i1_10, %tmp_10_i1" [incircle.cpp:27->incircle.cpp:77]   --->   Operation 241 'fsub' 'min3_1' <Predicate = (!icmp_ln52)> <Delay = 6.14> <Core = "FAddSub">   --->   Core 105 'FAddSub' <Latency = 2> <II = 1> <Delay = 6.14> <FuncUnit> <Opcode : 'fadd' 'fsub'> <InPorts = 2> <OutPorts = 1>

State 21 <SV = 20> <Delay = 4.90>
ST_21 : Operation 242 [2/2] (4.90ns)   --->   "%tmp_11_i = fmul float %da2da2, %min1" [incircle.cpp:29->incircle.cpp:77]   --->   Operation 242 'fmul' 'tmp_11_i' <Predicate = (!icmp_ln52)> <Delay = 4.90> <Core = "FMul">   --->   Core 106 'FMul' <Latency = 1> <II = 1> <Delay = 4.90> <FuncUnit> <Opcode : 'fmul'> <InPorts = 2> <OutPorts = 1>
ST_21 : Operation 243 [2/2] (4.90ns)   --->   "%tmp_12_i = fmul float %db2db2, %min2" [incircle.cpp:29->incircle.cpp:77]   --->   Operation 243 'fmul' 'tmp_12_i' <Predicate = (!icmp_ln52)> <Delay = 4.90> <Core = "FMul">   --->   Core 106 'FMul' <Latency = 1> <II = 1> <Delay = 4.90> <FuncUnit> <Opcode : 'fmul'> <InPorts = 2> <OutPorts = 1>
ST_21 : Operation 244 [2/2] (4.90ns)   --->   "%tmp_14_i = fmul float %dc2dc2, %min3" [incircle.cpp:29->incircle.cpp:77]   --->   Operation 244 'fmul' 'tmp_14_i' <Predicate = (!icmp_ln52)> <Delay = 4.90> <Core = "FMul">   --->   Core 106 'FMul' <Latency = 1> <II = 1> <Delay = 4.90> <FuncUnit> <Opcode : 'fmul'> <InPorts = 2> <OutPorts = 1>
ST_21 : Operation 245 [2/2] (4.90ns)   --->   "%tmp_11_i1 = fmul float %da2da2_1, %min1_1" [incircle.cpp:29->incircle.cpp:77]   --->   Operation 245 'fmul' 'tmp_11_i1' <Predicate = (!icmp_ln52)> <Delay = 4.90> <Core = "FMul">   --->   Core 106 'FMul' <Latency = 1> <II = 1> <Delay = 4.90> <FuncUnit> <Opcode : 'fmul'> <InPorts = 2> <OutPorts = 1>
ST_21 : Operation 246 [2/2] (4.90ns)   --->   "%tmp_12_i1 = fmul float %db2db2_1, %min2_1" [incircle.cpp:29->incircle.cpp:77]   --->   Operation 246 'fmul' 'tmp_12_i1' <Predicate = (!icmp_ln52)> <Delay = 4.90> <Core = "FMul">   --->   Core 106 'FMul' <Latency = 1> <II = 1> <Delay = 4.90> <FuncUnit> <Opcode : 'fmul'> <InPorts = 2> <OutPorts = 1>
ST_21 : Operation 247 [2/2] (4.90ns)   --->   "%tmp_14_i1 = fmul float %dc2dc2_1, %min3_1" [incircle.cpp:29->incircle.cpp:77]   --->   Operation 247 'fmul' 'tmp_14_i1' <Predicate = (!icmp_ln52)> <Delay = 4.90> <Core = "FMul">   --->   Core 106 'FMul' <Latency = 1> <II = 1> <Delay = 4.90> <FuncUnit> <Opcode : 'fmul'> <InPorts = 2> <OutPorts = 1>

State 22 <SV = 21> <Delay = 4.90>
ST_22 : Operation 248 [1/2] (4.90ns)   --->   "%tmp_11_i = fmul float %da2da2, %min1" [incircle.cpp:29->incircle.cpp:77]   --->   Operation 248 'fmul' 'tmp_11_i' <Predicate = (!icmp_ln52)> <Delay = 4.90> <Core = "FMul">   --->   Core 106 'FMul' <Latency = 1> <II = 1> <Delay = 4.90> <FuncUnit> <Opcode : 'fmul'> <InPorts = 2> <OutPorts = 1>
ST_22 : Operation 249 [1/2] (4.90ns)   --->   "%tmp_12_i = fmul float %db2db2, %min2" [incircle.cpp:29->incircle.cpp:77]   --->   Operation 249 'fmul' 'tmp_12_i' <Predicate = (!icmp_ln52)> <Delay = 4.90> <Core = "FMul">   --->   Core 106 'FMul' <Latency = 1> <II = 1> <Delay = 4.90> <FuncUnit> <Opcode : 'fmul'> <InPorts = 2> <OutPorts = 1>
ST_22 : Operation 250 [1/2] (4.90ns)   --->   "%tmp_14_i = fmul float %dc2dc2, %min3" [incircle.cpp:29->incircle.cpp:77]   --->   Operation 250 'fmul' 'tmp_14_i' <Predicate = (!icmp_ln52)> <Delay = 4.90> <Core = "FMul">   --->   Core 106 'FMul' <Latency = 1> <II = 1> <Delay = 4.90> <FuncUnit> <Opcode : 'fmul'> <InPorts = 2> <OutPorts = 1>
ST_22 : Operation 251 [1/2] (4.90ns)   --->   "%tmp_11_i1 = fmul float %da2da2_1, %min1_1" [incircle.cpp:29->incircle.cpp:77]   --->   Operation 251 'fmul' 'tmp_11_i1' <Predicate = (!icmp_ln52)> <Delay = 4.90> <Core = "FMul">   --->   Core 106 'FMul' <Latency = 1> <II = 1> <Delay = 4.90> <FuncUnit> <Opcode : 'fmul'> <InPorts = 2> <OutPorts = 1>
ST_22 : Operation 252 [1/2] (4.90ns)   --->   "%tmp_12_i1 = fmul float %db2db2_1, %min2_1" [incircle.cpp:29->incircle.cpp:77]   --->   Operation 252 'fmul' 'tmp_12_i1' <Predicate = (!icmp_ln52)> <Delay = 4.90> <Core = "FMul">   --->   Core 106 'FMul' <Latency = 1> <II = 1> <Delay = 4.90> <FuncUnit> <Opcode : 'fmul'> <InPorts = 2> <OutPorts = 1>
ST_22 : Operation 253 [1/2] (4.90ns)   --->   "%tmp_14_i1 = fmul float %dc2dc2_1, %min3_1" [incircle.cpp:29->incircle.cpp:77]   --->   Operation 253 'fmul' 'tmp_14_i1' <Predicate = (!icmp_ln52)> <Delay = 4.90> <Core = "FMul">   --->   Core 106 'FMul' <Latency = 1> <II = 1> <Delay = 4.90> <FuncUnit> <Opcode : 'fmul'> <InPorts = 2> <OutPorts = 1>

State 23 <SV = 22> <Delay = 6.14>
ST_23 : Operation 254 [3/3] (6.14ns)   --->   "%tmp_13_i = fsub float %tmp_11_i, %tmp_12_i" [incircle.cpp:29->incircle.cpp:77]   --->   Operation 254 'fsub' 'tmp_13_i' <Predicate = (!icmp_ln52)> <Delay = 6.14> <Core = "FAddSub">   --->   Core 105 'FAddSub' <Latency = 2> <II = 1> <Delay = 6.14> <FuncUnit> <Opcode : 'fadd' 'fsub'> <InPorts = 2> <OutPorts = 1>
ST_23 : Operation 255 [3/3] (6.14ns)   --->   "%tmp_13_i1 = fsub float %tmp_11_i1, %tmp_12_i1" [incircle.cpp:29->incircle.cpp:77]   --->   Operation 255 'fsub' 'tmp_13_i1' <Predicate = (!icmp_ln52)> <Delay = 6.14> <Core = "FAddSub">   --->   Core 105 'FAddSub' <Latency = 2> <II = 1> <Delay = 6.14> <FuncUnit> <Opcode : 'fadd' 'fsub'> <InPorts = 2> <OutPorts = 1>

State 24 <SV = 23> <Delay = 6.14>
ST_24 : Operation 256 [2/3] (6.14ns)   --->   "%tmp_13_i = fsub float %tmp_11_i, %tmp_12_i" [incircle.cpp:29->incircle.cpp:77]   --->   Operation 256 'fsub' 'tmp_13_i' <Predicate = (!icmp_ln52)> <Delay = 6.14> <Core = "FAddSub">   --->   Core 105 'FAddSub' <Latency = 2> <II = 1> <Delay = 6.14> <FuncUnit> <Opcode : 'fadd' 'fsub'> <InPorts = 2> <OutPorts = 1>
ST_24 : Operation 257 [2/3] (6.14ns)   --->   "%tmp_13_i1 = fsub float %tmp_11_i1, %tmp_12_i1" [incircle.cpp:29->incircle.cpp:77]   --->   Operation 257 'fsub' 'tmp_13_i1' <Predicate = (!icmp_ln52)> <Delay = 6.14> <Core = "FAddSub">   --->   Core 105 'FAddSub' <Latency = 2> <II = 1> <Delay = 6.14> <FuncUnit> <Opcode : 'fadd' 'fsub'> <InPorts = 2> <OutPorts = 1>

State 25 <SV = 24> <Delay = 6.14>
ST_25 : Operation 258 [1/3] (6.14ns)   --->   "%tmp_13_i = fsub float %tmp_11_i, %tmp_12_i" [incircle.cpp:29->incircle.cpp:77]   --->   Operation 258 'fsub' 'tmp_13_i' <Predicate = (!icmp_ln52)> <Delay = 6.14> <Core = "FAddSub">   --->   Core 105 'FAddSub' <Latency = 2> <II = 1> <Delay = 6.14> <FuncUnit> <Opcode : 'fadd' 'fsub'> <InPorts = 2> <OutPorts = 1>
ST_25 : Operation 259 [1/3] (6.14ns)   --->   "%tmp_13_i1 = fsub float %tmp_11_i1, %tmp_12_i1" [incircle.cpp:29->incircle.cpp:77]   --->   Operation 259 'fsub' 'tmp_13_i1' <Predicate = (!icmp_ln52)> <Delay = 6.14> <Core = "FAddSub">   --->   Core 105 'FAddSub' <Latency = 2> <II = 1> <Delay = 6.14> <FuncUnit> <Opcode : 'fadd' 'fsub'> <InPorts = 2> <OutPorts = 1>

State 26 <SV = 25> <Delay = 6.14>
ST_26 : Operation 260 [3/3] (6.14ns)   --->   "%det = fadd float %tmp_13_i, %tmp_14_i" [incircle.cpp:29->incircle.cpp:77]   --->   Operation 260 'fadd' 'det' <Predicate = (!icmp_ln52)> <Delay = 6.14> <Core = "FAddSub">   --->   Core 105 'FAddSub' <Latency = 2> <II = 1> <Delay = 6.14> <FuncUnit> <Opcode : 'fadd' 'fsub'> <InPorts = 2> <OutPorts = 1>
ST_26 : Operation 261 [3/3] (6.14ns)   --->   "%det_1 = fadd float %tmp_13_i1, %tmp_14_i1" [incircle.cpp:29->incircle.cpp:77]   --->   Operation 261 'fadd' 'det_1' <Predicate = (!icmp_ln52)> <Delay = 6.14> <Core = "FAddSub">   --->   Core 105 'FAddSub' <Latency = 2> <II = 1> <Delay = 6.14> <FuncUnit> <Opcode : 'fadd' 'fsub'> <InPorts = 2> <OutPorts = 1>

State 27 <SV = 26> <Delay = 6.14>
ST_27 : Operation 262 [2/3] (6.14ns)   --->   "%det = fadd float %tmp_13_i, %tmp_14_i" [incircle.cpp:29->incircle.cpp:77]   --->   Operation 262 'fadd' 'det' <Predicate = (!icmp_ln52)> <Delay = 6.14> <Core = "FAddSub">   --->   Core 105 'FAddSub' <Latency = 2> <II = 1> <Delay = 6.14> <FuncUnit> <Opcode : 'fadd' 'fsub'> <InPorts = 2> <OutPorts = 1>
ST_27 : Operation 263 [2/3] (6.14ns)   --->   "%det_1 = fadd float %tmp_13_i1, %tmp_14_i1" [incircle.cpp:29->incircle.cpp:77]   --->   Operation 263 'fadd' 'det_1' <Predicate = (!icmp_ln52)> <Delay = 6.14> <Core = "FAddSub">   --->   Core 105 'FAddSub' <Latency = 2> <II = 1> <Delay = 6.14> <FuncUnit> <Opcode : 'fadd' 'fsub'> <InPorts = 2> <OutPorts = 1>

State 28 <SV = 27> <Delay = 7.30>
ST_28 : Operation 264 [1/1] (7.30ns)   --->   "%p_Val2_1 = call i64 @_ssdm_op_Read.m_axi.i64P(i64* %gmem0_addr)" [incircle.cpp:57]   --->   Operation 264 'read' 'p_Val2_1' <Predicate = (!icmp_ln52)> <Delay = 7.30> <Core = "m_axi">   --->   Core 9 'm_axi' <Latency = 6> <II = 1> <Delay = 1.00> <Adapter> <Opcode : 'read' 'write' 'readreq' 'writereq' 'writeresp'>
ST_28 : Operation 265 [1/1] (0.00ns)   --->   "%state_0_V = trunc i64 %p_Val2_1 to i32" [incircle.cpp:71]   --->   Operation 265 'trunc' 'state_0_V' <Predicate = (!icmp_ln52)> <Delay = 0.00>
ST_28 : Operation 266 [1/1] (0.00ns)   --->   "%state_1_V = call i32 @_ssdm_op_PartSelect.i32.i64.i32.i32(i64 %p_Val2_1, i32 32, i32 63)" [incircle.cpp:71]   --->   Operation 266 'partselect' 'state_1_V' <Predicate = (!icmp_ln52)> <Delay = 0.00>
ST_28 : Operation 267 [1/3] (6.14ns)   --->   "%det = fadd float %tmp_13_i, %tmp_14_i" [incircle.cpp:29->incircle.cpp:77]   --->   Operation 267 'fadd' 'det' <Predicate = (!icmp_ln52)> <Delay = 6.14> <Core = "FAddSub">   --->   Core 105 'FAddSub' <Latency = 2> <II = 1> <Delay = 6.14> <FuncUnit> <Opcode : 'fadd' 'fsub'> <InPorts = 2> <OutPorts = 1>
ST_28 : Operation 268 [1/3] (6.14ns)   --->   "%det_1 = fadd float %tmp_13_i1, %tmp_14_i1" [incircle.cpp:29->incircle.cpp:77]   --->   Operation 268 'fadd' 'det_1' <Predicate = (!icmp_ln52)> <Delay = 6.14> <Core = "FAddSub">   --->   Core 105 'FAddSub' <Latency = 2> <II = 1> <Delay = 6.14> <FuncUnit> <Opcode : 'fadd' 'fsub'> <InPorts = 2> <OutPorts = 1>

State 29 <SV = 28> <Delay = 7.09>
ST_29 : Operation 269 [1/1] (0.85ns)   --->   "%icmp_ln883 = icmp eq i32 %state_0_V, -1" [incircle.cpp:77]   --->   Operation 269 'icmp' 'icmp_ln883' <Predicate = (!icmp_ln52)> <Delay = 0.85> <Core = "Cmp">   --->   Core 25 'Cmp' <Latency = 0> <II = 1> <Delay = 0.75> <FuncUnit> <Opcode : 'icmp'> <InPorts = 2> <OutPorts = 1>
ST_29 : Operation 270 [1/1] (0.00ns)   --->   "%bitcast_ln30 = bitcast float %det to i32" [incircle.cpp:30->incircle.cpp:77]   --->   Operation 270 'bitcast' 'bitcast_ln30' <Predicate = (!icmp_ln52)> <Delay = 0.00>
ST_29 : Operation 271 [1/1] (0.00ns)   --->   "%tmp_1 = call i8 @_ssdm_op_PartSelect.i8.i32.i32.i32(i32 %bitcast_ln30, i32 23, i32 30)" [incircle.cpp:30->incircle.cpp:77]   --->   Operation 271 'partselect' 'tmp_1' <Predicate = (!icmp_ln52)> <Delay = 0.00>
ST_29 : Operation 272 [1/1] (0.00ns)   --->   "%trunc_ln30 = trunc i32 %bitcast_ln30 to i23" [incircle.cpp:30->incircle.cpp:77]   --->   Operation 272 'trunc' 'trunc_ln30' <Predicate = (!icmp_ln52)> <Delay = 0.00>
ST_29 : Operation 273 [1/1] (0.58ns)   --->   "%icmp_ln30 = icmp ne i8 %tmp_1, -1" [incircle.cpp:30->incircle.cpp:77]   --->   Operation 273 'icmp' 'icmp_ln30' <Predicate = (!icmp_ln52)> <Delay = 0.58> <Core = "Cmp">   --->   Core 25 'Cmp' <Latency = 0> <II = 1> <Delay = 0.75> <FuncUnit> <Opcode : 'icmp'> <InPorts = 2> <OutPorts = 1>
ST_29 : Operation 274 [1/1] (0.75ns)   --->   "%icmp_ln30_1 = icmp eq i23 %trunc_ln30, 0" [incircle.cpp:30->incircle.cpp:77]   --->   Operation 274 'icmp' 'icmp_ln30_1' <Predicate = (!icmp_ln52)> <Delay = 0.75> <Core = "Cmp">   --->   Core 25 'Cmp' <Latency = 0> <II = 1> <Delay = 0.75> <FuncUnit> <Opcode : 'icmp'> <InPorts = 2> <OutPorts = 1>
ST_29 : Operation 275 [1/1] (0.00ns) (grouped into LUT with out node v2_V)   --->   "%or_ln30 = or i1 %icmp_ln30_1, %icmp_ln30" [incircle.cpp:30->incircle.cpp:77]   --->   Operation 275 'or' 'or_ln30' <Predicate = (!icmp_ln52)> <Delay = 0.00> <Core = "LogicGate">   --->   Core 27 'LogicGate' <Latency = 0> <II = 1> <Delay = 0.12> <FuncUnit> <Opcode : 'and' 'or' 'xor'> <InPorts = 2> <OutPorts = 1>
ST_29 : Operation 276 [1/1] (6.87ns)   --->   "%tmp_2 = fcmp ogt float %det, 0.000000e+00" [incircle.cpp:30->incircle.cpp:77]   --->   Operation 276 'fcmp' 'tmp_2' <Predicate = (!icmp_ln52)> <Delay = 6.87> <Core = "FCmp">   --->   Core 111 'FCmp' <Latency = 0> <II = 1> <Delay = 6.87> <FuncUnit> <Opcode : 'fcmp'> <InPorts = 2> <OutPorts = 1>
ST_29 : Operation 277 [1/1] (0.00ns) (grouped into LUT with out node v2_V)   --->   "%and_ln30 = and i1 %or_ln30, %tmp_2" [incircle.cpp:30->incircle.cpp:77]   --->   Operation 277 'and' 'and_ln30' <Predicate = (!icmp_ln52)> <Delay = 0.00> <Core = "LogicGate">   --->   Core 27 'LogicGate' <Latency = 0> <II = 1> <Delay = 0.12> <FuncUnit> <Opcode : 'and' 'or' 'xor'> <InPorts = 2> <OutPorts = 1>
ST_29 : Operation 278 [1/1] (0.00ns) (grouped into LUT with out node v2_V)   --->   "%select_ln77 = select i1 %and_ln30, i32 %state_0_V, i32 -1" [incircle.cpp:77]   --->   Operation 278 'select' 'select_ln77' <Predicate = (!icmp_ln52)> <Delay = 0.00> <Core = "Sel">   --->   Core 26 'Sel' <Latency = 0> <II = 1> <Delay = 0.22> <FuncUnit> <Opcode : 'select'> <InPorts = 3> <OutPorts = 1>
ST_29 : Operation 279 [1/1] (0.22ns) (out node of the LUT)   --->   "%v2_V = select i1 %icmp_ln883, i32 -1, i32 %select_ln77" [incircle.cpp:77]   --->   Operation 279 'select' 'v2_V' <Predicate = (!icmp_ln52)> <Delay = 0.22> <Core = "Sel">   --->   Core 26 'Sel' <Latency = 0> <II = 1> <Delay = 0.22> <FuncUnit> <Opcode : 'select'> <InPorts = 3> <OutPorts = 1>
ST_29 : Operation 280 [1/1] (0.85ns)   --->   "%icmp_ln883_1 = icmp eq i32 %state_1_V, -1" [incircle.cpp:77]   --->   Operation 280 'icmp' 'icmp_ln883_1' <Predicate = (!icmp_ln52)> <Delay = 0.85> <Core = "Cmp">   --->   Core 25 'Cmp' <Latency = 0> <II = 1> <Delay = 0.75> <FuncUnit> <Opcode : 'icmp'> <InPorts = 2> <OutPorts = 1>
ST_29 : Operation 281 [1/1] (0.00ns)   --->   "%bitcast_ln30_1 = bitcast float %det_1 to i32" [incircle.cpp:30->incircle.cpp:77]   --->   Operation 281 'bitcast' 'bitcast_ln30_1' <Predicate = (!icmp_ln52)> <Delay = 0.00>
ST_29 : Operation 282 [1/1] (0.00ns)   --->   "%tmp_3 = call i8 @_ssdm_op_PartSelect.i8.i32.i32.i32(i32 %bitcast_ln30_1, i32 23, i32 30)" [incircle.cpp:30->incircle.cpp:77]   --->   Operation 282 'partselect' 'tmp_3' <Predicate = (!icmp_ln52)> <Delay = 0.00>
ST_29 : Operation 283 [1/1] (0.00ns)   --->   "%trunc_ln30_1 = trunc i32 %bitcast_ln30_1 to i23" [incircle.cpp:30->incircle.cpp:77]   --->   Operation 283 'trunc' 'trunc_ln30_1' <Predicate = (!icmp_ln52)> <Delay = 0.00>
ST_29 : Operation 284 [1/1] (0.58ns)   --->   "%icmp_ln30_2 = icmp ne i8 %tmp_3, -1" [incircle.cpp:30->incircle.cpp:77]   --->   Operation 284 'icmp' 'icmp_ln30_2' <Predicate = (!icmp_ln52)> <Delay = 0.58> <Core = "Cmp">   --->   Core 25 'Cmp' <Latency = 0> <II = 1> <Delay = 0.75> <FuncUnit> <Opcode : 'icmp'> <InPorts = 2> <OutPorts = 1>
ST_29 : Operation 285 [1/1] (0.75ns)   --->   "%icmp_ln30_3 = icmp eq i23 %trunc_ln30_1, 0" [incircle.cpp:30->incircle.cpp:77]   --->   Operation 285 'icmp' 'icmp_ln30_3' <Predicate = (!icmp_ln52)> <Delay = 0.75> <Core = "Cmp">   --->   Core 25 'Cmp' <Latency = 0> <II = 1> <Delay = 0.75> <FuncUnit> <Opcode : 'icmp'> <InPorts = 2> <OutPorts = 1>
ST_29 : Operation 286 [1/1] (0.00ns) (grouped into LUT with out node v1_V)   --->   "%or_ln30_1 = or i1 %icmp_ln30_3, %icmp_ln30_2" [incircle.cpp:30->incircle.cpp:77]   --->   Operation 286 'or' 'or_ln30_1' <Predicate = (!icmp_ln52)> <Delay = 0.00> <Core = "LogicGate">   --->   Core 27 'LogicGate' <Latency = 0> <II = 1> <Delay = 0.12> <FuncUnit> <Opcode : 'and' 'or' 'xor'> <InPorts = 2> <OutPorts = 1>
ST_29 : Operation 287 [1/1] (6.87ns)   --->   "%tmp_4 = fcmp ogt float %det_1, 0.000000e+00" [incircle.cpp:30->incircle.cpp:77]   --->   Operation 287 'fcmp' 'tmp_4' <Predicate = (!icmp_ln52)> <Delay = 6.87> <Core = "FCmp">   --->   Core 111 'FCmp' <Latency = 0> <II = 1> <Delay = 6.87> <FuncUnit> <Opcode : 'fcmp'> <InPorts = 2> <OutPorts = 1>
ST_29 : Operation 288 [1/1] (0.00ns) (grouped into LUT with out node v1_V)   --->   "%and_ln30_1 = and i1 %or_ln30_1, %tmp_4" [incircle.cpp:30->incircle.cpp:77]   --->   Operation 288 'and' 'and_ln30_1' <Predicate = (!icmp_ln52)> <Delay = 0.00> <Core = "LogicGate">   --->   Core 27 'LogicGate' <Latency = 0> <II = 1> <Delay = 0.12> <FuncUnit> <Opcode : 'and' 'or' 'xor'> <InPorts = 2> <OutPorts = 1>
ST_29 : Operation 289 [1/1] (0.00ns) (grouped into LUT with out node v1_V)   --->   "%select_ln77_1 = select i1 %and_ln30_1, i32 %state_1_V, i32 -1" [incircle.cpp:77]   --->   Operation 289 'select' 'select_ln77_1' <Predicate = (!icmp_ln52)> <Delay = 0.00> <Core = "Sel">   --->   Core 26 'Sel' <Latency = 0> <II = 1> <Delay = 0.22> <FuncUnit> <Opcode : 'select'> <InPorts = 3> <OutPorts = 1>
ST_29 : Operation 290 [1/1] (0.22ns) (out node of the LUT)   --->   "%v1_V = select i1 %icmp_ln883_1, i32 -1, i32 %select_ln77_1" [incircle.cpp:77]   --->   Operation 290 'select' 'v1_V' <Predicate = (!icmp_ln52)> <Delay = 0.22> <Core = "Sel">   --->   Core 26 'Sel' <Latency = 0> <II = 1> <Delay = 0.22> <FuncUnit> <Opcode : 'select'> <InPorts = 3> <OutPorts = 1>

State 30 <SV = 29> <Delay = 7.30>
ST_30 : Operation 291 [1/1] (0.00ns)   --->   "call void (...)* @_ssdm_op_SpecLoopName([9 x i8]* @p_str8) nounwind" [incircle.cpp:52]   --->   Operation 291 'specloopname' <Predicate = (!icmp_ln52)> <Delay = 0.00>
ST_30 : Operation 292 [1/1] (0.00ns)   --->   "%tmp = call i32 (...)* @_ssdm_op_SpecRegionBegin([9 x i8]* @p_str8)" [incircle.cpp:52]   --->   Operation 292 'specregionbegin' 'tmp' <Predicate = (!icmp_ln52)> <Delay = 0.00>
ST_30 : Operation 293 [1/1] (0.00ns)   --->   "call void (...)* @_ssdm_op_SpecPipeline(i32 -1, i32 1, i32 1, i32 0, [1 x i8]* @p_str1) nounwind" [incircle.cpp:54]   --->   Operation 293 'specpipeline' <Predicate = (!icmp_ln52)> <Delay = 0.00>
ST_30 : Operation 294 [1/1] (0.00ns)   --->   "%p_Result_s = call i64 @_ssdm_op_BitConcatenate.i64.i32.i32(i32 %v1_V, i32 %v2_V)" [incircle.cpp:83]   --->   Operation 294 'bitconcatenate' 'p_Result_s' <Predicate = (!icmp_ln52)> <Delay = 0.00>
ST_30 : Operation 295 [1/1] (7.30ns)   --->   "call void @_ssdm_op_Write.m_axi.i64P(i64* %gmem0_addr, i64 %p_Result_s, i8 -1)" [incircle.cpp:84]   --->   Operation 295 'write' <Predicate = (!icmp_ln52)> <Delay = 7.30> <Core = "m_axi">   --->   Core 9 'm_axi' <Latency = 6> <II = 1> <Delay = 1.00> <Adapter> <Opcode : 'read' 'write' 'readreq' 'writereq' 'writeresp'>
ST_30 : Operation 296 [1/1] (0.00ns)   --->   "%empty_11 = call i32 (...)* @_ssdm_op_SpecRegionEnd([9 x i8]* @p_str8, i32 %tmp)" [incircle.cpp:85]   --->   Operation 296 'specregionend' 'empty_11' <Predicate = (!icmp_ln52)> <Delay = 0.00>
ST_30 : Operation 297 [1/1] (0.00ns)   --->   "br label %0" [incircle.cpp:52]   --->   Operation 297 'br' <Predicate = (!icmp_ln52)> <Delay = 0.00>

State 31 <SV = 9> <Delay = 7.30>
ST_31 : Operation 298 [5/5] (7.30ns)   --->   "%p_wr_resp = call i1 @_ssdm_op_WriteResp.m_axi.i64P(i64* %gmem0_addr)" [incircle.cpp:84]   --->   Operation 298 'writeresp' 'p_wr_resp' <Predicate = true> <Delay = 7.30> <Core = "m_axi">   --->   Core 9 'm_axi' <Latency = 6> <II = 1> <Delay = 1.00> <Adapter> <Opcode : 'read' 'write' 'readreq' 'writereq' 'writeresp'>

State 32 <SV = 10> <Delay = 7.30>
ST_32 : Operation 299 [4/5] (7.30ns)   --->   "%p_wr_resp = call i1 @_ssdm_op_WriteResp.m_axi.i64P(i64* %gmem0_addr)" [incircle.cpp:84]   --->   Operation 299 'writeresp' 'p_wr_resp' <Predicate = true> <Delay = 7.30> <Core = "m_axi">   --->   Core 9 'm_axi' <Latency = 6> <II = 1> <Delay = 1.00> <Adapter> <Opcode : 'read' 'write' 'readreq' 'writereq' 'writeresp'>

State 33 <SV = 11> <Delay = 7.30>
ST_33 : Operation 300 [3/5] (7.30ns)   --->   "%p_wr_resp = call i1 @_ssdm_op_WriteResp.m_axi.i64P(i64* %gmem0_addr)" [incircle.cpp:84]   --->   Operation 300 'writeresp' 'p_wr_resp' <Predicate = true> <Delay = 7.30> <Core = "m_axi">   --->   Core 9 'm_axi' <Latency = 6> <II = 1> <Delay = 1.00> <Adapter> <Opcode : 'read' 'write' 'readreq' 'writereq' 'writeresp'>

State 34 <SV = 12> <Delay = 7.30>
ST_34 : Operation 301 [2/5] (7.30ns)   --->   "%p_wr_resp = call i1 @_ssdm_op_WriteResp.m_axi.i64P(i64* %gmem0_addr)" [incircle.cpp:84]   --->   Operation 301 'writeresp' 'p_wr_resp' <Predicate = true> <Delay = 7.30> <Core = "m_axi">   --->   Core 9 'm_axi' <Latency = 6> <II = 1> <Delay = 1.00> <Adapter> <Opcode : 'read' 'write' 'readreq' 'writereq' 'writeresp'>

State 35 <SV = 13> <Delay = 7.30>
ST_35 : Operation 302 [1/5] (7.30ns)   --->   "%p_wr_resp = call i1 @_ssdm_op_WriteResp.m_axi.i64P(i64* %gmem0_addr)" [incircle.cpp:84]   --->   Operation 302 'writeresp' 'p_wr_resp' <Predicate = true> <Delay = 7.30> <Core = "m_axi">   --->   Core 9 'm_axi' <Latency = 6> <II = 1> <Delay = 1.00> <Adapter> <Opcode : 'read' 'write' 'readreq' 'writereq' 'writeresp'>
ST_35 : Operation 303 [1/1] (0.00ns)   --->   "ret void" [incircle.cpp:87]   --->   Operation 303 'ret' <Predicate = true> <Delay = 0.00>


============================================================
+ Verbose Summary: Timing violations
============================================================
Target clock period: 10ns, clock uncertainty: 2.7ns.

 <State 1>: 1ns
The critical path consists of the following:
	s_axi read on port 'instate_V' [5]  (1 ns)

 <State 2>: 7.3ns
The critical path consists of the following:
	'getelementptr' operation ('gmem1_addr') [10]  (0 ns)
	bus request on port 'gmem1' (incircle.cpp:56) [19]  (7.3 ns)

 <State 3>: 7.3ns
The critical path consists of the following:
	bus request on port 'gmem1' (incircle.cpp:56) [19]  (7.3 ns)

 <State 4>: 7.3ns
The critical path consists of the following:
	bus request on port 'gmem1' (incircle.cpp:56) [19]  (7.3 ns)

 <State 5>: 7.3ns
The critical path consists of the following:
	bus request on port 'gmem1' (incircle.cpp:56) [19]  (7.3 ns)

 <State 6>: 7.3ns
The critical path consists of the following:
	bus request on port 'gmem1' (incircle.cpp:56) [19]  (7.3 ns)

 <State 7>: 7.3ns
The critical path consists of the following:
	bus request on port 'gmem1' (incircle.cpp:56) [19]  (7.3 ns)

 <State 8>: 7.3ns
The critical path consists of the following:
	bus request on port 'gmem1' (incircle.cpp:56) [19]  (7.3 ns)

 <State 9>: 0.656ns
The critical path consists of the following:
	'phi' operation ('i') with incoming values : ('i', incircle.cpp:52) [26]  (0 ns)
	'icmp' operation ('icmp_ln52', incircle.cpp:52) [27]  (0.656 ns)

 <State 10>: 7.3ns
The critical path consists of the following:
	bus read on port 'gmem1' (incircle.cpp:56) [35]  (7.3 ns)

 <State 11>: 4.35ns
The critical path consists of the following:
	'uitofp' operation ('data[0][0]', incircle.cpp:64) [38]  (4.35 ns)

 <State 12>: 4.35ns
The critical path consists of the following:
	'uitofp' operation ('data[0][0]', incircle.cpp:64) [38]  (4.35 ns)

 <State 13>: 6.15ns
The critical path consists of the following:
	'fsub' operation ('xda', incircle.cpp:14->incircle.cpp:77) [72]  (6.15 ns)

 <State 14>: 6.15ns
The critical path consists of the following:
	'fsub' operation ('xda', incircle.cpp:14->incircle.cpp:77) [72]  (6.15 ns)

 <State 15>: 6.15ns
The critical path consists of the following:
	'fsub' operation ('xda', incircle.cpp:14->incircle.cpp:77) [72]  (6.15 ns)

 <State 16>: 4.9ns
The critical path consists of the following:
	'fmul' operation ('tmp_i', incircle.cpp:20->incircle.cpp:77) [78]  (4.9 ns)

 <State 17>: 4.9ns
The critical path consists of the following:
	'fmul' operation ('tmp_i', incircle.cpp:20->incircle.cpp:77) [78]  (4.9 ns)

 <State 18>: 6.15ns
The critical path consists of the following:
	'fadd' operation ('da2da2', incircle.cpp:20->incircle.cpp:77) [80]  (6.15 ns)

 <State 19>: 6.15ns
The critical path consists of the following:
	'fadd' operation ('da2da2', incircle.cpp:20->incircle.cpp:77) [80]  (6.15 ns)

 <State 20>: 6.15ns
The critical path consists of the following:
	'fadd' operation ('da2da2', incircle.cpp:20->incircle.cpp:77) [80]  (6.15 ns)

 <State 21>: 4.9ns
The critical path consists of the following:
	'fmul' operation ('tmp_11_i', incircle.cpp:29->incircle.cpp:77) [96]  (4.9 ns)

 <State 22>: 4.9ns
The critical path consists of the following:
	'fmul' operation ('tmp_11_i', incircle.cpp:29->incircle.cpp:77) [96]  (4.9 ns)

 <State 23>: 6.15ns
The critical path consists of the following:
	'fsub' operation ('tmp_13_i', incircle.cpp:29->incircle.cpp:77) [98]  (6.15 ns)

 <State 24>: 6.15ns
The critical path consists of the following:
	'fsub' operation ('tmp_13_i', incircle.cpp:29->incircle.cpp:77) [98]  (6.15 ns)

 <State 25>: 6.15ns
The critical path consists of the following:
	'fsub' operation ('tmp_13_i', incircle.cpp:29->incircle.cpp:77) [98]  (6.15 ns)

 <State 26>: 6.15ns
The critical path consists of the following:
	'fadd' operation ('det', incircle.cpp:29->incircle.cpp:77) [100]  (6.15 ns)

 <State 27>: 6.15ns
The critical path consists of the following:
	'fadd' operation ('det', incircle.cpp:29->incircle.cpp:77) [100]  (6.15 ns)

 <State 28>: 7.3ns
The critical path consists of the following:
	bus read on port 'gmem0' (incircle.cpp:57) [36]  (7.3 ns)

 <State 29>: 7.1ns
The critical path consists of the following:
	'fcmp' operation ('tmp_2', incircle.cpp:30->incircle.cpp:77) [107]  (6.87 ns)
	'and' operation ('and_ln30', incircle.cpp:30->incircle.cpp:77) [108]  (0 ns)
	'select' operation ('select_ln77', incircle.cpp:77) [109]  (0 ns)
	'select' operation ('v2.V', incircle.cpp:77) [110]  (0.227 ns)

 <State 30>: 7.3ns
The critical path consists of the following:
	bus write on port 'gmem0' (incircle.cpp:84) [152]  (7.3 ns)

 <State 31>: 7.3ns
The critical path consists of the following:
	bus access on port 'gmem0' (incircle.cpp:84) [156]  (7.3 ns)

 <State 32>: 7.3ns
The critical path consists of the following:
	bus access on port 'gmem0' (incircle.cpp:84) [156]  (7.3 ns)

 <State 33>: 7.3ns
The critical path consists of the following:
	bus access on port 'gmem0' (incircle.cpp:84) [156]  (7.3 ns)

 <State 34>: 7.3ns
The critical path consists of the following:
	bus access on port 'gmem0' (incircle.cpp:84) [156]  (7.3 ns)

 <State 35>: 7.3ns
The critical path consists of the following:
	bus access on port 'gmem0' (incircle.cpp:84) [156]  (7.3 ns)


============================================================
+ Verbose Summary: Binding
============================================================
N/A
* FSMD analyzer results:
  - Output states:
 - Input state : 
  - Chain level:
	State 1
	State 2
	State 3
	State 4
	State 5
	State 6
	State 7
	State 8
	State 9
	State 10
	State 11
	State 12
	State 13
	State 14
	State 15
	State 16
	State 17
	State 18
	State 19
	State 20
	State 21
	State 22
	State 23
	State 24
	State 25
	State 26
	State 27
	State 28
	State 29
	State 30
	State 31
	State 32
	State 33
	State 34
	State 35


============================================================
+ Verbose Summary: Datapath Resource usage 
============================================================
N/A
